Archive member included because of file (symbol)

/mnt/9A68FEAD68FE8773/ksdk/lib/ksdk_platform_lib/kds/KL25Z4/debug/libksdk_platform.a(fsl_uart_hal.o)
                              ./Sources/fsl_debug_console.o (UART_HAL_SetBaudRate)
/mnt/9A68FEAD68FE8773/ksdk/lib/ksdk_platform_lib/kds/KL25Z4/debug/libksdk_platform.a(fsl_lptmr_driver.o)
                              ./Sources/Util/tc_hal.o (LPTMR_DRV_Init)
/mnt/9A68FEAD68FE8773/ksdk/lib/ksdk_platform_lib/kds/KL25Z4/debug/libksdk_platform.a(fsl_lpsci_hal.o)
                              ./Sources/fsl_debug_console.o (LPSCI_HAL_SetBaudRate)
/mnt/9A68FEAD68FE8773/ksdk/lib/ksdk_platform_lib/kds/KL25Z4/debug/libksdk_platform.a(fsl_gpio_hal.o)
                              ./Sources/Util/tc_hal.o (GPIO_HAL_SetPinDir)
/mnt/9A68FEAD68FE8773/ksdk/lib/ksdk_platform_lib/kds/KL25Z4/debug/libksdk_platform.a(fsl_clock_MKL25Z4.o)
                              ./Sources/Mcg/mcg_hal.o (CLOCK_SYS_SetConfiguration)
/mnt/9A68FEAD68FE8773/ksdk/lib/ksdk_platform_lib/kds/KL25Z4/debug/libksdk_platform.a(fsl_clock_manager.o)
                              /mnt/9A68FEAD68FE8773/ksdk/lib/ksdk_platform_lib/kds/KL25Z4/debug/libksdk_platform.a(fsl_clock_MKL25Z4.o) (CLOCK_SYS_GetSystickFreq)
/mnt/9A68FEAD68FE8773/ksdk/lib/ksdk_platform_lib/kds/KL25Z4/debug/libksdk_platform.a(fsl_clock_manager_common.o)
                              /mnt/9A68FEAD68FE8773/ksdk/lib/ksdk_platform_lib/kds/KL25Z4/debug/libksdk_platform.a(fsl_clock_MKL25Z4.o) (g_oscBase)
/mnt/9A68FEAD68FE8773/ksdk/lib/ksdk_platform_lib/kds/KL25Z4/debug/libksdk_platform.a(fsl_os_abstraction_bm.o)
                              /mnt/9A68FEAD68FE8773/ksdk/lib/ksdk_platform_lib/kds/KL25Z4/debug/libksdk_platform.a(fsl_clock_manager.o) (OSA_EnterCritical)
/mnt/9A68FEAD68FE8773/ksdk/lib/ksdk_platform_lib/kds/KL25Z4/debug/libksdk_platform.a(fsl_sim_hal_MKL25Z4.o)
                              /mnt/9A68FEAD68FE8773/ksdk/lib/ksdk_platform_lib/kds/KL25Z4/debug/libksdk_platform.a(fsl_clock_MKL25Z4.o) (CLOCK_HAL_SetOutDiv)
/mnt/9A68FEAD68FE8773/ksdk/lib/ksdk_platform_lib/kds/KL25Z4/debug/libksdk_platform.a(fsl_rtc_common.o)
                              /mnt/9A68FEAD68FE8773/ksdk/lib/ksdk_platform_lib/kds/KL25Z4/debug/libksdk_platform.a(fsl_clock_manager.o) (g_rtcBase)
/mnt/9A68FEAD68FE8773/ksdk/lib/ksdk_platform_lib/kds/KL25Z4/debug/libksdk_platform.a(fsl_osc_hal.o)
                              /mnt/9A68FEAD68FE8773/ksdk/lib/ksdk_platform_lib/kds/KL25Z4/debug/libksdk_platform.a(fsl_clock_manager.o) (OSC_HAL_SetCapacitor)
/mnt/9A68FEAD68FE8773/ksdk/lib/ksdk_platform_lib/kds/KL25Z4/debug/libksdk_platform.a(fsl_mcg_hal.o)
                              /mnt/9A68FEAD68FE8773/ksdk/lib/ksdk_platform_lib/kds/KL25Z4/debug/libksdk_platform.a(fsl_clock_MKL25Z4.o) (CLOCK_HAL_GetFllClk)
/mnt/9A68FEAD68FE8773/ksdk/lib/ksdk_platform_lib/kds/KL25Z4/debug/libksdk_platform.a(fsl_mcg_hal_modes.o)
                              /mnt/9A68FEAD68FE8773/ksdk/lib/ksdk_platform_lib/kds/KL25Z4/debug/libksdk_platform.a(fsl_clock_manager.o) (CLOCK_HAL_GetMcgMode)
/mnt/9A68FEAD68FE8773/ksdk/lib/ksdk_platform_lib/kds/KL25Z4/debug/libksdk_platform.a(fsl_lptmr_hal.o)
                              /mnt/9A68FEAD68FE8773/ksdk/lib/ksdk_platform_lib/kds/KL25Z4/debug/libksdk_platform.a(fsl_lptmr_driver.o) (LPTMR_HAL_Init)
/mnt/9A68FEAD68FE8773/ksdk/lib/ksdk_platform_lib/kds/KL25Z4/debug/libksdk_platform.a(fsl_lptmr_common.o)
                              /mnt/9A68FEAD68FE8773/ksdk/lib/ksdk_platform_lib/kds/KL25Z4/debug/libksdk_platform.a(fsl_lptmr_driver.o) (g_lptmrIrqId)
/mnt/9A68FEAD68FE8773/ksdk/lib/ksdk_platform_lib/kds/KL25Z4/debug/libksdk_platform.a(fsl_interrupt_manager.o)
                              /mnt/9A68FEAD68FE8773/ksdk/lib/ksdk_platform_lib/kds/KL25Z4/debug/libksdk_platform.a(fsl_os_abstraction_bm.o) (INT_SYS_InstallHandler)
/opt/Freescale/KDS_3.0.0/toolchain/bin/../lib/gcc/arm-none-eabi/4.8.4/armv6-m/libgcc.a(_thumb1_case_uqi.o)
                              /mnt/9A68FEAD68FE8773/ksdk/lib/ksdk_platform_lib/kds/KL25Z4/debug/libksdk_platform.a(fsl_clock_MKL25Z4.o) (__gnu_thumb1_case_uqi)
/opt/Freescale/KDS_3.0.0/toolchain/bin/../lib/gcc/arm-none-eabi/4.8.4/armv6-m/libgcc.a(_udivsi3.o)
                              ./Sources/PIT/pit_hal.o (__aeabi_uidiv)
/opt/Freescale/KDS_3.0.0/toolchain/bin/../lib/gcc/arm-none-eabi/4.8.4/armv6-m/libgcc.a(_divsi3.o)
                              ./Sources/print_scan.o (__aeabi_idiv)
/opt/Freescale/KDS_3.0.0/toolchain/bin/../lib/gcc/arm-none-eabi/4.8.4/armv6-m/libgcc.a(_dvmd_tls.o)
                              /opt/Freescale/KDS_3.0.0/toolchain/bin/../lib/gcc/arm-none-eabi/4.8.4/armv6-m/libgcc.a(_udivsi3.o) (__aeabi_idiv0)
/opt/Freescale/KDS_3.0.0/toolchain/bin/../lib/gcc/arm-none-eabi/4.8.4/../../../../arm-none-eabi/lib/armv6-m/libg_s.a(lib_a-assert.o)
                              ./Sources/Util/tc_hal.o (__assert_func)
[...]
Memory Configuration

Name             Origin             Length             Attributes
m_interrupts     0x00000000         0x00000100         xr
m_flash_config   0x00000400         0x00000010         xr
m_text           0x00000410         0x0001fbf0         xr
m_data           0x1ffff000         0x00004000         rw
*default*        0x00000000         0xffffffff

Linker script and memory map

LOAD /opt/Freescale/KDS_3.0.0/toolchain/bin/../lib/gcc/arm-none-eabi/4.8.4/armv6-m/crti.o
LOAD /opt/Freescale/KDS_3.0.0/toolchain/bin/../lib/gcc/arm-none-eabi/4.8.4/armv6-m/crtbegin.o
LOAD /opt/Freescale/KDS_3.0.0/toolchain/bin/../lib/gcc/arm-none-eabi/4.8.4/../../../../arm-none-eabi/lib/armv6-m/crt0.o
LOAD ./Sources/Util/tc_hal.o
LOAD ./Sources/Util/util.o
LOAD ./Sources/Serial/serial_hal.o
LOAD ./Sources/RGBLed/rgbled_hal.o
LOAD ./Sources/Protocolo/cmdmachine_hal.o
LOAD ./Sources/PhotoSensor/photosensor_hal.o
LOAD ./Sources/PIT/pit_hal.o
LOAD ./Sources/Motor/motor_hal.o
LOAD ./Sources/Mcg/mcg_hal.o
LOAD ./Sources/Main/es770.o
LOAD ./Sources/Encoder/encoder_hal.o
LOAD ./Sources/AutoTest/autotest.o
LOAD ./Sources/fsl_debug_console.o
LOAD ./Sources/print_scan.o
LOAD ./Project_Settings/Startup_Code/startup.o
LOAD ./Project_Settings/Startup_Code/startup_MKL25Z4.o
LOAD ./Project_Settings/Startup_Code/system_MKL25Z4.o
LOAD /mnt/9A68FEAD68FE8773/ksdk/lib/ksdk_platform_lib/kds/KL25Z4/debug/libksdk_platform.a
LOAD /mnt/9A68FEAD68FE8773/ksdk/usb/usb_core/device/lib/bm/kds/MKL25Z4/debug/libusbd_bm.a
LOAD /opt/Freescale/KDS_3.0.0/toolchain/bin/../lib/gcc/arm-none-eabi/4.8.4/../../../../arm-none-eabi/lib/armv6-m/libstdc++_s.a
LOAD /opt/Freescale/KDS_3.0.0/toolchain/bin/../lib/gcc/arm-none-eabi/4.8.4/../../../../arm-none-eabi/lib/armv6-m/libm.a
START GROUP
LOAD /opt/Freescale/KDS_3.0.0/toolchain/bin/../lib/gcc/arm-none-eabi/4.8.4/armv6-m/libgcc.a
LOAD /opt/Freescale/KDS_3.0.0/toolchain/bin/../lib/gcc/arm-none-eabi/4.8.4/../../../../arm-none-eabi/lib/armv6-m/libg_s.a
LOAD /opt/Freescale/KDS_3.0.0/toolchain/bin/../lib/gcc/arm-none-eabi/4.8.4/../../../../arm-none-eabi/lib/armv6-m/libc_s.a
END GROUP
START GROUP
LOAD /opt/Freescale/KDS_3.0.0/toolchain/bin/../lib/gcc/arm-none-eabi/4.8.4/armv6-m/libgcc.a
LOAD /opt/Freescale/KDS_3.0.0/toolchain/bin/../lib/gcc/arm-none-eabi/4.8.4/../../../../arm-none-eabi/lib/armv6-m/libc_s.a
LOAD /opt/Freescale/KDS_3.0.0/toolchain/bin/../lib/gcc/arm-none-eabi/4.8.4/../../../../arm-none-eabi/lib/armv6-m/libnosys.a
END GROUP
START GROUP
LOAD /opt/Freescale/KDS_3.0.0/toolchain/bin/../lib/gcc/arm-none-eabi/4.8.4/armv6-m/libgcc.a
LOAD /opt/Freescale/KDS_3.0.0/toolchain/bin/../lib/gcc/arm-none-eabi/4.8.4/../../../../arm-none-eabi/lib/armv6-m/libc_s.a
LOAD /opt/Freescale/KDS_3.0.0/toolchain/bin/../lib/gcc/arm-none-eabi/4.8.4/../../../../arm-none-eabi/lib/armv6-m/libnosys.a
END GROUP
LOAD /opt/Freescale/KDS_3.0.0/toolchain/bin/../lib/gcc/arm-none-eabi/4.8.4/armv6-m/crtend.o
LOAD /opt/Freescale/KDS_3.0.0/toolchain/bin/../lib/gcc/arm-none-eabi/4.8.4/armv6-m/crtn.o
                0x00000400                HEAP_SIZE = DEFINED (__heap_size__)?__heap_size__:0x400
                0x00000400                STACK_SIZE = DEFINED (__stack_size__)?__stack_size__:0x400
                0x00000000                M_VECTOR_RAM_SIZE = DEFINED (__ram_vector_table__)?0x100:0x0

.interrupts     0x00000000       0xc0
                0x00000000                __VECTOR_TABLE = .
                0x00000000                . = ALIGN (0x4)
 *(.isr_vector)
 .isr_vector    0x00000000       0xc0 ./Project_Settings/Startup_Code/startup_MKL25Z4.o
                0x00000000                __isr_vector
                0x000000c0                . = ALIGN (0x4)

.flash_config   0x00000400       0x10
                0x00000400                . = ALIGN (0x4)
 *(.FlashConfig)
 .FlashConfig   0x00000400       0x10 ./Project_Settings/Startup_Code/startup_MKL25Z4.o
                0x00000410                . = ALIGN (0x4)

.text           0x00000410     0x3e80
                0x00000410                . = ALIGN (0x4)
 *(.text)
 .text          0x00000410       0x60 /opt/Freescale/KDS_3.0.0/toolchain/bin/../lib/gcc/arm-none-eabi/4.8.4/armv6-m/crtbegin.o
 .text          0x00000470       0x78 /opt/Freescale/KDS_3.0.0/toolchain/bin/../lib/gcc/arm-none-eabi/4.8.4/../../../../arm-none-eabi/lib/armv6-m/crt0.o
                0x00000470                _mainCRTStartup
                0x00000470                _start
 .text          0x000004e8       0x18 ./Project_Settings/Startup_Code/startup_MKL25Z4.o
                0x000004e8                Reset_Handler
                0x000004f8                I2C0_IRQHandler
                0x000004f8                HardFault_Handler
                0x000004f8                SysTick_Handler
                0x000004f8                PendSV_Handler
                0x000004f8                NMI_Handler
                0x000004f8                I2C1_IRQHandler
                0x000004f8                UART1_IRQHandler
                0x000004f8                DMA2_IRQHandler
                0x000004f8                TPM0_IRQHandler
                0x000004f8                LLWU_IRQHandler
                0x000004f8                TSI0_IRQHandler
                0x000004f8                UART0_IRQHandler
                0x000004f8                ADC0_IRQHandler
                0x000004f8                Reserved39_IRQHandler
                0x000004f8                SPI1_IRQHandler
                0x000004f8                DefaultISR
                0x000004f8                PORTD_IRQHandler
                0x000004f8                TPM2_IRQHandler
                0x000004f8                RTC_IRQHandler
                0x000004f8                RTC_Seconds_IRQHandler
                0x000004f8                MCG_IRQHandler
                0x000004f8                UART2_IRQHandler
                0x000004f8                Reserved20_IRQHandler
                0x000004f8                USB0_IRQHandler
                0x000004f8                SVC_Handler
                0x000004f8                DMA3_IRQHandler
                0x000004f8                DMA0_IRQHandler
                0x000004f8                DAC0_IRQHandler
                0x000004f8                Reserved45_IRQHandler
                0x000004f8                TPM1_IRQHandler
                0x000004f8                LVD_LVW_IRQHandler
                0x000004f8                SPI0_IRQHandler
                0x000004f8                PORTA_IRQHandler
                0x000004f8                FTFA_IRQHandler
                0x000004f8                CMP0_IRQHandler
                0x000004f8                DMA1_IRQHandler
 .text          0x00000500       0x14 /opt/Freescale/KDS_3.0.0/toolchain/bin/../lib/gcc/arm-none-eabi/4.8.4/armv6-m/libgcc.a(_thumb1_case_uqi.o)
                0x00000500                __gnu_thumb1_case_uqi
 .text          0x00000514       0x9c /opt/Freescale/KDS_3.0.0/toolchain/bin/../lib/gcc/arm-none-eabi/4.8.4/armv6-m/libgcc.a(_udivsi3.o)
                0x00000514                __udivsi3
                0x00000514                __aeabi_uidiv
                0x0000059c                __aeabi_uidivmod
 .text          0x000005b0        0x4 /opt/Freescale/KDS_3.0.0/toolchain/bin/../lib/gcc/arm-none-eabi/4.8.4/armv6-m/libgcc.a(_dvmd_tls.o)
                0x000005b0                __aeabi_ldiv0
                0x000005b0                __aeabi_idiv0
 *(.text*)
 .text.LPTMR0_IRQHandler
                0x000005b4       0x10 ./Sources/Util/tc_hal.o
                0x000005b4                LPTMR0_IRQHandler
 .text.tc_installLptmr0
                0x000005c4       0x40 ./Sources/Util/tc_hal.o
                0x000005c4                tc_installLptmr0
 .text.CLOCK_HAL_SetLpsciSrc
                0x00000604       0x30 ./Sources/Serial/serial_hal.o
 .text.CLOCK_SYS_SetLpsciSrc
                0x00000634       0x2c ./Sources/Serial/serial_hal.o
 .text.serial_initUart
                0x00000660       0x34 ./Sources/Serial/serial_hal.o
                0x00000660                serial_initUart
 .text.serial_sendBuffer
                0x00000694       0x40 ./Sources/Serial/serial_hal.o
                0x00000694                serial_sendBuffer
 .text.rgbled_init
                0x000006d4      0x190 ./Sources/RGBLed/rgbled_hal.o
                0x000006d4                rgbled_init
 .text.rgbled_setColor
                0x00000864       0x74 ./Sources/RGBLed/rgbled_hal.o
                0x00000864                rgbled_setColor
 .text.GPIO_HAL_SetPinOutput
                0x000008d8       0x3c ./Sources/PhotoSensor/photosensor_hal.o
 .text.GPIO_HAL_ClearPinOutput
                0x00000914       0x3c ./Sources/PhotoSensor/photosensor_hal.o
 .text.photoSensor_initADCModule
                0x00000950      0x128 ./Sources/PhotoSensor/photosensor_hal.o
                0x00000950                photoSensor_initADCModule
 .text.photoSensor_initAdcConversion
                0x00000a78       0x30 ./Sources/PhotoSensor/photosensor_hal.o
                0x00000a78                photoSensor_initAdcConversion
 .text.photoSensor_getAdcConversionValue
                0x00000aa8       0x14 ./Sources/PhotoSensor/photosensor_hal.o
                0x00000aa8                photoSensor_getAdcConversionValue
 .text.photoSensor_getDCValues
                0x00000abc       0x54 ./Sources/PhotoSensor/photosensor_hal.o
                0x00000abc                photoSensor_getDCValues
 .text.photoSensor_initLEDS
                0x00000b10      0x148 ./Sources/PhotoSensor/photosensor_hal.o
                0x00000b10                photoSensor_initLEDS
 .text.photoSensor_init
                0x00000c58       0x14 ./Sources/PhotoSensor/photosensor_hal.o
                0x00000c58                photoSensor_init
 .text.photoSensor_measure
                0x00000c6c       0x8c ./Sources/PhotoSensor/photosensor_hal.o
                0x00000c6c                photoSensor_measure
 .text._nop_handler
                0x00000cf8       0x34 ./Sources/PIT/pit_hal.o
 .text.PIT_IRQHandler
                0x00000d2c       0x38 ./Sources/PIT/pit_hal.o
                0x00000d2c                PIT_IRQHandler
 .text.motor_speedToDc
                0x00000d64       0x58 ./Sources/Motor/motor_hal.o
                0x00000d64                motor_speedToDc
 .text.motor_initTpm
                0x00000dbc       0xdc ./Sources/Motor/motor_hal.o
                0x00000dbc                motor_initTpm
 .text.motor_initHBridge
                0x00000e98       0x94 ./Sources/Motor/motor_hal.o
                0x00000e98                motor_initHBridge
 .text.motor_init
                0x00000f2c       0x10 ./Sources/Motor/motor_hal.o
                0x00000f2c                motor_init
 .text.motor_setDir
                0x00000f3c       0x80 ./Sources/Motor/motor_hal.o
                0x00000f3c                motor_setDir
 .text.motor_setSpeed
                0x00000fbc       0x64 ./Sources/Motor/motor_hal.o
                0x00000fbc                motor_setSpeed
 .text.SMC_HAL_SetProtection
                0x00001020       0x1c ./Sources/Mcg/mcg_hal.o
 .text.PORT_HAL_SetMuxMode
                0x0000103c       0x4c ./Sources/Mcg/mcg_hal.o
 .text.mcg_initOsc0
                0x00001088       0x40 ./Sources/Mcg/mcg_hal.o
                0x00001088                mcg_initOsc0
 .text.mcg_initRtcOsc
                0x000010c8       0x3c ./Sources/Mcg/mcg_hal.o
                0x000010c8                mcg_initRtcOsc
 .text.mcg_initSystemClock
                0x00001104       0x14 ./Sources/Mcg/mcg_hal.o
                0x00001104                mcg_initSystemClock
 .text.mcg_clockInit
                0x00001118       0x50 ./Sources/Mcg/mcg_hal.o
                0x00001118                mcg_clockInit
 .text.main_cyclicExecuteIsr
                0x00001168       0x14 ./Sources/Main/es770.o
                0x00001168                main_cyclicExecuteIsr
 .text.main_boardInit
                0x0000117c       0x1c ./Sources/Main/es770.o
                0x0000117c                main_boardInit
 .text.main     0x00001198       0xa4 ./Sources/Main/es770.o
                0x00001198                main
 .text.autotest_testPhotoSensors
                0x0000123c      0x114 ./Sources/AutoTest/autotest.o
                0x0000123c                autotest_testPhotoSensors
 .text.autotest_testAndCalibrate
                0x00001350        0xc ./Sources/AutoTest/autotest.o
                0x00001350                autotest_testAndCalibrate
 .text.UART_HAL_EnableTransmitter
                0x0000135c       0x1c ./Sources/fsl_debug_console.o
 .text.UART_HAL_EnableReceiver
                0x00001378       0x1c ./Sources/fsl_debug_console.o
 .text.UART_HAL_SetBitCountPerChar
                0x00001394       0x28 ./Sources/fsl_debug_console.o
 .text.UART_HAL_SetStopBitCount
                0x000013bc       0x28 ./Sources/fsl_debug_console.o
 .text.LPSCI_HAL_EnableTransmitter
                0x000013e4       0x1c ./Sources/fsl_debug_console.o
 .text.LPSCI_HAL_EnableReceiver
                0x00001400       0x1c ./Sources/fsl_debug_console.o
 .text.LPSCI_HAL_SetBitCountPerChar
                0x0000141c       0x28 ./Sources/fsl_debug_console.o
 .text.LPSCI_HAL_SetStopBitCount
                0x00001444       0x28 ./Sources/fsl_debug_console.o
 .text.DbgConsole_Init
                0x0000146c      0x160 ./Sources/fsl_debug_console.o
                0x0000146c                DbgConsole_Init
 .text._write   0x000015cc       0x5c ./Sources/fsl_debug_console.o
                0x000015cc                _write
 .text._read    0x00001628       0x48 ./Sources/fsl_debug_console.o
                0x00001628                _read
 .text.init_data_bss
                0x00001670       0xc8 ./Project_Settings/Startup_Code/startup.o
                0x00001670                init_data_bss
 .text.SystemInit
                0x00001738       0x18 ./Project_Settings/Startup_Code/system_MKL25Z4.o
                0x00001738                SystemInit
 .text.UART_HAL_SetBaudRate
                0x00001750       0x34 /mnt/9A68FEAD68FE8773/ksdk/lib/ksdk_platform_lib/kds/KL25Z4/debug/libksdk_platform.a(fsl_uart_hal.o)
                0x00001750                UART_HAL_SetBaudRate
 .text.UART_HAL_SetParityMode
                0x00001784       0x1e /mnt/9A68FEAD68FE8773/ksdk/lib/ksdk_platform_lib/kds/KL25Z4/debug/libksdk_platform.a(fsl_uart_hal.o)
                0x00001784                UART_HAL_SetParityMode
 .text.UART_HAL_SendDataPolling
                0x000017a2       0x22 /mnt/9A68FEAD68FE8773/ksdk/lib/ksdk_platform_lib/kds/KL25Z4/debug/libksdk_platform.a(fsl_uart_hal.o)
                0x000017a2                UART_HAL_SendDataPolling
 .text.UART_HAL_ReceiveDataPolling
                0x000017c4       0x38 /mnt/9A68FEAD68FE8773/ksdk/lib/ksdk_platform_lib/kds/KL25Z4/debug/libksdk_platform.a(fsl_uart_hal.o)
                0x000017c4                UART_HAL_ReceiveDataPolling
 .text.INT_SYS_DisableIRQ
                0x000017fc       0x40 /mnt/9A68FEAD68FE8773/ksdk/lib/ksdk_platform_lib/kds/KL25Z4/debug/libksdk_platform.a(fsl_lptmr_driver.o)
 .text.LPTMR_DRV_Init
                0x0000183c      0x124 /mnt/9A68FEAD68FE8773/ksdk/lib/ksdk_platform_lib/kds/KL25Z4/debug/libksdk_platform.a(fsl_lptmr_driver.o)
                0x0000183c                LPTMR_DRV_Init
 .text.LPTMR_DRV_Start
                0x00001960       0x4c /mnt/9A68FEAD68FE8773/ksdk/lib/ksdk_platform_lib/kds/KL25Z4/debug/libksdk_platform.a(fsl_lptmr_driver.o)
                0x00001960                LPTMR_DRV_Start
 .text.LPTMR_DRV_SetTimerPeriodUs
                0x000019ac       0xcc /mnt/9A68FEAD68FE8773/ksdk/lib/ksdk_platform_lib/kds/KL25Z4/debug/libksdk_platform.a(fsl_lptmr_driver.o)
                0x000019ac                LPTMR_DRV_SetTimerPeriodUs
 .text.LPTMR_DRV_InstallCallback
                0x00001a78       0x38 /mnt/9A68FEAD68FE8773/ksdk/lib/ksdk_platform_lib/kds/KL25Z4/debug/libksdk_platform.a(fsl_lptmr_driver.o)
                0x00001a78                LPTMR_DRV_InstallCallback
 .text.LPTMR_DRV_IRQHandler
                0x00001ab0       0x6c /mnt/9A68FEAD68FE8773/ksdk/lib/ksdk_platform_lib/kds/KL25Z4/debug/libksdk_platform.a(fsl_lptmr_driver.o)
                0x00001ab0                LPTMR_DRV_IRQHandler
 .text.LPSCI_HAL_SetBaudRate
                0x00001b1c       0xcc /mnt/9A68FEAD68FE8773/ksdk/lib/ksdk_platform_lib/kds/KL25Z4/debug/libksdk_platform.a(fsl_lpsci_hal.o)
                0x00001b1c                LPSCI_HAL_SetBaudRate
 .text.LPSCI_HAL_SetParityMode
                0x00001be8       0x1e /mnt/9A68FEAD68FE8773/ksdk/lib/ksdk_platform_lib/kds/KL25Z4/debug/libksdk_platform.a(fsl_lpsci_hal.o)
                0x00001be8                LPSCI_HAL_SetParityMode
 .text.LPSCI_HAL_SendDataPolling
                0x00001c06       0x20 /mnt/9A68FEAD68FE8773/ksdk/lib/ksdk_platform_lib/kds/KL25Z4/debug/libksdk_platform.a(fsl_lpsci_hal.o)
                0x00001c06                LPSCI_HAL_SendDataPolling
 .text.LPSCI_HAL_ReceiveDataPolling
                0x00001c26       0x36 /mnt/9A68FEAD68FE8773/ksdk/lib/ksdk_platform_lib/kds/KL25Z4/debug/libksdk_platform.a(fsl_lpsci_hal.o)
                0x00001c26                LPSCI_HAL_ReceiveDataPolling
 .text.SIM_HAL_EnableClock.constprop.7
                0x00001c5c       0x24 /mnt/9A68FEAD68FE8773/ksdk/lib/ksdk_platform_lib/kds/KL25Z4/debug/libksdk_platform.a(fsl_clock_MKL25Z4.o)
 .text.CLOCK_SYS_GetCoreClockFreq
                0x00001c80       0x20 /mnt/9A68FEAD68FE8773/ksdk/lib/ksdk_platform_lib/kds/KL25Z4/debug/libksdk_platform.a(fsl_clock_MKL25Z4.o)
                0x00001c80                CLOCK_SYS_GetCoreClockFreq
 .text.CLOCK_SYS_SetConfiguration
                0x00001ca0       0x84 /mnt/9A68FEAD68FE8773/ksdk/lib/ksdk_platform_lib/kds/KL25Z4/debug/libksdk_platform.a(fsl_clock_MKL25Z4.o)
                0x00001ca0                CLOCK_SYS_SetConfiguration
 .text.CLOCK_SYS_FllStableDelay
                0x00001d24       0x1c /mnt/9A68FEAD68FE8773/ksdk/lib/ksdk_platform_lib/kds/KL25Z4/debug/libksdk_platform.a(fsl_clock_MKL25Z4.o)
 .text.CLOCK_SYS_GetSystemClockFreq
                0x00001d40       0x20 /mnt/9A68FEAD68FE8773/ksdk/lib/ksdk_platform_lib/kds/KL25Z4/debug/libksdk_platform.a(fsl_clock_MKL25Z4.o)
                0x00001d40                CLOCK_SYS_GetSystemClockFreq
 .text.CLOCK_SYS_GetBusClockFreq
                0x00001d60       0x18 /mnt/9A68FEAD68FE8773/ksdk/lib/ksdk_platform_lib/kds/KL25Z4/debug/libksdk_platform.a(fsl_clock_MKL25Z4.o)
                0x00001d60                CLOCK_SYS_GetBusClockFreq
 .text.CLOCK_SYS_GetPllFllClockFreq
                0x00001d78       0x30 /mnt/9A68FEAD68FE8773/ksdk/lib/ksdk_platform_lib/kds/KL25Z4/debug/libksdk_platform.a(fsl_clock_MKL25Z4.o)
                0x00001d78                CLOCK_SYS_GetPllFllClockFreq
 .text.CLOCK_SYS_GetExternalRefClock32kFreq
                0x00001da8       0x40 /mnt/9A68FEAD68FE8773/ksdk/lib/ksdk_platform_lib/kds/KL25Z4/debug/libksdk_platform.a(fsl_clock_MKL25Z4.o)
                0x00001da8                CLOCK_SYS_GetExternalRefClock32kFreq
 .text.CLOCK_SYS_GetOsc0ExternalRefClockFreq
                0x00001de8       0x24 /mnt/9A68FEAD68FE8773/ksdk/lib/ksdk_platform_lib/kds/KL25Z4/debug/libksdk_platform.a(fsl_clock_MKL25Z4.o)
                0x00001de8                CLOCK_SYS_GetOsc0ExternalRefClockFreq
 .text.CLOCK_SYS_GetLptmrFreq
                0x00001e0c       0x30 /mnt/9A68FEAD68FE8773/ksdk/lib/ksdk_platform_lib/kds/KL25Z4/debug/libksdk_platform.a(fsl_clock_MKL25Z4.o)
                0x00001e0c                CLOCK_SYS_GetLptmrFreq
 .text.CLOCK_SYS_GetLpsciFreq
                0x00001e3c       0x34 /mnt/9A68FEAD68FE8773/ksdk/lib/ksdk_platform_lib/kds/KL25Z4/debug/libksdk_platform.a(fsl_clock_MKL25Z4.o)
                0x00001e3c                CLOCK_SYS_GetLpsciFreq
 .text.CLOCK_SYS_GetUartFreq
                0x00001e70       0x10 /mnt/9A68FEAD68FE8773/ksdk/lib/ksdk_platform_lib/kds/KL25Z4/debug/libksdk_platform.a(fsl_clock_MKL25Z4.o)
                0x00001e70                CLOCK_SYS_GetUartFreq
 .text.CLOCK_SYS_EnablePortClock
                0x00001e80       0x30 /mnt/9A68FEAD68FE8773/ksdk/lib/ksdk_platform_lib/kds/KL25Z4/debug/libksdk_platform.a(fsl_clock_MKL25Z4.o)
                0x00001e80                CLOCK_SYS_EnablePortClock
 .text.CLOCK_SYS_EnableLpsciClock
                0x00001eb0       0x30 /mnt/9A68FEAD68FE8773/ksdk/lib/ksdk_platform_lib/kds/KL25Z4/debug/libksdk_platform.a(fsl_clock_MKL25Z4.o)
                0x00001eb0                CLOCK_SYS_EnableLpsciClock
 .text.CLOCK_SYS_EnableUartClock
                0x00001ee0       0x30 /mnt/9A68FEAD68FE8773/ksdk/lib/ksdk_platform_lib/kds/KL25Z4/debug/libksdk_platform.a(fsl_clock_MKL25Z4.o)
                0x00001ee0                CLOCK_SYS_EnableUartClock
 .text.CLOCK_SYS_SetMcgPeeToFbe
                0x00001f10       0x30 /mnt/9A68FEAD68FE8773/ksdk/lib/ksdk_platform_lib/kds/KL25Z4/debug/libksdk_platform.a(fsl_clock_manager.o)
 .text.CLOCK_SYS_SetMcgMode
                0x00001f40      0x134 /mnt/9A68FEAD68FE8773/ksdk/lib/ksdk_platform_lib/kds/KL25Z4/debug/libksdk_platform.a(fsl_clock_manager.o)
                0x00001f40                CLOCK_SYS_SetMcgMode
 .text.CLOCK_SYS_SetOscerConfigration
                0x00002074       0x28 /mnt/9A68FEAD68FE8773/ksdk/lib/ksdk_platform_lib/kds/KL25Z4/debug/libksdk_platform.a(fsl_clock_manager.o)
                0x00002074                CLOCK_SYS_SetOscerConfigration
 .text.CLOCK_SYS_OscInit
                0x0000209c       0x98 /mnt/9A68FEAD68FE8773/ksdk/lib/ksdk_platform_lib/kds/KL25Z4/debug/libksdk_platform.a(fsl_clock_manager.o)
                0x0000209c                CLOCK_SYS_OscInit
 .text.CLOCK_SYS_RtcOscInit
                0x00002134       0xa0 /mnt/9A68FEAD68FE8773/ksdk/lib/ksdk_platform_lib/kds/KL25Z4/debug/libksdk_platform.a(fsl_clock_manager.o)
                0x00002134                CLOCK_SYS_RtcOscInit
 .text.CLOCK_HAL_SetOutDiv
                0x000021d4       0x1c /mnt/9A68FEAD68FE8773/ksdk/lib/ksdk_platform_lib/kds/KL25Z4/debug/libksdk_platform.a(fsl_sim_hal_MKL25Z4.o)
                0x000021d4                CLOCK_HAL_SetOutDiv
 .text.OSC_HAL_SetCapacitor
                0x000021f0        0xe /mnt/9A68FEAD68FE8773/ksdk/lib/ksdk_platform_lib/kds/KL25Z4/debug/libksdk_platform.a(fsl_osc_hal.o)
                0x000021f0                OSC_HAL_SetCapacitor
 *fill*         0x000021fe        0x2 
 .text.CLOCK_HAL_TestOscFreq
                0x00002200        0xc /mnt/9A68FEAD68FE8773/ksdk/lib/ksdk_platform_lib/kds/KL25Z4/debug/libksdk_platform.a(fsl_mcg_hal.o)
                0x00002200                CLOCK_HAL_TestOscFreq
 .text.CLOCK_HAL_TestFllExternalRefFreq
                0x0000220c       0x36 /mnt/9A68FEAD68FE8773/ksdk/lib/ksdk_platform_lib/kds/KL25Z4/debug/libksdk_platform.a(fsl_mcg_hal.o)
                0x0000220c                CLOCK_HAL_TestFllExternalRefFreq
 *fill*         0x00002242        0x2 
 .text.CLOCK_HAL_GetFllRefClk
                0x00002244       0x44 /mnt/9A68FEAD68FE8773/ksdk/lib/ksdk_platform_lib/kds/KL25Z4/debug/libksdk_platform.a(fsl_mcg_hal.o)
                0x00002244                CLOCK_HAL_GetFllRefClk
 .text.CLOCK_HAL_TestFllFreq
                0x00002288       0x38 /mnt/9A68FEAD68FE8773/ksdk/lib/ksdk_platform_lib/kds/KL25Z4/debug/libksdk_platform.a(fsl_mcg_hal.o)
                0x00002288                CLOCK_HAL_TestFllFreq
 .text.CLOCK_HAL_GetFllClk
                0x000022c0       0x40 /mnt/9A68FEAD68FE8773/ksdk/lib/ksdk_platform_lib/kds/KL25Z4/debug/libksdk_platform.a(fsl_mcg_hal.o)
                0x000022c0                CLOCK_HAL_GetFllClk
 .text.CLOCK_HAL_UpdateFastClkInternalRefDiv
                0x00002300       0x60 /mnt/9A68FEAD68FE8773/ksdk/lib/ksdk_platform_lib/kds/KL25Z4/debug/libksdk_platform.a(fsl_mcg_hal.o)
                0x00002300                CLOCK_HAL_UpdateFastClkInternalRefDiv
 .text.CLOCK_HAL_GetPll0Clk
                0x00002360       0x48 /mnt/9A68FEAD68FE8773/ksdk/lib/ksdk_platform_lib/kds/KL25Z4/debug/libksdk_platform.a(fsl_mcg_hal.o)
                0x00002360                CLOCK_HAL_GetPll0Clk
 .text.CLOCK_HAL_EnablePll0InFllMode
                0x000023a8       0x38 /mnt/9A68FEAD68FE8773/ksdk/lib/ksdk_platform_lib/kds/KL25Z4/debug/libksdk_platform.a(fsl_mcg_hal.o)
                0x000023a8                CLOCK_HAL_EnablePll0InFllMode
 .text.CLOCK_HAL_GetInternalRefClk
                0x000023e0       0x40 /mnt/9A68FEAD68FE8773/ksdk/lib/ksdk_platform_lib/kds/KL25Z4/debug/libksdk_platform.a(fsl_mcg_hal.o)
                0x000023e0                CLOCK_HAL_GetInternalRefClk
 .text.CLOCK_HAL_GetOutClk
                0x00002420       0x48 /mnt/9A68FEAD68FE8773/ksdk/lib/ksdk_platform_lib/kds/KL25Z4/debug/libksdk_platform.a(fsl_mcg_hal.o)
                0x00002420                CLOCK_HAL_GetOutClk
 .text.CLOCK_HAL_SetOsc0Mode
                0x00002468       0x24 /mnt/9A68FEAD68FE8773/ksdk/lib/ksdk_platform_lib/kds/KL25Z4/debug/libksdk_platform.a(fsl_mcg_hal.o)
                0x00002468                CLOCK_HAL_SetOsc0Mode
 .text.CLOCK_HAL_PrepareOsc.isra.0
                0x0000248c       0x1e /mnt/9A68FEAD68FE8773/ksdk/lib/ksdk_platform_lib/kds/KL25Z4/debug/libksdk_platform.a(fsl_mcg_hal_modes.o)
 *fill*         0x000024aa        0x2 
 .text.CLOCK_HAL_GetMcgMode
                0x000024ac       0x8c /mnt/9A68FEAD68FE8773/ksdk/lib/ksdk_platform_lib/kds/KL25Z4/debug/libksdk_platform.a(fsl_mcg_hal_modes.o)
                0x000024ac                CLOCK_HAL_GetMcgMode
 .text.CLOCK_HAL_SetFbiMode
                0x00002538       0xc0 /mnt/9A68FEAD68FE8773/ksdk/lib/ksdk_platform_lib/kds/KL25Z4/debug/libksdk_platform.a(fsl_mcg_hal_modes.o)
                0x00002538                CLOCK_HAL_SetFbiMode
 .text.CLOCK_HAL_SetFbeMode
                0x000025f8       0xd0 /mnt/9A68FEAD68FE8773/ksdk/lib/ksdk_platform_lib/kds/KL25Z4/debug/libksdk_platform.a(fsl_mcg_hal_modes.o)
                0x000025f8                CLOCK_HAL_SetFbeMode
 .text.CLOCK_HAL_SetPbeMode
                0x000026c8       0xc8 /mnt/9A68FEAD68FE8773/ksdk/lib/ksdk_platform_lib/kds/KL25Z4/debug/libksdk_platform.a(fsl_mcg_hal_modes.o)
                0x000026c8                CLOCK_HAL_SetPbeMode
 .text.LPTMR_HAL_SetTimerWorkingMode
                0x00002790       0x3a /mnt/9A68FEAD68FE8773/ksdk/lib/ksdk_platform_lib/kds/KL25Z4/debug/libksdk_platform.a(fsl_lptmr_hal.o)
                0x00002790                LPTMR_HAL_SetTimerWorkingMode
 .text.LPTMR_HAL_SetPrescalerMode
                0x000027ca       0x1e /mnt/9A68FEAD68FE8773/ksdk/lib/ksdk_platform_lib/kds/KL25Z4/debug/libksdk_platform.a(fsl_lptmr_hal.o)
                0x000027ca                LPTMR_HAL_SetPrescalerMode
 .text.__assert_func
                0x000027e8       0x3c /opt/Freescale/KDS_3.0.0/toolchain/bin/../lib/gcc/arm-none-eabi/4.8.4/../../../../arm-none-eabi/lib/armv6-m/libg_s.a(lib_a-assert.o)
                0x000027e8                __assert_func
 .text.exit     0x00002824       0x2c /opt/Freescale/KDS_3.0.0/toolchain/bin/../lib/gcc/arm-none-eabi/4.8.4/../../../../arm-none-eabi/lib/armv6-m/libg_s.a(lib_a-exit.o)
                0x00002824                exit
 .text.fprintf  0x00002850       0x24 /opt/Freescale/KDS_3.0.0/toolchain/bin/../lib/gcc/arm-none-eabi/4.8.4/../../../../arm-none-eabi/lib/armv6-m/libg_s.a(lib_a-fprintf.o)
                0x00002850                fprintf
                0x00002850                fiprintf
 .text.__libc_init_array
                0x00002874       0x4c /opt/Freescale/KDS_3.0.0/toolchain/bin/../lib/gcc/arm-none-eabi/4.8.4/../../../../arm-none-eabi/lib/armv6-m/libg_s.a(lib_a-init.o)
                0x00002874                __libc_init_array
 .text.memcpy   0x000028c0       0x12 /opt/Freescale/KDS_3.0.0/toolchain/bin/../lib/gcc/arm-none-eabi/4.8.4/../../../../arm-none-eabi/lib/armv6-m/libg_s.a(lib_a-memcpy-stub.o)
                0x000028c0                memcpy
 .text.memset   0x000028d2       0x10 /opt/Freescale/KDS_3.0.0/toolchain/bin/../lib/gcc/arm-none-eabi/4.8.4/../../../../arm-none-eabi/lib/armv6-m/libg_s.a(lib_a-memset.o)
                0x000028d2                memset
 *fill*         0x000028e2        0x2 
 .text._free_r  0x000028e4       0x90 /opt/Freescale/KDS_3.0.0/toolchain/bin/../lib/gcc/arm-none-eabi/4.8.4/../../../../arm-none-eabi/lib/armv6-m/libg_s.a(lib_a-nano-freer.o)
                0x000028e4                _free_r
 .text._malloc_r
                0x00002974       0xa8 /opt/Freescale/KDS_3.0.0/toolchain/bin/../lib/gcc/arm-none-eabi/4.8.4/../../../../arm-none-eabi/lib/armv6-m/libg_s.a(lib_a-nano-mallocr.o)
                0x00002974                _malloc_r
 .text._sbrk_r  0x00002a1c       0x24 /opt/Freescale/KDS_3.0.0/toolchain/bin/../lib/gcc/arm-none-eabi/4.8.4/../../../../arm-none-eabi/lib/armv6-m/libg_s.a(lib_a-sbrkr.o)
                0x00002a1c                _sbrk_r
 .text.sprintf  0x00002a40       0x44 /opt/Freescale/KDS_3.0.0/toolchain/bin/../lib/gcc/arm-none-eabi/4.8.4/../../../../arm-none-eabi/lib/armv6-m/libg_s.a(lib_a-sprintf.o)
                0x00002a40                sprintf
                0x00002a40                siprintf
 .text.strlen   0x00002a84        0xe /opt/Freescale/KDS_3.0.0/toolchain/bin/../lib/gcc/arm-none-eabi/4.8.4/../../../../arm-none-eabi/lib/armv6-m/libg_s.a(lib_a-strlen.o)
                0x00002a84                strlen
 *fill*         0x00002a92        0x2 
 .text.__ssputs_r
                0x00002a94       0xc0 /opt/Freescale/KDS_3.0.0/toolchain/bin/../lib/gcc/arm-none-eabi/4.8.4/../../../../arm-none-eabi/lib/armv6-m/libg_s.a(lib_a-svfprintf.o)
                0x00002a94                __ssputs_r
 .text._svfprintf_r
                0x00002b54      0x1e0 /opt/Freescale/KDS_3.0.0/toolchain/bin/../lib/gcc/arm-none-eabi/4.8.4/../../../../arm-none-eabi/lib/armv6-m/libg_s.a(lib_a-svfprintf.o)
                0x00002b54                _svfprintf_r
                0x00002b54                _svfiprintf_r
 .text.__sfputc_r
                0x00002d34       0x2a /opt/Freescale/KDS_3.0.0/toolchain/bin/../lib/gcc/arm-none-eabi/4.8.4/../../../../arm-none-eabi/lib/armv6-m/libg_s.a(lib_a-vfprintf.o)
 .text.__sfputs_r
                0x00002d5e       0x24 /opt/Freescale/KDS_3.0.0/toolchain/bin/../lib/gcc/arm-none-eabi/4.8.4/../../../../arm-none-eabi/lib/armv6-m/libg_s.a(lib_a-vfprintf.o)
                0x00002d5e                __sfputs_r
 *fill*         0x00002d82        0x2 
 .text._vfprintf_r
                0x00002d84      0x210 /opt/Freescale/KDS_3.0.0/toolchain/bin/../lib/gcc/arm-none-eabi/4.8.4/../../../../arm-none-eabi/lib/armv6-m/libg_s.a(lib_a-vfprintf.o)
                0x00002d84                _vfiprintf_r
                0x00002d84                _vfprintf_r
 .text._printf_common
                0x00002f94       0xe8 /opt/Freescale/KDS_3.0.0/toolchain/bin/../lib/gcc/arm-none-eabi/4.8.4/../../../../arm-none-eabi/lib/armv6-m/libg_s.a(lib_a-vfprintf_i.o)
                0x00002f94                _printf_common
 .text._printf_i
                0x0000307c      0x22c /opt/Freescale/KDS_3.0.0/toolchain/bin/../lib/gcc/arm-none-eabi/4.8.4/../../../../arm-none-eabi/lib/armv6-m/libg_s.a(lib_a-vfprintf_i.o)
                0x0000307c                _printf_i
 .text.__swbuf_r
                0x000032a8       0xb0 /opt/Freescale/KDS_3.0.0/toolchain/bin/../lib/gcc/arm-none-eabi/4.8.4/../../../../arm-none-eabi/lib/armv6-m/libg_s.a(lib_a-wbuf.o)
                0x000032a8                __swbuf_r
 .text.__swsetup_r
                0x00003358       0xe4 /opt/Freescale/KDS_3.0.0/toolchain/bin/../lib/gcc/arm-none-eabi/4.8.4/../../../../arm-none-eabi/lib/armv6-m/libg_s.a(lib_a-wsetup.o)
                0x00003358                __swsetup_r
 .text.abort    0x0000343c        0xe /opt/Freescale/KDS_3.0.0/toolchain/bin/../lib/gcc/arm-none-eabi/4.8.4/../../../../arm-none-eabi/lib/armv6-m/libg_s.a(lib_a-abort.o)
                0x0000343c                abort
 .text.__sflush_r
                0x0000344a      0x112 /opt/Freescale/KDS_3.0.0/toolchain/bin/../lib/gcc/arm-none-eabi/4.8.4/../../../../arm-none-eabi/lib/armv6-m/libg_s.a(lib_a-fflush.o)
                0x0000344a                __sflush_r
 .text._fflush_r
                0x0000355c       0x58 /opt/Freescale/KDS_3.0.0/toolchain/bin/../lib/gcc/arm-none-eabi/4.8.4/../../../../arm-none-eabi/lib/armv6-m/libg_s.a(lib_a-fflush.o)
                0x0000355c                _fflush_r
 .text._cleanup_r
                0x000035b4       0x34 /opt/Freescale/KDS_3.0.0/toolchain/bin/../lib/gcc/arm-none-eabi/4.8.4/../../../../arm-none-eabi/lib/armv6-m/libg_s.a(lib_a-findfp.o)
                0x000035b4                _cleanup_r
 .text.std.isra.0
                0x000035e8       0x48 /opt/Freescale/KDS_3.0.0/toolchain/bin/../lib/gcc/arm-none-eabi/4.8.4/../../../../arm-none-eabi/lib/armv6-m/libg_s.a(lib_a-findfp.o)
 .text.__sfmoreglue
                0x00003630       0x2c /opt/Freescale/KDS_3.0.0/toolchain/bin/../lib/gcc/arm-none-eabi/4.8.4/../../../../arm-none-eabi/lib/armv6-m/libg_s.a(lib_a-findfp.o)
                0x00003630                __sfmoreglue
 .text.__sinit  0x0000365c       0x64 /opt/Freescale/KDS_3.0.0/toolchain/bin/../lib/gcc/arm-none-eabi/4.8.4/../../../../arm-none-eabi/lib/armv6-m/libg_s.a(lib_a-findfp.o)
                0x0000365c                __sinit
 .text.__sfp    0x000036c0       0x7c /opt/Freescale/KDS_3.0.0/toolchain/bin/../lib/gcc/arm-none-eabi/4.8.4/../../../../arm-none-eabi/lib/armv6-m/libg_s.a(lib_a-findfp.o)
                0x000036c0                __sfp
 .text.__smakebuf_r
                0x0000373c       0xa0 /opt/Freescale/KDS_3.0.0/toolchain/bin/../lib/gcc/arm-none-eabi/4.8.4/../../../../arm-none-eabi/lib/armv6-m/libg_s.a(lib_a-makebuf.o)
                0x0000373c                __smakebuf_r
 .text.memchr   0x000037dc       0x16 /opt/Freescale/KDS_3.0.0/toolchain/bin/../lib/gcc/arm-none-eabi/4.8.4/../../../../arm-none-eabi/lib/armv6-m/libg_s.a(lib_a-memchr-stub.o)
                0x000037dc                memchr
 .text.memmove  0x000037f2       0x32 /opt/Freescale/KDS_3.0.0/toolchain/bin/../lib/gcc/arm-none-eabi/4.8.4/../../../../arm-none-eabi/lib/armv6-m/libg_s.a(lib_a-memmove.o)
                0x000037f2                memmove
 .text._realloc_r
                0x00003824       0x4c /opt/Freescale/KDS_3.0.0/toolchain/bin/../lib/gcc/arm-none-eabi/4.8.4/../../../../arm-none-eabi/lib/armv6-m/libg_s.a(lib_a-nano-reallocr.o)
                0x00003824                _realloc_r
 .text._raise_r
                0x00003870       0x56 /opt/Freescale/KDS_3.0.0/toolchain/bin/../lib/gcc/arm-none-eabi/4.8.4/../../../../arm-none-eabi/lib/armv6-m/libg_s.a(lib_a-signal.o)
                0x00003870                _raise_r
 *fill*         0x000038c6        0x2 
 .text.raise    0x000038c8       0x14 /opt/Freescale/KDS_3.0.0/toolchain/bin/../lib/gcc/arm-none-eabi/4.8.4/../../../../arm-none-eabi/lib/armv6-m/libg_s.a(lib_a-signal.o)
                0x000038c8                raise
 .text._kill_r  0x000038dc       0x24 /opt/Freescale/KDS_3.0.0/toolchain/bin/../lib/gcc/arm-none-eabi/4.8.4/../../../../arm-none-eabi/lib/armv6-m/libg_s.a(lib_a-signalr.o)
                0x000038dc                _kill_r
 .text._getpid_r
                0x00003900        0x8 /opt/Freescale/KDS_3.0.0/toolchain/bin/../lib/gcc/arm-none-eabi/4.8.4/../../../../arm-none-eabi/lib/armv6-m/libg_s.a(lib_a-signalr.o)
                0x00003900                _getpid_r
 .text.__sread  0x00003908       0x28 /opt/Freescale/KDS_3.0.0/toolchain/bin/../lib/gcc/arm-none-eabi/4.8.4/../../../../arm-none-eabi/lib/armv6-m/libg_s.a(lib_a-stdio.o)
                0x00003908                __sread
 .text.__swrite
                0x00003930       0x38 /opt/Freescale/KDS_3.0.0/toolchain/bin/../lib/gcc/arm-none-eabi/4.8.4/../../../../arm-none-eabi/lib/armv6-m/libg_s.a(lib_a-stdio.o)
                0x00003930                __swrite
 .text.__sseek  0x00003968       0x2c /opt/Freescale/KDS_3.0.0/toolchain/bin/../lib/gcc/arm-none-eabi/4.8.4/../../../../arm-none-eabi/lib/armv6-m/libg_s.a(lib_a-stdio.o)
                0x00003968                __sseek
 .text.__sclose
                0x00003994        0xc /opt/Freescale/KDS_3.0.0/toolchain/bin/../lib/gcc/arm-none-eabi/4.8.4/../../../../arm-none-eabi/lib/armv6-m/libg_s.a(lib_a-stdio.o)
                0x00003994                __sclose
 .text._write_r
                0x000039a0       0x28 /opt/Freescale/KDS_3.0.0/toolchain/bin/../lib/gcc/arm-none-eabi/4.8.4/../../../../arm-none-eabi/lib/armv6-m/libg_s.a(lib_a-writer.o)
                0x000039a0                _write_r
 .text._close_r
                0x000039c8       0x24 /opt/Freescale/KDS_3.0.0/toolchain/bin/../lib/gcc/arm-none-eabi/4.8.4/../../../../arm-none-eabi/lib/armv6-m/libg_s.a(lib_a-closer.o)
                0x000039c8                _close_r
 .text._fstat_r
                0x000039ec       0x24 /opt/Freescale/KDS_3.0.0/toolchain/bin/../lib/gcc/arm-none-eabi/4.8.4/../../../../arm-none-eabi/lib/armv6-m/libg_s.a(lib_a-fstatr.o)
                0x000039ec                _fstat_r
 .text._isatty_r
                0x00003a10       0x24 /opt/Freescale/KDS_3.0.0/toolchain/bin/../lib/gcc/arm-none-eabi/4.8.4/../../../../arm-none-eabi/lib/armv6-m/libg_s.a(lib_a-isattyr.o)
                0x00003a10                _isatty_r
 .text._lseek_r
                0x00003a34       0x28 /opt/Freescale/KDS_3.0.0/toolchain/bin/../lib/gcc/arm-none-eabi/4.8.4/../../../../arm-none-eabi/lib/armv6-m/libg_s.a(lib_a-lseekr.o)
                0x00003a34                _lseek_r
 .text._malloc_usable_size_r
                0x00003a5c       0x12 /opt/Freescale/KDS_3.0.0/toolchain/bin/../lib/gcc/arm-none-eabi/4.8.4/../../../../arm-none-eabi/lib/armv6-m/libg_s.a(lib_a-nano-msizer.o)
                0x00003a5c                _malloc_usable_size_r
 *fill*         0x00003a6e        0x2 
 .text._read_r  0x00003a70       0x28 /opt/Freescale/KDS_3.0.0/toolchain/bin/../lib/gcc/arm-none-eabi/4.8.4/../../../../arm-none-eabi/lib/armv6-m/libg_s.a(lib_a-readr.o)
                0x00003a70                _read_r
 .text._close   0x00003a98       0x10 /opt/Freescale/KDS_3.0.0/toolchain/bin/../lib/gcc/arm-none-eabi/4.8.4/../../../../arm-none-eabi/lib/armv6-m/libnosys.a(close.o)
                0x00003a98                _close
 .text._fstat   0x00003aa8       0x10 /opt/Freescale/KDS_3.0.0/toolchain/bin/../lib/gcc/arm-none-eabi/4.8.4/../../../../arm-none-eabi/lib/armv6-m/libnosys.a(fstat.o)
                0x00003aa8                _fstat
 .text._getpid  0x00003ab8       0x10 /opt/Freescale/KDS_3.0.0/toolchain/bin/../lib/gcc/arm-none-eabi/4.8.4/../../../../arm-none-eabi/lib/armv6-m/libnosys.a(getpid.o)
                0x00003ab8                _getpid
 .text._isatty  0x00003ac8       0x10 /opt/Freescale/KDS_3.0.0/toolchain/bin/../lib/gcc/arm-none-eabi/4.8.4/../../../../arm-none-eabi/lib/armv6-m/libnosys.a(isatty.o)
                0x00003ac8                _isatty
 .text._kill    0x00003ad8       0x10 /opt/Freescale/KDS_3.0.0/toolchain/bin/../lib/gcc/arm-none-eabi/4.8.4/../../../../arm-none-eabi/lib/armv6-m/libnosys.a(kill.o)
                0x00003ad8                _kill
 .text._lseek   0x00003ae8       0x10 /opt/Freescale/KDS_3.0.0/toolchain/bin/../lib/gcc/arm-none-eabi/4.8.4/../../../../arm-none-eabi/lib/armv6-m/libnosys.a(lseek.o)
                0x00003ae8                _lseek
 .text._sbrk    0x00003af8       0x34 /opt/Freescale/KDS_3.0.0/toolchain/bin/../lib/gcc/arm-none-eabi/4.8.4/../../../../arm-none-eabi/lib/armv6-m/libnosys.a(sbrk.o)
                0x00003af8                _sbrk
 .text._exit    0x00003b2c        0x4 /opt/Freescale/KDS_3.0.0/toolchain/bin/../lib/gcc/arm-none-eabi/4.8.4/../../../../arm-none-eabi/lib/armv6-m/libnosys.a(_exit.o)
                0x00003b2c                _exit
 *(.rodata)
 .rodata        0x00003b30       0x48 ./Sources/PhotoSensor/photosensor_hal.o
 .rodata        0x00003b78       0x48 ./Sources/Mcg/mcg_hal.o
 .rodata        0x00003bc0       0x10 ./Sources/Main/es770.o
 .rodata        0x00003bd0       0x20 ./Sources/AutoTest/autotest.o
 .rodata        0x00003bf0        0xc ./Sources/fsl_debug_console.o
 *(.rodata*)
 .rodata.__func__.5075
                0x00003bfc       0x18 ./Sources/PhotoSensor/photosensor_hal.o
 .rodata.__func__.5070
                0x00003c14       0x18 ./Sources/PhotoSensor/photosensor_hal.o
 .rodata.g_defaultClockConfigRun
                0x00003c2c       0x14 ./Sources/Mcg/mcg_hal.o
                0x00003c2c                g_defaultClockConfigRun
 .rodata.__func__.5200
                0x00003c40       0x14 ./Sources/Mcg/mcg_hal.o
 .rodata.autotest_testPhotoSensors
                0x00003c54       0x18 ./Sources/AutoTest/autotest.o
 .rodata.__func__.6554
                0x00003c6c       0x1a /mnt/9A68FEAD68FE8773/ksdk/lib/ksdk_platform_lib/kds/KL25Z4/debug/libksdk_platform.a(fsl_lptmr_driver.o)
 .rodata.__func__.6558
                0x00003c86       0x15 /mnt/9A68FEAD68FE8773/ksdk/lib/ksdk_platform_lib/kds/KL25Z4/debug/libksdk_platform.a(fsl_lptmr_driver.o)
 .rodata.str1.1
                0x00003c9b      0x11b /mnt/9A68FEAD68FE8773/ksdk/lib/ksdk_platform_lib/kds/KL25Z4/debug/libksdk_platform.a(fsl_lptmr_driver.o)
 .rodata.__func__.6506
                0x00003db6        0xf /mnt/9A68FEAD68FE8773/ksdk/lib/ksdk_platform_lib/kds/KL25Z4/debug/libksdk_platform.a(fsl_lptmr_driver.o)
 .rodata.__func__.5685
                0x00003dc5       0x12 /mnt/9A68FEAD68FE8773/ksdk/lib/ksdk_platform_lib/kds/KL25Z4/debug/libksdk_platform.a(fsl_lptmr_driver.o)
 .rodata.__func__.5689
                0x00003dd7       0x13 /mnt/9A68FEAD68FE8773/ksdk/lib/ksdk_platform_lib/kds/KL25Z4/debug/libksdk_platform.a(fsl_lptmr_driver.o)
 .rodata.__func__.6518
                0x00003dea       0x10 /mnt/9A68FEAD68FE8773/ksdk/lib/ksdk_platform_lib/kds/KL25Z4/debug/libksdk_platform.a(fsl_lptmr_driver.o)
 .rodata.__func__.6529
                0x00003dfa       0x1b /mnt/9A68FEAD68FE8773/ksdk/lib/ksdk_platform_lib/kds/KL25Z4/debug/libksdk_platform.a(fsl_lptmr_driver.o)
 .rodata.__func__.6307
                0x00003e15       0x1b /mnt/9A68FEAD68FE8773/ksdk/lib/ksdk_platform_lib/kds/KL25Z4/debug/libksdk_platform.a(fsl_clock_MKL25Z4.o)
 .rodata.uartGateTable
                0x00003e30        0x3 /mnt/9A68FEAD68FE8773/ksdk/lib/ksdk_platform_lib/kds/KL25Z4/debug/libksdk_platform.a(fsl_clock_MKL25Z4.o)
 .rodata.__func__.6521
                0x00003e33       0x1a /mnt/9A68FEAD68FE8773/ksdk/lib/ksdk_platform_lib/kds/KL25Z4/debug/libksdk_platform.a(fsl_clock_MKL25Z4.o)
 .rodata.portGateTable
                0x00003e4d        0x5 /mnt/9A68FEAD68FE8773/ksdk/lib/ksdk_platform_lib/kds/KL25Z4/debug/libksdk_platform.a(fsl_clock_MKL25Z4.o)
 .rodata.__func__.6516
                0x00003e52       0x1b /mnt/9A68FEAD68FE8773/ksdk/lib/ksdk_platform_lib/kds/KL25Z4/debug/libksdk_platform.a(fsl_clock_MKL25Z4.o)
 .rodata.str1.1
                0x00003e6d      0x225 /mnt/9A68FEAD68FE8773/ksdk/lib/ksdk_platform_lib/kds/KL25Z4/debug/libksdk_platform.a(fsl_clock_MKL25Z4.o)
 .rodata.__func__.6443
                0x00004092       0x1a /mnt/9A68FEAD68FE8773/ksdk/lib/ksdk_platform_lib/kds/KL25Z4/debug/libksdk_platform.a(fsl_clock_MKL25Z4.o)
 .rodata.__func__.6545
                0x000040ac       0x12 /mnt/9A68FEAD68FE8773/ksdk/lib/ksdk_platform_lib/kds/KL25Z4/debug/libksdk_platform.a(fsl_clock_manager.o)
 .rodata.__func__.6562
                0x000040be       0x15 /mnt/9A68FEAD68FE8773/ksdk/lib/ksdk_platform_lib/kds/KL25Z4/debug/libksdk_platform.a(fsl_clock_manager.o)
 .rodata.str1.1
                0x000040d3       0xaf /mnt/9A68FEAD68FE8773/ksdk/lib/ksdk_platform_lib/kds/KL25Z4/debug/libksdk_platform.a(fsl_clock_manager.o)
 *fill*         0x00004182        0x2 
 .rodata.g_oscBase
                0x00004184        0x4 /mnt/9A68FEAD68FE8773/ksdk/lib/ksdk_platform_lib/kds/KL25Z4/debug/libksdk_platform.a(fsl_clock_manager_common.o)
                0x00004184                g_oscBase
 .rodata.g_rtcBase
                0x00004188        0x4 /mnt/9A68FEAD68FE8773/ksdk/lib/ksdk_platform_lib/kds/KL25Z4/debug/libksdk_platform.a(fsl_rtc_common.o)
                0x00004188                g_rtcBase
 .rodata.fllFactorTable.5183
                0x0000418c       0x10 /mnt/9A68FEAD68FE8773/ksdk/lib/ksdk_platform_lib/kds/KL25Z4/debug/libksdk_platform.a(fsl_mcg_hal.o)
 .rodata.g_lptmrBase
                0x0000419c        0x4 /mnt/9A68FEAD68FE8773/ksdk/lib/ksdk_platform_lib/kds/KL25Z4/debug/libksdk_platform.a(fsl_lptmr_common.o)
                0x0000419c                g_lptmrBase
 .rodata.g_lptmrIrqId
                0x000041a0        0x1 /mnt/9A68FEAD68FE8773/ksdk/lib/ksdk_platform_lib/kds/KL25Z4/debug/libksdk_platform.a(fsl_lptmr_common.o)
                0x000041a0                g_lptmrIrqId
 .rodata.str1.1
                0x000041a1       0x3c /opt/Freescale/KDS_3.0.0/toolchain/bin/../lib/gcc/arm-none-eabi/4.8.4/../../../../arm-none-eabi/lib/armv6-m/libg_s.a(lib_a-assert.o)
                                 0x3d (size before relaxing)
 .rodata.str1.1
                0x000041dd        0x2 /opt/Freescale/KDS_3.0.0/toolchain/bin/../lib/gcc/arm-none-eabi/4.8.4/../../../../arm-none-eabi/lib/armv6-m/libg_s.a(lib_a-impure.o)
 *fill*         0x000041df        0x1 
 .rodata._global_impure_ptr
                0x000041e0        0x4 /opt/Freescale/KDS_3.0.0/toolchain/bin/../lib/gcc/arm-none-eabi/4.8.4/../../../../arm-none-eabi/lib/armv6-m/libg_s.a(lib_a-impure.o)
                0x000041e0                _global_impure_ptr
 .rodata.str1.1
                0x000041e4       0x11 /opt/Freescale/KDS_3.0.0/toolchain/bin/../lib/gcc/arm-none-eabi/4.8.4/../../../../arm-none-eabi/lib/armv6-m/libg_s.a(lib_a-svfprintf.o)
 .rodata.str1.1
                0x00000000       0x11 /opt/Freescale/KDS_3.0.0/toolchain/bin/../lib/gcc/arm-none-eabi/4.8.4/../../../../arm-none-eabi/lib/armv6-m/libg_s.a(lib_a-vfprintf.o)
 .rodata.str1.1
                0x000041f5       0x22 /opt/Freescale/KDS_3.0.0/toolchain/bin/../lib/gcc/arm-none-eabi/4.8.4/../../../../arm-none-eabi/lib/armv6-m/libg_s.a(lib_a-vfprintf_i.o)
 *fill*         0x00004217        0x1 
 .rodata.__sf_fake_stdin
                0x00004218       0x20 /opt/Freescale/KDS_3.0.0/toolchain/bin/../lib/gcc/arm-none-eabi/4.8.4/../../../../arm-none-eabi/lib/armv6-m/libg_s.a(lib_a-findfp.o)
                0x00004218                __sf_fake_stdin
 .rodata.__sf_fake_stdout
                0x00004238       0x20 /opt/Freescale/KDS_3.0.0/toolchain/bin/../lib/gcc/arm-none-eabi/4.8.4/../../../../arm-none-eabi/lib/armv6-m/libg_s.a(lib_a-findfp.o)
                0x00004238                __sf_fake_stdout
 .rodata.__sf_fake_stderr
                0x00004258       0x20 /opt/Freescale/KDS_3.0.0/toolchain/bin/../lib/gcc/arm-none-eabi/4.8.4/../../../../arm-none-eabi/lib/armv6-m/libg_s.a(lib_a-findfp.o)
                0x00004258                __sf_fake_stderr
 *(.glue_7)
 .glue_7        0x00000000        0x0 linker stubs
 *(.glue_7t)
 .glue_7t       0x00000000        0x0 linker stubs
 *(.eh_frame)
 .eh_frame      0x00004278        0x0 /opt/Freescale/KDS_3.0.0/toolchain/bin/../lib/gcc/arm-none-eabi/4.8.4/armv6-m/crtbegin.o
 *(.init)
 .init          0x00004278        0x4 /opt/Freescale/KDS_3.0.0/toolchain/bin/../lib/gcc/arm-none-eabi/4.8.4/armv6-m/crti.o
                0x00004278                _init
 .init          0x0000427c        0x8 /opt/Freescale/KDS_3.0.0/toolchain/bin/../lib/gcc/arm-none-eabi/4.8.4/armv6-m/crtn.o
 *(.fini)
 .fini          0x00004284        0x4 /opt/Freescale/KDS_3.0.0/toolchain/bin/../lib/gcc/arm-none-eabi/4.8.4/armv6-m/crti.o
                0x00004284                _fini
 .fini          0x00004288        0x8 /opt/Freescale/KDS_3.0.0/toolchain/bin/../lib/gcc/arm-none-eabi/4.8.4/armv6-m/crtn.o
                0x00004290                . = ALIGN (0x4)

.vfp11_veneer   0x00004290        0x0
 .vfp11_veneer  0x00000000        0x0 linker stubs

.v4_bx          0x00004290        0x0
 .v4_bx         0x00000000        0x0 linker stubs

.iplt           0x00004290        0x0
 .iplt          0x00000000        0x0 /opt/Freescale/KDS_3.0.0/toolchain/bin/../lib/gcc/arm-none-eabi/4.8.4/armv6-m/crtbegin.o

.ARM.extab
 *(.ARM.extab* .gnu.linkonce.armextab.*)

.ARM            0x00004290        0x8
                0x00004290                __exidx_start = .
 *(.ARM.exidx*)
 .ARM.exidx     0x00004290        0x8 /opt/Freescale/KDS_3.0.0/toolchain/bin/../lib/gcc/arm-none-eabi/4.8.4/../../../../arm-none-eabi/lib/armv6-m/crt0.o
                0x00004298                __exidx_end = .

.rel.dyn        0x00004298        0x0
 .rel.iplt      0x00000000        0x0 /opt/Freescale/KDS_3.0.0/toolchain/bin/../lib/gcc/arm-none-eabi/4.8.4/armv6-m/crtbegin.o

.ctors          0x00004298        0x0
                0x00004298                __CTOR_LIST__ = .
 *crtbegin.o(.ctors)
 *crtbegin?.o(.ctors)
 *(EXCLUDE_FILE(*crtend.o *crtend?.o) .ctors)
 *(SORT(.ctors.*))
 *(.ctors)
                0x00004298                __CTOR_END__ = .

.dtors          0x00004298        0x0
                0x00004298                __DTOR_LIST__ = .
 *crtbegin.o(.dtors)
 *crtbegin?.o(.dtors)
 *(EXCLUDE_FILE(*crtend.o *crtend?.o) .dtors)
 *(SORT(.dtors.*))
 *(.dtors)
                0x00004298                __DTOR_END__ = .

.preinit_array  0x00004298        0x0
                0x00004298                PROVIDE (__preinit_array_start, .)
 *(.preinit_array*)
                0x00004298                PROVIDE (__preinit_array_end, .)

.init_array     0x00004298        0x4
                0x00004298                PROVIDE (__init_array_start, .)
 *(SORT(.init_array.*))
 *(.init_array*)
 .init_array    0x00004298        0x4 /opt/Freescale/KDS_3.0.0/toolchain/bin/../lib/gcc/arm-none-eabi/4.8.4/armv6-m/crtbegin.o
                0x0000429c                PROVIDE (__init_array_end, .)

.fini_array     0x0000429c        0x4
                0x0000429c                PROVIDE (__fini_array_start, .)
 *(SORT(.fini_array.*))
 *(.fini_array*)
 .fini_array    0x0000429c        0x4 /opt/Freescale/KDS_3.0.0/toolchain/bin/../lib/gcc/arm-none-eabi/4.8.4/armv6-m/crtbegin.o
                0x000042a0                PROVIDE (__fini_array_end, .)
                0x000042a0                __etext = .
                0x000042a0                __DATA_ROM = .

.mtb            0x1ffff000        0x0
                0x1ffff000                . = ALIGN (0x8)
                0x1ffff000                _mtb_start = .
 *(.mtb_buf)
                0x1ffff000                . = ALIGN (0x8)
                0x1ffff000                _mtb_end = .

.interrupts_ram
                0x1ffff000        0x0
                0x1ffff000                . = ALIGN (0x4)
                0x1ffff000                __VECTOR_RAM__ = .
                0x1ffff000                __interrupts_ram_start__ = .
 *(.m_interrupts_ram)
                0x1ffff000                . = (. + M_VECTOR_RAM_SIZE)
                0x1ffff000                . = ALIGN (0x4)
                0x1ffff000                __interrupts_ram_end__ = .
                0x00000000                __VECTOR_RAM = DEFINED (__ram_vector_table__)?__VECTOR_RAM__:ORIGIN (m_interrupts)
                0x00000000                __RAM_VECTOR_TABLE_SIZE_BYTES = DEFINED (__ram_vector_table__)?(__interrupts_ram_end__ - __interrupts_ram_start__):0x0

.data           0x1ffff000       0xb4 load address 0x000042a0
                0x1ffff000                . = ALIGN (0x4)
                0x1ffff000                __DATA_RAM = .
                0x1ffff000                __data_start__ = .
 *(.data)
 *(.data*)
 .data.lptmrConfig
                0x1ffff000        0x8 ./Sources/Util/tc_hal.o
                0x1ffff000                lptmrConfig
 .data.gtpLEDPORTS
                0x1ffff008       0x18 ./Sources/PhotoSensor/photosensor_hal.o
 .data.usaLEDPINS
                0x1ffff020        0xc ./Sources/PhotoSensor/photosensor_hal.o
 .data.usaCHANNELS
                0x1ffff02c        0xc ./Sources/PhotoSensor/photosensor_hal.o
 .data.fpTimer0Handler
                0x1ffff038        0x4 ./Sources/PIT/pit_hal.o
 .data.fpTimer1Handler
                0x1ffff03c        0x4 ./Sources/PIT/pit_hal.o
 .data.SystemCoreClock
                0x1ffff040        0x4 ./Project_Settings/Startup_Code/system_MKL25Z4.o
                0x1ffff040                SystemCoreClock
 .data.g_slowInternalRefClkFreq
                0x1ffff044        0x4 /mnt/9A68FEAD68FE8773/ksdk/lib/ksdk_platform_lib/kds/KL25Z4/debug/libksdk_platform.a(fsl_mcg_hal.o)
                0x1ffff044                g_slowInternalRefClkFreq
 .data.g_fastInternalRefClkFreq
                0x1ffff048        0x4 /mnt/9A68FEAD68FE8773/ksdk/lib/ksdk_platform_lib/kds/KL25Z4/debug/libksdk_platform.a(fsl_mcg_hal.o)
                0x1ffff048                g_fastInternalRefClkFreq
 .data.impure_data
                0x1ffff04c       0x60 /opt/Freescale/KDS_3.0.0/toolchain/bin/../lib/gcc/arm-none-eabi/4.8.4/../../../../arm-none-eabi/lib/armv6-m/libg_s.a(lib_a-impure.o)
 .data._impure_ptr
                0x1ffff0ac        0x4 /opt/Freescale/KDS_3.0.0/toolchain/bin/../lib/gcc/arm-none-eabi/4.8.4/../../../../arm-none-eabi/lib/armv6-m/libg_s.a(lib_a-impure.o)
                0x1ffff0ac                _impure_ptr
 *(.jcr*)
 .jcr           0x1ffff0b0        0x0 /opt/Freescale/KDS_3.0.0/toolchain/bin/../lib/gcc/arm-none-eabi/4.8.4/armv6-m/crtbegin.o
 .jcr           0x1ffff0b0        0x4 /opt/Freescale/KDS_3.0.0/toolchain/bin/../lib/gcc/arm-none-eabi/4.8.4/armv6-m/crtend.o
                0x1ffff0b4                . = ALIGN (0x4)
                0x1ffff0b4                __data_end__ = .
                0x00004354                __DATA_END = (__DATA_ROM + (__data_end__ - __data_start__))
                0x00020000                text_end = (ORIGIN (m_text) + 0x1fbf0)
                0x00000001                ASSERT ((__DATA_END <= text_end), region m_text overflowed with text and data)

.igot.plt       0x1ffff0b4        0x0 load address 0x00004354
 .igot.plt      0x00000000        0x0 /opt/Freescale/KDS_3.0.0/toolchain/bin/../lib/gcc/arm-none-eabi/4.8.4/armv6-m/crtbegin.o

.bss            0x1ffff0b4       0x60 load address 0x00004354
                0x1ffff0b4                . = ALIGN (0x4)
                0x1ffff0b4                __START_BSS = .
                0x1ffff0b4                __bss_start__ = .
 *(.bss)
 .bss           0x1ffff0b4       0x1c /opt/Freescale/KDS_3.0.0/toolchain/bin/../lib/gcc/arm-none-eabi/4.8.4/armv6-m/crtbegin.o
 *(.bss*)
 .bss.ui16aOFFSETS
                0x1ffff0d0        0xc ./Sources/PhotoSensor/photosensor_hal.o
 .bss.uiFlagNextPeriod
                0x1ffff0dc        0x4 ./Sources/Main/es770.o
                0x1ffff0dc                uiFlagNextPeriod
 .bss.s_debugConsole
                0x1ffff0e0       0x10 ./Sources/fsl_debug_console.o
 .bss.lptmr_state_ptrs
                0x1ffff0f0        0x4 /mnt/9A68FEAD68FE8773/ksdk/lib/ksdk_platform_lib/kds/KL25Z4/debug/libksdk_platform.a(fsl_lptmr_driver.o)
 .bss.g_xtal0ClkFreq
                0x1ffff0f4        0x4 /mnt/9A68FEAD68FE8773/ksdk/lib/ksdk_platform_lib/kds/KL25Z4/debug/libksdk_platform.a(fsl_mcg_hal.o)
                0x1ffff0f4                g_xtal0ClkFreq
 .bss.g_xtalRtcClkFreq
                0x1ffff0f8        0x4 /mnt/9A68FEAD68FE8773/ksdk/lib/ksdk_platform_lib/kds/KL25Z4/debug/libksdk_platform.a(fsl_mcg_hal.o)
                0x1ffff0f8                g_xtalRtcClkFreq
 .bss.__malloc_sbrk_start
                0x1ffff0fc        0x4 /opt/Freescale/KDS_3.0.0/toolchain/bin/../lib/gcc/arm-none-eabi/4.8.4/../../../../arm-none-eabi/lib/armv6-m/libg_s.a(lib_a-nano-mallocr.o)
                0x1ffff0fc                __malloc_sbrk_start
 .bss.__malloc_free_list
                0x1ffff100        0x4 /opt/Freescale/KDS_3.0.0/toolchain/bin/../lib/gcc/arm-none-eabi/4.8.4/../../../../arm-none-eabi/lib/armv6-m/libg_s.a(lib_a-nano-mallocr.o)
                0x1ffff100                __malloc_free_list
 .bss.heap_end.4246
                0x1ffff104        0x4 /opt/Freescale/KDS_3.0.0/toolchain/bin/../lib/gcc/arm-none-eabi/4.8.4/../../../../arm-none-eabi/lib/armv6-m/libnosys.a(sbrk.o)
 *(COMMON)
 COMMON         0x1ffff108        0x8 ./Sources/Util/tc_hal.o
                0x1ffff108                lptmrState
 COMMON         0x1ffff110        0x4 /opt/Freescale/KDS_3.0.0/toolchain/bin/../lib/gcc/arm-none-eabi/4.8.4/../../../../arm-none-eabi/lib/armv6-m/libg_s.a(lib_a-reent.o)
                0x1ffff110                errno
                0x1ffff114                . = ALIGN (0x4)
                0x1ffff114                __bss_end__ = .
                0x1ffff114                __END_BSS = .

.heap           0x1ffff114      0x404 load address 0x000043b4
                0x1ffff118                . = ALIGN (0x8)
 *fill*         0x1ffff114        0x4 
                0x1ffff118                __end__ = .
                0x1ffff118                PROVIDE (end, .)
                0x1ffff118                __HeapBase = .
                0x1ffff518                . = (. + HEAP_SIZE)
 *fill*         0x1ffff118      0x400 
                0x1ffff518                __HeapLimit = .

.stack          0x1ffff518      0x400 load address 0x000047b8
                0x1ffff518                . = ALIGN (0x8)
                0x1ffff918                . = (. + STACK_SIZE)
 *fill*         0x1ffff518      0x400 
                0x20003000                __StackTop = (ORIGIN (m_data) + 0x4000)
                0x20002c00                __StackLimit = (__StackTop - STACK_SIZE)
                0x20003000                PROVIDE (__stack, __StackTop)

.ARM.attributes
                0x00000000       0x28
 *(.ARM.attributes)
 .ARM.attributes
                0x00000000       0x1e /opt/Freescale/KDS_3.0.0/toolchain/bin/../lib/gcc/arm-none-eabi/4.8.4/armv6-m/crti.o
 .ARM.attributes
                0x0000001e       0x2c /opt/Freescale/KDS_3.0.0/toolchain/bin/../lib/gcc/arm-none-eabi/4.8.4/armv6-m/crtbegin.o
 .ARM.attributes
                0x0000004a       0x1b /opt/Freescale/KDS_3.0.0/toolchain/bin/../lib/gcc/arm-none-eabi/4.8.4/../../../../arm-none-eabi/lib/armv6-m/crt0.o
 .ARM.attributes
                0x00000065       0x32 ./Sources/Util/tc_hal.o
 .ARM.attributes
                0x00000097       0x32 ./Sources/Serial/serial_hal.o
 .ARM.attributes
                0x000000c9       0x32 ./Sources/RGBLed/rgbled_hal.o
 .ARM.attributes
                0x000000fb       0x32 ./Sources/PhotoSensor/photosensor_hal.o
 .ARM.attributes
                0x0000012d       0x32 ./Sources/PIT/pit_hal.o
 .ARM.attributes
                0x0000015f       0x32 ./Sources/Motor/motor_hal.o
 .ARM.attributes
                0x00000191       0x32 ./Sources/Mcg/mcg_hal.o
 .ARM.attributes
                0x000001c3       0x32 ./Sources/Main/es770.o
 .ARM.attributes
                0x000001f5       0x32 ./Sources/AutoTest/autotest.o
 .ARM.attributes
                0x00000227       0x32 ./Sources/fsl_debug_console.o
 .ARM.attributes
                0x00000259       0x32 ./Project_Settings/Startup_Code/startup.o
 .ARM.attributes
                0x0000028b       0x1b ./Project_Settings/Startup_Code/startup_MKL25Z4.o
 .ARM.attributes
                0x000002a6       0x32 ./Project_Settings/Startup_Code/system_MKL25Z4.o
 .ARM.attributes
                0x000002d8       0x32 /mnt/9A68FEAD68FE8773/ksdk/lib/ksdk_platform_lib/kds/KL25Z4/debug/libksdk_platform.a(fsl_uart_hal.o)
 .ARM.attributes
                0x0000030a       0x32 /mnt/9A68FEAD68FE8773/ksdk/lib/ksdk_platform_lib/kds/KL25Z4/debug/libksdk_platform.a(fsl_lptmr_driver.o)
 .ARM.attributes
                0x0000033c       0x32 /mnt/9A68FEAD68FE8773/ksdk/lib/ksdk_platform_lib/kds/KL25Z4/debug/libksdk_platform.a(fsl_lpsci_hal.o)
 .ARM.attributes
                0x0000036e       0x32 /mnt/9A68FEAD68FE8773/ksdk/lib/ksdk_platform_lib/kds/KL25Z4/debug/libksdk_platform.a(fsl_clock_MKL25Z4.o)
 .ARM.attributes
                0x000003a0       0x32 /mnt/9A68FEAD68FE8773/ksdk/lib/ksdk_platform_lib/kds/KL25Z4/debug/libksdk_platform.a(fsl_clock_manager.o)
 .ARM.attributes
                0x000003d2       0x32 /mnt/9A68FEAD68FE8773/ksdk/lib/ksdk_platform_lib/kds/KL25Z4/debug/libksdk_platform.a(fsl_clock_manager_common.o)
 .ARM.attributes
                0x00000404       0x32 /mnt/9A68FEAD68FE8773/ksdk/lib/ksdk_platform_lib/kds/KL25Z4/debug/libksdk_platform.a(fsl_sim_hal_MKL25Z4.o)
 .ARM.attributes
                0x00000436       0x32 /mnt/9A68FEAD68FE8773/ksdk/lib/ksdk_platform_lib/kds/KL25Z4/debug/libksdk_platform.a(fsl_rtc_common.o)
 .ARM.attributes
                0x00000468       0x32 /mnt/9A68FEAD68FE8773/ksdk/lib/ksdk_platform_lib/kds/KL25Z4/debug/libksdk_platform.a(fsl_osc_hal.o)
 .ARM.attributes
                0x0000049a       0x32 /mnt/9A68FEAD68FE8773/ksdk/lib/ksdk_platform_lib/kds/KL25Z4/debug/libksdk_platform.a(fsl_mcg_hal.o)
 .ARM.attributes
                0x000004cc       0x32 /mnt/9A68FEAD68FE8773/ksdk/lib/ksdk_platform_lib/kds/KL25Z4/debug/libksdk_platform.a(fsl_mcg_hal_modes.o)
 .ARM.attributes
                0x000004fe       0x32 /mnt/9A68FEAD68FE8773/ksdk/lib/ksdk_platform_lib/kds/KL25Z4/debug/libksdk_platform.a(fsl_lptmr_hal.o)
 .ARM.attributes
                0x00000530       0x32 /mnt/9A68FEAD68FE8773/ksdk/lib/ksdk_platform_lib/kds/KL25Z4/debug/libksdk_platform.a(fsl_lptmr_common.o)
 .ARM.attributes
                0x00000562       0x1e /opt/Freescale/KDS_3.0.0/toolchain/bin/../lib/gcc/arm-none-eabi/4.8.4/armv6-m/libgcc.a(_thumb1_case_uqi.o)
 .ARM.attributes
                0x00000580       0x1e /opt/Freescale/KDS_3.0.0/toolchain/bin/../lib/gcc/arm-none-eabi/4.8.4/armv6-m/libgcc.a(_udivsi3.o)
 .ARM.attributes
                0x0000059e       0x1e /opt/Freescale/KDS_3.0.0/toolchain/bin/../lib/gcc/arm-none-eabi/4.8.4/armv6-m/libgcc.a(_dvmd_tls.o)
 .ARM.attributes
                0x000005bc       0x2c /opt/Freescale/KDS_3.0.0/toolchain/bin/../lib/gcc/arm-none-eabi/4.8.4/../../../../arm-none-eabi/lib/armv6-m/libg_s.a(lib_a-assert.o)
 .ARM.attributes
                0x000005e8       0x2c /opt/Freescale/KDS_3.0.0/toolchain/bin/../lib/gcc/arm-none-eabi/4.8.4/../../../../arm-none-eabi/lib/armv6-m/libg_s.a(lib_a-exit.o)
 .ARM.attributes
                0x00000614       0x2c /opt/Freescale/KDS_3.0.0/toolchain/bin/../lib/gcc/arm-none-eabi/4.8.4/../../../../arm-none-eabi/lib/armv6-m/libg_s.a(lib_a-fprintf.o)
 .ARM.attributes
                0x00000640       0x2c /opt/Freescale/KDS_3.0.0/toolchain/bin/../lib/gcc/arm-none-eabi/4.8.4/../../../../arm-none-eabi/lib/armv6-m/libg_s.a(lib_a-impure.o)
 .ARM.attributes
                0x0000066c       0x2c /opt/Freescale/KDS_3.0.0/toolchain/bin/../lib/gcc/arm-none-eabi/4.8.4/../../../../arm-none-eabi/lib/armv6-m/libg_s.a(lib_a-init.o)
 .ARM.attributes
                0x00000698       0x2c /opt/Freescale/KDS_3.0.0/toolchain/bin/../lib/gcc/arm-none-eabi/4.8.4/../../../../arm-none-eabi/lib/armv6-m/libg_s.a(lib_a-memcpy-stub.o)
 .ARM.attributes
                0x000006c4       0x2c /opt/Freescale/KDS_3.0.0/toolchain/bin/../lib/gcc/arm-none-eabi/4.8.4/../../../../arm-none-eabi/lib/armv6-m/libg_s.a(lib_a-memset.o)
 .ARM.attributes
                0x000006f0       0x2c /opt/Freescale/KDS_3.0.0/toolchain/bin/../lib/gcc/arm-none-eabi/4.8.4/../../../../arm-none-eabi/lib/armv6-m/libg_s.a(lib_a-nano-freer.o)
 .ARM.attributes
                0x0000071c       0x2c /opt/Freescale/KDS_3.0.0/toolchain/bin/../lib/gcc/arm-none-eabi/4.8.4/../../../../arm-none-eabi/lib/armv6-m/libg_s.a(lib_a-nano-mallocr.o)
 .ARM.attributes
                0x00000748       0x2c /opt/Freescale/KDS_3.0.0/toolchain/bin/../lib/gcc/arm-none-eabi/4.8.4/../../../../arm-none-eabi/lib/armv6-m/libg_s.a(lib_a-sbrkr.o)
 .ARM.attributes
                0x00000774       0x2c /opt/Freescale/KDS_3.0.0/toolchain/bin/../lib/gcc/arm-none-eabi/4.8.4/../../../../arm-none-eabi/lib/armv6-m/libg_s.a(lib_a-sprintf.o)
 .ARM.attributes
                0x000007a0       0x2c /opt/Freescale/KDS_3.0.0/toolchain/bin/../lib/gcc/arm-none-eabi/4.8.4/../../../../arm-none-eabi/lib/armv6-m/libg_s.a(lib_a-strlen.o)
 .ARM.attributes
                0x000007cc       0x2c /opt/Freescale/KDS_3.0.0/toolchain/bin/../lib/gcc/arm-none-eabi/4.8.4/../../../../arm-none-eabi/lib/armv6-m/libg_s.a(lib_a-svfprintf.o)
 .ARM.attributes
                0x000007f8       0x2c /opt/Freescale/KDS_3.0.0/toolchain/bin/../lib/gcc/arm-none-eabi/4.8.4/../../../../arm-none-eabi/lib/armv6-m/libg_s.a(lib_a-vfprintf.o)
 .ARM.attributes
                0x00000824       0x2c /opt/Freescale/KDS_3.0.0/toolchain/bin/../lib/gcc/arm-none-eabi/4.8.4/../../../../arm-none-eabi/lib/armv6-m/libg_s.a(lib_a-vfprintf_i.o)
 .ARM.attributes
                0x00000850       0x2c /opt/Freescale/KDS_3.0.0/toolchain/bin/../lib/gcc/arm-none-eabi/4.8.4/../../../../arm-none-eabi/lib/armv6-m/libg_s.a(lib_a-wbuf.o)
 .ARM.attributes
                0x0000087c       0x2c /opt/Freescale/KDS_3.0.0/toolchain/bin/../lib/gcc/arm-none-eabi/4.8.4/../../../../arm-none-eabi/lib/armv6-m/libg_s.a(lib_a-wsetup.o)
 .ARM.attributes
                0x000008a8       0x2c /opt/Freescale/KDS_3.0.0/toolchain/bin/../lib/gcc/arm-none-eabi/4.8.4/../../../../arm-none-eabi/lib/armv6-m/libg_s.a(lib_a-abort.o)
 .ARM.attributes
                0x000008d4       0x2c /opt/Freescale/KDS_3.0.0/toolchain/bin/../lib/gcc/arm-none-eabi/4.8.4/../../../../arm-none-eabi/lib/armv6-m/libg_s.a(lib_a-fflush.o)
 .ARM.attributes
                0x00000900       0x2c /opt/Freescale/KDS_3.0.0/toolchain/bin/../lib/gcc/arm-none-eabi/4.8.4/../../../../arm-none-eabi/lib/armv6-m/libg_s.a(lib_a-findfp.o)
 .ARM.attributes
                0x0000092c       0x2c /opt/Freescale/KDS_3.0.0/toolchain/bin/../lib/gcc/arm-none-eabi/4.8.4/../../../../arm-none-eabi/lib/armv6-m/libg_s.a(lib_a-makebuf.o)
 .ARM.attributes
                0x00000958       0x2c /opt/Freescale/KDS_3.0.0/toolchain/bin/../lib/gcc/arm-none-eabi/4.8.4/../../../../arm-none-eabi/lib/armv6-m/libg_s.a(lib_a-memchr-stub.o)
 .ARM.attributes
                0x00000984       0x2c /opt/Freescale/KDS_3.0.0/toolchain/bin/../lib/gcc/arm-none-eabi/4.8.4/../../../../arm-none-eabi/lib/armv6-m/libg_s.a(lib_a-memmove.o)
 .ARM.attributes
                0x000009b0       0x2c /opt/Freescale/KDS_3.0.0/toolchain/bin/../lib/gcc/arm-none-eabi/4.8.4/../../../../arm-none-eabi/lib/armv6-m/libg_s.a(lib_a-nano-reallocr.o)
 .ARM.attributes
                0x000009dc       0x2c /opt/Freescale/KDS_3.0.0/toolchain/bin/../lib/gcc/arm-none-eabi/4.8.4/../../../../arm-none-eabi/lib/armv6-m/libg_s.a(lib_a-reent.o)
 .ARM.attributes
                0x00000a08       0x2c /opt/Freescale/KDS_3.0.0/toolchain/bin/../lib/gcc/arm-none-eabi/4.8.4/../../../../arm-none-eabi/lib/armv6-m/libg_s.a(lib_a-signal.o)
 .ARM.attributes
                0x00000a34       0x2c /opt/Freescale/KDS_3.0.0/toolchain/bin/../lib/gcc/arm-none-eabi/4.8.4/../../../../arm-none-eabi/lib/armv6-m/libg_s.a(lib_a-signalr.o)
 .ARM.attributes
                0x00000a60       0x2c /opt/Freescale/KDS_3.0.0/toolchain/bin/../lib/gcc/arm-none-eabi/4.8.4/../../../../arm-none-eabi/lib/armv6-m/libg_s.a(lib_a-stdio.o)
 .ARM.attributes
                0x00000a8c       0x2c /opt/Freescale/KDS_3.0.0/toolchain/bin/../lib/gcc/arm-none-eabi/4.8.4/../../../../arm-none-eabi/lib/armv6-m/libg_s.a(lib_a-writer.o)
 .ARM.attributes
                0x00000ab8       0x2c /opt/Freescale/KDS_3.0.0/toolchain/bin/../lib/gcc/arm-none-eabi/4.8.4/../../../../arm-none-eabi/lib/armv6-m/libg_s.a(lib_a-closer.o)
 .ARM.attributes
                0x00000ae4       0x2c /opt/Freescale/KDS_3.0.0/toolchain/bin/../lib/gcc/arm-none-eabi/4.8.4/../../../../arm-none-eabi/lib/armv6-m/libg_s.a(lib_a-fstatr.o)
 .ARM.attributes
                0x00000b10       0x2c /opt/Freescale/KDS_3.0.0/toolchain/bin/../lib/gcc/arm-none-eabi/4.8.4/../../../../arm-none-eabi/lib/armv6-m/libg_s.a(lib_a-isattyr.o)
 .ARM.attributes
                0x00000b3c       0x2c /opt/Freescale/KDS_3.0.0/toolchain/bin/../lib/gcc/arm-none-eabi/4.8.4/../../../../arm-none-eabi/lib/armv6-m/libg_s.a(lib_a-lseekr.o)
 .ARM.attributes
                0x00000b68       0x2c /opt/Freescale/KDS_3.0.0/toolchain/bin/../lib/gcc/arm-none-eabi/4.8.4/../../../../arm-none-eabi/lib/armv6-m/libg_s.a(lib_a-nano-msizer.o)
 .ARM.attributes
                0x00000b94       0x2c /opt/Freescale/KDS_3.0.0/toolchain/bin/../lib/gcc/arm-none-eabi/4.8.4/../../../../arm-none-eabi/lib/armv6-m/libg_s.a(lib_a-readr.o)
 .ARM.attributes
                0x00000bc0       0x2c /opt/Freescale/KDS_3.0.0/toolchain/bin/../lib/gcc/arm-none-eabi/4.8.4/../../../../arm-none-eabi/lib/armv6-m/libnosys.a(close.o)
 .ARM.attributes
                0x00000bec       0x2c /opt/Freescale/KDS_3.0.0/toolchain/bin/../lib/gcc/arm-none-eabi/4.8.4/../../../../arm-none-eabi/lib/armv6-m/libnosys.a(fstat.o)
 .ARM.attributes
                0x00000c18       0x2c /opt/Freescale/KDS_3.0.0/toolchain/bin/../lib/gcc/arm-none-eabi/4.8.4/../../../../arm-none-eabi/lib/armv6-m/libnosys.a(getpid.o)
 .ARM.attributes
                0x00000c44       0x2c /opt/Freescale/KDS_3.0.0/toolchain/bin/../lib/gcc/arm-none-eabi/4.8.4/../../../../arm-none-eabi/lib/armv6-m/libnosys.a(isatty.o)
 .ARM.attributes
                0x00000c70       0x2c /opt/Freescale/KDS_3.0.0/toolchain/bin/../lib/gcc/arm-none-eabi/4.8.4/../../../../arm-none-eabi/lib/armv6-m/libnosys.a(kill.o)
 .ARM.attributes
                0x00000c9c       0x2c /opt/Freescale/KDS_3.0.0/toolchain/bin/../lib/gcc/arm-none-eabi/4.8.4/../../../../arm-none-eabi/lib/armv6-m/libnosys.a(lseek.o)
 .ARM.attributes
                0x00000cc8       0x2c /opt/Freescale/KDS_3.0.0/toolchain/bin/../lib/gcc/arm-none-eabi/4.8.4/../../../../arm-none-eabi/lib/armv6-m/libnosys.a(sbrk.o)
 .ARM.attributes
                0x00000cf4       0x2c /opt/Freescale/KDS_3.0.0/toolchain/bin/../lib/gcc/arm-none-eabi/4.8.4/../../../../arm-none-eabi/lib/armv6-m/libnosys.a(_exit.o)
 .ARM.attributes
                0x00000d20       0x2c /opt/Freescale/KDS_3.0.0/toolchain/bin/../lib/gcc/arm-none-eabi/4.8.4/armv6-m/crtend.o
 .ARM.attributes
                0x00000d4c       0x1e /opt/Freescale/KDS_3.0.0/toolchain/bin/../lib/gcc/arm-none-eabi/4.8.4/armv6-m/crtn.o
                0x00000001                ASSERT ((__StackLimit >= __HeapLimit), region m_data overflowed with stack and heap)
OUTPUT(emb.elf elf32-littlearm)

.debug_info     0x00000000     0xdf1b
 .debug_info    0x00000000      0x5ec ./Sources/Util/tc_hal.o
 .debug_info    0x000005ec      0x577 ./Sources/Serial/serial_hal.o
 .debug_info    0x00000b63      0x443 ./Sources/RGBLed/rgbled_hal.o
 .debug_info    0x00000fa6      0x71d ./Sources/PhotoSensor/photosensor_hal.o
 .debug_info    0x000016c3      0x743 ./Sources/PIT/pit_hal.o
 .debug_info    0x00001e06      0x523 ./Sources/Motor/motor_hal.o
 .debug_info    0x00002329      0x778 ./Sources/Mcg/mcg_hal.o
 .debug_info    0x00002aa1      0x12f ./Sources/Main/es770.o
 .debug_info    0x00002bd0       0xf2 ./Sources/AutoTest/autotest.o
 .debug_info    0x00002cc2      0xa71 ./Sources/fsl_debug_console.o
 .debug_info    0x00003733      0x296 ./Project_Settings/Startup_Code/startup.o
 .debug_info    0x000039c9       0x85 ./Project_Settings/Startup_Code/startup_MKL25Z4.o
 .debug_info    0x00003a4e      0x3f4 ./Project_Settings/Startup_Code/system_MKL25Z4.o
 .debug_info    0x00003e42      0x934 /mnt/9A68FEAD68FE8773/ksdk/lib/ksdk_platform_lib/kds/KL25Z4/debug/libksdk_platform.a(fsl_uart_hal.o)
 .debug_info    0x00004776     0x151f /mnt/9A68FEAD68FE8773/ksdk/lib/ksdk_platform_lib/kds/KL25Z4/debug/libksdk_platform.a(fsl_lptmr_driver.o)
 .debug_info    0x00005c95      0x9e2 /mnt/9A68FEAD68FE8773/ksdk/lib/ksdk_platform_lib/kds/KL25Z4/debug/libksdk_platform.a(fsl_lpsci_hal.o)
 .debug_info    0x00006677     0x2546 /mnt/9A68FEAD68FE8773/ksdk/lib/ksdk_platform_lib/kds/KL25Z4/debug/libksdk_platform.a(fsl_clock_MKL25Z4.o)
 .debug_info    0x00008bbd     0x1c57 /mnt/9A68FEAD68FE8773/ksdk/lib/ksdk_platform_lib/kds/KL25Z4/debug/libksdk_platform.a(fsl_clock_manager.o)
 .debug_info    0x0000a814      0x448 /mnt/9A68FEAD68FE8773/ksdk/lib/ksdk_platform_lib/kds/KL25Z4/debug/libksdk_platform.a(fsl_clock_manager_common.o)
 .debug_info    0x0000ac5c      0xbe0 /mnt/9A68FEAD68FE8773/ksdk/lib/ksdk_platform_lib/kds/KL25Z4/debug/libksdk_platform.a(fsl_sim_hal_MKL25Z4.o)
 .debug_info    0x0000b83c      0x262 /mnt/9A68FEAD68FE8773/ksdk/lib/ksdk_platform_lib/kds/KL25Z4/debug/libksdk_platform.a(fsl_rtc_common.o)
 .debug_info    0x0000ba9e       0xef /mnt/9A68FEAD68FE8773/ksdk/lib/ksdk_platform_lib/kds/KL25Z4/debug/libksdk_platform.a(fsl_osc_hal.o)
 .debug_info    0x0000bb8d      0xd33 /mnt/9A68FEAD68FE8773/ksdk/lib/ksdk_platform_lib/kds/KL25Z4/debug/libksdk_platform.a(fsl_mcg_hal.o)
 .debug_info    0x0000c8c0      0xf3a /mnt/9A68FEAD68FE8773/ksdk/lib/ksdk_platform_lib/kds/KL25Z4/debug/libksdk_platform.a(fsl_mcg_hal_modes.o)
 .debug_info    0x0000d7fa      0x506 /mnt/9A68FEAD68FE8773/ksdk/lib/ksdk_platform_lib/kds/KL25Z4/debug/libksdk_platform.a(fsl_lptmr_hal.o)
 .debug_info    0x0000dd00      0x21b /mnt/9A68FEAD68FE8773/ksdk/lib/ksdk_platform_lib/kds/KL25Z4/debug/libksdk_platform.a(fsl_lptmr_common.o)

.debug_abbrev   0x00000000     0x2d26
 .debug_abbrev  0x00000000      0x17e ./Sources/Util/tc_hal.o
 .debug_abbrev  0x0000017e      0x194 ./Sources/Serial/serial_hal.o
 .debug_abbrev  0x00000312       0xf6 ./Sources/RGBLed/rgbled_hal.o
 .debug_abbrev  0x00000408      0x1eb ./Sources/PhotoSensor/photosensor_hal.o
 .debug_abbrev  0x000005f3      0x1bc ./Sources/PIT/pit_hal.o
 .debug_abbrev  0x000007af      0x162 ./Sources/Motor/motor_hal.o
 .debug_abbrev  0x00000911      0x19e ./Sources/Mcg/mcg_hal.o
 .debug_abbrev  0x00000aaf       0xf3 ./Sources/Main/es770.o
 .debug_abbrev  0x00000ba2       0x98 ./Sources/AutoTest/autotest.o
 .debug_abbrev  0x00000c3a      0x23a ./Sources/fsl_debug_console.o
 .debug_abbrev  0x00000e74       0xe9 ./Project_Settings/Startup_Code/startup.o
 .debug_abbrev  0x00000f5d       0x14 ./Project_Settings/Startup_Code/startup_MKL25Z4.o
 .debug_abbrev  0x00000f71      0x109 ./Project_Settings/Startup_Code/system_MKL25Z4.o
 .debug_abbrev  0x0000107a      0x27e /mnt/9A68FEAD68FE8773/ksdk/lib/ksdk_platform_lib/kds/KL25Z4/debug/libksdk_platform.a(fsl_uart_hal.o)
 .debug_abbrev  0x000012f8      0x3af /mnt/9A68FEAD68FE8773/ksdk/lib/ksdk_platform_lib/kds/KL25Z4/debug/libksdk_platform.a(fsl_lptmr_driver.o)
 .debug_abbrev  0x000016a7      0x228 /mnt/9A68FEAD68FE8773/ksdk/lib/ksdk_platform_lib/kds/KL25Z4/debug/libksdk_platform.a(fsl_lpsci_hal.o)
 .debug_abbrev  0x000018cf      0x445 /mnt/9A68FEAD68FE8773/ksdk/lib/ksdk_platform_lib/kds/KL25Z4/debug/libksdk_platform.a(fsl_clock_MKL25Z4.o)
 .debug_abbrev  0x00001d14      0x3d0 /mnt/9A68FEAD68FE8773/ksdk/lib/ksdk_platform_lib/kds/KL25Z4/debug/libksdk_platform.a(fsl_clock_manager.o)
 .debug_abbrev  0x000020e4       0xdb /mnt/9A68FEAD68FE8773/ksdk/lib/ksdk_platform_lib/kds/KL25Z4/debug/libksdk_platform.a(fsl_clock_manager_common.o)
 .debug_abbrev  0x000021bf      0x1ac /mnt/9A68FEAD68FE8773/ksdk/lib/ksdk_platform_lib/kds/KL25Z4/debug/libksdk_platform.a(fsl_sim_hal_MKL25Z4.o)
 .debug_abbrev  0x0000236b       0xae /mnt/9A68FEAD68FE8773/ksdk/lib/ksdk_platform_lib/kds/KL25Z4/debug/libksdk_platform.a(fsl_rtc_common.o)
 .debug_abbrev  0x00002419       0xa8 /mnt/9A68FEAD68FE8773/ksdk/lib/ksdk_platform_lib/kds/KL25Z4/debug/libksdk_platform.a(fsl_osc_hal.o)
 .debug_abbrev  0x000024c1      0x314 /mnt/9A68FEAD68FE8773/ksdk/lib/ksdk_platform_lib/kds/KL25Z4/debug/libksdk_platform.a(fsl_mcg_hal.o)
 .debug_abbrev  0x000027d5      0x2f7 /mnt/9A68FEAD68FE8773/ksdk/lib/ksdk_platform_lib/kds/KL25Z4/debug/libksdk_platform.a(fsl_mcg_hal_modes.o)
 .debug_abbrev  0x00002acc      0x1ac /mnt/9A68FEAD68FE8773/ksdk/lib/ksdk_platform_lib/kds/KL25Z4/debug/libksdk_platform.a(fsl_lptmr_hal.o)
 .debug_abbrev  0x00002c78       0xae /mnt/9A68FEAD68FE8773/ksdk/lib/ksdk_platform_lib/kds/KL25Z4/debug/libksdk_platform.a(fsl_lptmr_common.o)

.debug_aranges  0x00000000      0x990
 .debug_aranges
                0x00000000       0x58 ./Sources/Util/tc_hal.o
 .debug_aranges
                0x00000058       0x40 ./Sources/Serial/serial_hal.o
 .debug_aranges
                0x00000098       0x28 ./Sources/RGBLed/rgbled_hal.o
 .debug_aranges
                0x000000c0       0x60 ./Sources/PhotoSensor/photosensor_hal.o
 .debug_aranges
                0x00000120       0x70 ./Sources/PIT/pit_hal.o
 .debug_aranges
                0x00000190       0x48 ./Sources/Motor/motor_hal.o
 .debug_aranges
                0x000001d8       0x48 ./Sources/Mcg/mcg_hal.o
 .debug_aranges
                0x00000220       0x30 ./Sources/Main/es770.o
 .debug_aranges
                0x00000250       0x28 ./Sources/AutoTest/autotest.o
 .debug_aranges
                0x00000278       0xa0 ./Sources/fsl_debug_console.o
 .debug_aranges
                0x00000318       0x20 ./Project_Settings/Startup_Code/startup.o
 .debug_aranges
                0x00000338       0x20 ./Project_Settings/Startup_Code/startup_MKL25Z4.o
 .debug_aranges
                0x00000358       0x28 ./Project_Settings/Startup_Code/system_MKL25Z4.o
 .debug_aranges
                0x00000380       0xa8 /mnt/9A68FEAD68FE8773/ksdk/lib/ksdk_platform_lib/kds/KL25Z4/debug/libksdk_platform.a(fsl_uart_hal.o)
 .debug_aranges
                0x00000428       0x70 /mnt/9A68FEAD68FE8773/ksdk/lib/ksdk_platform_lib/kds/KL25Z4/debug/libksdk_platform.a(fsl_lptmr_driver.o)
 .debug_aranges
                0x00000498       0xb0 /mnt/9A68FEAD68FE8773/ksdk/lib/ksdk_platform_lib/kds/KL25Z4/debug/libksdk_platform.a(fsl_lpsci_hal.o)
 .debug_aranges
                0x00000548      0x198 /mnt/9A68FEAD68FE8773/ksdk/lib/ksdk_platform_lib/kds/KL25Z4/debug/libksdk_platform.a(fsl_clock_MKL25Z4.o)
 .debug_aranges
                0x000006e0       0x78 /mnt/9A68FEAD68FE8773/ksdk/lib/ksdk_platform_lib/kds/KL25Z4/debug/libksdk_platform.a(fsl_clock_manager.o)
 .debug_aranges
                0x00000758       0x18 /mnt/9A68FEAD68FE8773/ksdk/lib/ksdk_platform_lib/kds/KL25Z4/debug/libksdk_platform.a(fsl_clock_manager_common.o)
 .debug_aranges
                0x00000770       0x90 /mnt/9A68FEAD68FE8773/ksdk/lib/ksdk_platform_lib/kds/KL25Z4/debug/libksdk_platform.a(fsl_sim_hal_MKL25Z4.o)
 .debug_aranges
                0x00000800       0x18 /mnt/9A68FEAD68FE8773/ksdk/lib/ksdk_platform_lib/kds/KL25Z4/debug/libksdk_platform.a(fsl_rtc_common.o)
 .debug_aranges
                0x00000818       0x20 /mnt/9A68FEAD68FE8773/ksdk/lib/ksdk_platform_lib/kds/KL25Z4/debug/libksdk_platform.a(fsl_osc_hal.o)
 .debug_aranges
                0x00000838       0xa0 /mnt/9A68FEAD68FE8773/ksdk/lib/ksdk_platform_lib/kds/KL25Z4/debug/libksdk_platform.a(fsl_mcg_hal.o)
 .debug_aranges
                0x000008d8       0x68 /mnt/9A68FEAD68FE8773/ksdk/lib/ksdk_platform_lib/kds/KL25Z4/debug/libksdk_platform.a(fsl_mcg_hal_modes.o)
 .debug_aranges
                0x00000940       0x38 /mnt/9A68FEAD68FE8773/ksdk/lib/ksdk_platform_lib/kds/KL25Z4/debug/libksdk_platform.a(fsl_lptmr_hal.o)
 .debug_aranges
                0x00000978       0x18 /mnt/9A68FEAD68FE8773/ksdk/lib/ksdk_platform_lib/kds/KL25Z4/debug/libksdk_platform.a(fsl_lptmr_common.o)

.debug_ranges   0x00000000      0xab8
 .debug_ranges  0x00000000       0x48 ./Sources/Util/tc_hal.o
 .debug_ranges  0x00000048       0x30 ./Sources/Serial/serial_hal.o
 .debug_ranges  0x00000078       0x18 ./Sources/RGBLed/rgbled_hal.o
 .debug_ranges  0x00000090       0x50 ./Sources/PhotoSensor/photosensor_hal.o
 .debug_ranges  0x000000e0       0x60 ./Sources/PIT/pit_hal.o
 .debug_ranges  0x00000140       0x38 ./Sources/Motor/motor_hal.o
 .debug_ranges  0x00000178       0x38 ./Sources/Mcg/mcg_hal.o
 .debug_ranges  0x000001b0       0x20 ./Sources/Main/es770.o
 .debug_ranges  0x000001d0       0x18 ./Sources/AutoTest/autotest.o
 .debug_ranges  0x000001e8       0x90 ./Sources/fsl_debug_console.o
 .debug_ranges  0x00000278       0x10 ./Project_Settings/Startup_Code/startup.o
 .debug_ranges  0x00000288       0x18 ./Project_Settings/Startup_Code/system_MKL25Z4.o
 .debug_ranges  0x000002a0       0xb0 /mnt/9A68FEAD68FE8773/ksdk/lib/ksdk_platform_lib/kds/KL25Z4/debug/libksdk_platform.a(fsl_uart_hal.o)
 .debug_ranges  0x00000350       0xd8 /mnt/9A68FEAD68FE8773/ksdk/lib/ksdk_platform_lib/kds/KL25Z4/debug/libksdk_platform.a(fsl_lptmr_driver.o)
 .debug_ranges  0x00000428       0xb8 /mnt/9A68FEAD68FE8773/ksdk/lib/ksdk_platform_lib/kds/KL25Z4/debug/libksdk_platform.a(fsl_lpsci_hal.o)
 .debug_ranges  0x000004e0      0x2b8 /mnt/9A68FEAD68FE8773/ksdk/lib/ksdk_platform_lib/kds/KL25Z4/debug/libksdk_platform.a(fsl_clock_MKL25Z4.o)
 .debug_ranges  0x00000798       0xe0 /mnt/9A68FEAD68FE8773/ksdk/lib/ksdk_platform_lib/kds/KL25Z4/debug/libksdk_platform.a(fsl_clock_manager.o)
 .debug_ranges  0x00000878       0x80 /mnt/9A68FEAD68FE8773/ksdk/lib/ksdk_platform_lib/kds/KL25Z4/debug/libksdk_platform.a(fsl_sim_hal_MKL25Z4.o)
 .debug_ranges  0x000008f8       0x10 /mnt/9A68FEAD68FE8773/ksdk/lib/ksdk_platform_lib/kds/KL25Z4/debug/libksdk_platform.a(fsl_osc_hal.o)
 .debug_ranges  0x00000908       0xc8 /mnt/9A68FEAD68FE8773/ksdk/lib/ksdk_platform_lib/kds/KL25Z4/debug/libksdk_platform.a(fsl_mcg_hal.o)
 .debug_ranges  0x000009d0       0xc0 /mnt/9A68FEAD68FE8773/ksdk/lib/ksdk_platform_lib/kds/KL25Z4/debug/libksdk_platform.a(fsl_mcg_hal_modes.o)
 .debug_ranges  0x00000a90       0x28 /mnt/9A68FEAD68FE8773/ksdk/lib/ksdk_platform_lib/kds/KL25Z4/debug/libksdk_platform.a(fsl_lptmr_hal.o)

.debug_macro    0x00000000    0x14102
 .debug_macro   0x00000000      0x23a ./Sources/Util/tc_hal.o
 .debug_macro   0x0000023a      0x808 ./Sources/Util/tc_hal.o
 .debug_macro   0x00000a42       0x58 ./Sources/Util/tc_hal.o
 .debug_macro   0x00000a9a       0x16 ./Sources/Util/tc_hal.o
 .debug_macro   0x00000ab0       0x35 ./Sources/Util/tc_hal.o
 .debug_macro   0x00000ae5       0xa3 ./Sources/Util/tc_hal.o
 .debug_macro   0x00000b88       0x16 ./Sources/Util/tc_hal.o
 .debug_macro   0x00000b9e       0x4a ./Sources/Util/tc_hal.o
 .debug_macro   0x00000be8      0x209 ./Sources/Util/tc_hal.o
 .debug_macro   0x00000df1       0x22 ./Sources/Util/tc_hal.o
 .debug_macro   0x00000e13       0x10 ./Sources/Util/tc_hal.o
 .debug_macro   0x00000e23       0x11 ./Sources/Util/tc_hal.o
 .debug_macro   0x00000e34       0x4c ./Sources/Util/tc_hal.o
 .debug_macro   0x00000e80       0x3a ./Sources/Util/tc_hal.o
 .debug_macro   0x00000eba       0x26 ./Sources/Util/tc_hal.o
 .debug_macro   0x00000ee0      0x306 ./Sources/Util/tc_hal.o
 .debug_macro   0x000011e6       0x63 ./Sources/Util/tc_hal.o
 .debug_macro   0x00001249     0x8439 ./Sources/Util/tc_hal.o
 .debug_macro   0x00009682       0x16 ./Sources/Util/tc_hal.o
 .debug_macro   0x00009698      0x10e ./Sources/Util/tc_hal.o
 .debug_macro   0x000097a6       0x7f ./Sources/Util/tc_hal.o
 .debug_macro   0x00009825       0x52 ./Sources/Util/tc_hal.o
 .debug_macro   0x00009877       0x16 ./Sources/Util/tc_hal.o
 .debug_macro   0x0000988d       0x43 ./Sources/Util/tc_hal.o
 .debug_macro   0x000098d0      0x180 ./Sources/Util/tc_hal.o
 .debug_macro   0x00009a50       0x22 ./Sources/Util/tc_hal.o
 .debug_macro   0x00009a72       0x7c ./Sources/Util/tc_hal.o
 .debug_macro   0x00009aee     0x7658 ./Sources/Util/tc_hal.o
 .debug_macro   0x00011146     0x1108 ./Sources/Util/tc_hal.o
 .debug_macro   0x0001224e       0x11 ./Sources/Util/tc_hal.o
 .debug_macro   0x0001225f       0x10 ./Sources/Util/tc_hal.o
 .debug_macro   0x0001226f      0x243 ./Sources/Serial/serial_hal.o
 .debug_macro   0x000124b2       0x16 ./Sources/Serial/serial_hal.o
 .debug_macro   0x000124c8       0x44 ./Sources/Serial/serial_hal.o
 .debug_macro   0x0001250c       0x3a ./Sources/Serial/serial_hal.o
 .debug_macro   0x00012546      0x315 ./Sources/Serial/serial_hal.o
 .debug_macro   0x0001285b       0x10 ./Sources/Serial/serial_hal.o
 .debug_macro   0x0001286b       0x44 ./Sources/Serial/serial_hal.o
 .debug_macro   0x000128af       0x22 ./Sources/Serial/serial_hal.o
 .debug_macro   0x000128d1      0x16a ./Sources/RGBLed/rgbled_hal.o
 .debug_macro   0x00012a3b       0x10 ./Sources/RGBLed/rgbled_hal.o
 .debug_macro   0x00012a4b       0x4c ./Sources/RGBLed/rgbled_hal.o
 .debug_macro   0x00012a97      0x1b3 ./Sources/PhotoSensor/photosensor_hal.o
 .debug_macro   0x00012c4a       0x52 ./Sources/PhotoSensor/photosensor_hal.o
 .debug_macro   0x00012c9c      0x216 ./Sources/PIT/pit_hal.o
 .debug_macro   0x00012eb2      0x16a ./Sources/Motor/motor_hal.o
 .debug_macro   0x0001301c      0x2c2 ./Sources/Mcg/mcg_hal.o
 .debug_macro   0x000132de      0x29d ./Sources/Main/es770.o
 .debug_macro   0x0001357b      0x17c ./Sources/AutoTest/autotest.o
 .debug_macro   0x000136f7      0x2c7 ./Sources/fsl_debug_console.o
 .debug_macro   0x000139be       0x58 ./Sources/fsl_debug_console.o
 .debug_macro   0x00013a16       0x16 ./Sources/fsl_debug_console.o
 .debug_macro   0x00013a2c       0x97 ./Sources/fsl_debug_console.o
 .debug_macro   0x00013ac3       0xef ./Sources/fsl_debug_console.o
 .debug_macro   0x00013bb2      0x20f ./Sources/fsl_debug_console.o
 .debug_macro   0x00013dc1       0x82 ./Sources/fsl_debug_console.o
 .debug_macro   0x00013e43      0x167 ./Project_Settings/Startup_Code/startup.o
 .debug_macro   0x00013faa      0x158 ./Project_Settings/Startup_Code/system_MKL25Z4.o

.debug_line     0x00000000     0x6b30
 .debug_line    0x00000000      0x5ed ./Sources/Util/tc_hal.o
 .debug_line    0x000005ed      0x621 ./Sources/Serial/serial_hal.o
 .debug_line    0x00000c0e      0x3a9 ./Sources/RGBLed/rgbled_hal.o
 .debug_line    0x00000fb7      0x518 ./Sources/PhotoSensor/photosensor_hal.o
 .debug_line    0x000014cf      0x5d6 ./Sources/PIT/pit_hal.o
 .debug_line    0x00001aa5      0x412 ./Sources/Motor/motor_hal.o
 .debug_line    0x00001eb7      0x568 ./Sources/Mcg/mcg_hal.o
 .debug_line    0x0000241f      0x694 ./Sources/Main/es770.o
 .debug_line    0x00002ab3      0x35d ./Sources/AutoTest/autotest.o
 .debug_line    0x00002e10      0x801 ./Sources/fsl_debug_console.o
 .debug_line    0x00003611      0x35f ./Project_Settings/Startup_Code/startup.o
 .debug_line    0x00003970       0x6c ./Project_Settings/Startup_Code/startup_MKL25Z4.o
 .debug_line    0x000039dc      0x380 ./Project_Settings/Startup_Code/system_MKL25Z4.o
 .debug_line    0x00003d5c      0x38a /mnt/9A68FEAD68FE8773/ksdk/lib/ksdk_platform_lib/kds/KL25Z4/debug/libksdk_platform.a(fsl_uart_hal.o)
 .debug_line    0x000040e6      0x5af /mnt/9A68FEAD68FE8773/ksdk/lib/ksdk_platform_lib/kds/KL25Z4/debug/libksdk_platform.a(fsl_lptmr_driver.o)
 .debug_line    0x00004695      0x3d7 /mnt/9A68FEAD68FE8773/ksdk/lib/ksdk_platform_lib/kds/KL25Z4/debug/libksdk_platform.a(fsl_lpsci_hal.o)
 .debug_line    0x00004a6c      0x951 /mnt/9A68FEAD68FE8773/ksdk/lib/ksdk_platform_lib/kds/KL25Z4/debug/libksdk_platform.a(fsl_clock_MKL25Z4.o)
 .debug_line    0x000053bd      0x614 /mnt/9A68FEAD68FE8773/ksdk/lib/ksdk_platform_lib/kds/KL25Z4/debug/libksdk_platform.a(fsl_clock_manager.o)
 .debug_line    0x000059d1      0x14e /mnt/9A68FEAD68FE8773/ksdk/lib/ksdk_platform_lib/kds/KL25Z4/debug/libksdk_platform.a(fsl_clock_manager_common.o)
 .debug_line    0x00005b1f      0x343 /mnt/9A68FEAD68FE8773/ksdk/lib/ksdk_platform_lib/kds/KL25Z4/debug/libksdk_platform.a(fsl_sim_hal_MKL25Z4.o)
 .debug_line    0x00005e62       0xf4 /mnt/9A68FEAD68FE8773/ksdk/lib/ksdk_platform_lib/kds/KL25Z4/debug/libksdk_platform.a(fsl_rtc_common.o)
 .debug_line    0x00005f56       0xfe /mnt/9A68FEAD68FE8773/ksdk/lib/ksdk_platform_lib/kds/KL25Z4/debug/libksdk_platform.a(fsl_osc_hal.o)
 .debug_line    0x00006054      0x3e7 /mnt/9A68FEAD68FE8773/ksdk/lib/ksdk_platform_lib/kds/KL25Z4/debug/libksdk_platform.a(fsl_mcg_hal.o)
 .debug_line    0x0000643b      0x45f /mnt/9A68FEAD68FE8773/ksdk/lib/ksdk_platform_lib/kds/KL25Z4/debug/libksdk_platform.a(fsl_mcg_hal_modes.o)
 .debug_line    0x0000689a      0x19e /mnt/9A68FEAD68FE8773/ksdk/lib/ksdk_platform_lib/kds/KL25Z4/debug/libksdk_platform.a(fsl_lptmr_hal.o)
 .debug_line    0x00006a38       0xf8 /mnt/9A68FEAD68FE8773/ksdk/lib/ksdk_platform_lib/kds/KL25Z4/debug/libksdk_platform.a(fsl_lptmr_common.o)

.debug_str      0x00000000    0xa405a
 .debug_str     0x00000000    0x9bfa0 ./Sources/Util/tc_hal.o
                              0x9c4f1 (size before relaxing)
 .debug_str     0x0009bfa0      0xfb2 ./Sources/Serial/serial_hal.o
                              0x9cd33 (size before relaxing)
 .debug_str     0x0009cf52      0x5d3 ./Sources/RGBLed/rgbled_hal.o
                              0x96a0f (size before relaxing)
 .debug_str     0x0009d525      0x1d7 ./Sources/PhotoSensor/photosensor_hal.o
                              0x9cecd (size before relaxing)
 .debug_str     0x0009d6fc      0x3c8 ./Sources/PIT/pit_hal.o
                              0x9cc17 (size before relaxing)
 .debug_str     0x0009dac4       0xa2 ./Sources/Motor/motor_hal.o
                              0x96a93 (size before relaxing)
 .debug_str     0x0009db66      0x86f ./Sources/Mcg/mcg_hal.o
                              0x9c723 (size before relaxing)
 .debug_str     0x0009e3d5     0x19af ./Sources/Main/es770.o
                              0x9e0d9 (size before relaxing)
 .debug_str     0x0009fd84       0x58 ./Sources/AutoTest/autotest.o
                               0x5dac (size before relaxing)
 .debug_str     0x0009fddc      0xa0c ./Sources/fsl_debug_console.o
                              0x9e43f (size before relaxing)
 .debug_str     0x000a07e8      0x12f ./Project_Settings/Startup_Code/startup.o
                              0x9bc64 (size before relaxing)
 .debug_str     0x000a0917       0x8c ./Project_Settings/Startup_Code/system_MKL25Z4.o
                              0x9bcab (size before relaxing)
 .debug_str     0x000a09a3      0x61d /mnt/9A68FEAD68FE8773/ksdk/lib/ksdk_platform_lib/kds/KL25Z4/debug/libksdk_platform.a(fsl_uart_hal.o)
                                0x919 (size before relaxing)
 .debug_str     0x000a0fc0      0x808 /mnt/9A68FEAD68FE8773/ksdk/lib/ksdk_platform_lib/kds/KL25Z4/debug/libksdk_platform.a(fsl_lptmr_driver.o)
                               0x1283 (size before relaxing)
 .debug_str     0x000a17c8      0x534 /mnt/9A68FEAD68FE8773/ksdk/lib/ksdk_platform_lib/kds/KL25Z4/debug/libksdk_platform.a(fsl_lpsci_hal.o)
                                0xa1f (size before relaxing)
 .debug_str     0x000a1cfc      0xd6d /mnt/9A68FEAD68FE8773/ksdk/lib/ksdk_platform_lib/kds/KL25Z4/debug/libksdk_platform.a(fsl_clock_MKL25Z4.o)
                               0x17aa (size before relaxing)
 .debug_str     0x000a2a69      0xa09 /mnt/9A68FEAD68FE8773/ksdk/lib/ksdk_platform_lib/kds/KL25Z4/debug/libksdk_platform.a(fsl_clock_manager.o)
                               0x1798 (size before relaxing)
 .debug_str     0x000a3472       0x61 /mnt/9A68FEAD68FE8773/ksdk/lib/ksdk_platform_lib/kds/KL25Z4/debug/libksdk_platform.a(fsl_clock_manager_common.o)
                                0x34e (size before relaxing)
 .debug_str     0x000a34d3      0x417 /mnt/9A68FEAD68FE8773/ksdk/lib/ksdk_platform_lib/kds/KL25Z4/debug/libksdk_platform.a(fsl_sim_hal_MKL25Z4.o)
                                0x786 (size before relaxing)
 .debug_str     0x000a38ea       0x5f /mnt/9A68FEAD68FE8773/ksdk/lib/ksdk_platform_lib/kds/KL25Z4/debug/libksdk_platform.a(fsl_rtc_common.o)
                                0x3fc (size before relaxing)
 .debug_str     0x000a3949       0x43 /mnt/9A68FEAD68FE8773/ksdk/lib/ksdk_platform_lib/kds/KL25Z4/debug/libksdk_platform.a(fsl_osc_hal.o)
                                0x233 (size before relaxing)
 .debug_str     0x000a398c      0x4eb /mnt/9A68FEAD68FE8773/ksdk/lib/ksdk_platform_lib/kds/KL25Z4/debug/libksdk_platform.a(fsl_mcg_hal.o)
                                0xb03 (size before relaxing)
 .debug_str     0x000a3e77      0x139 /mnt/9A68FEAD68FE8773/ksdk/lib/ksdk_platform_lib/kds/KL25Z4/debug/libksdk_platform.a(fsl_mcg_hal_modes.o)
                                0xa90 (size before relaxing)
 .debug_str     0x000a3fb0       0x64 /mnt/9A68FEAD68FE8773/ksdk/lib/ksdk_platform_lib/kds/KL25Z4/debug/libksdk_platform.a(fsl_lptmr_hal.o)
                                0x87e (size before relaxing)
 .debug_str     0x000a4014       0x46 /mnt/9A68FEAD68FE8773/ksdk/lib/ksdk_platform_lib/kds/KL25Z4/debug/libksdk_platform.a(fsl_lptmr_common.o)
                                0x3f4 (size before relaxing)

.comment        0x00000000       0x70
 .comment       0x00000000       0x70 ./Sources/Util/tc_hal.o
                                 0x71 (size before relaxing)
 .comment       0x00000000       0x71 ./Sources/Serial/serial_hal.o
 .comment       0x00000000       0x71 ./Sources/RGBLed/rgbled_hal.o
 .comment       0x00000000       0x71 ./Sources/PhotoSensor/photosensor_hal.o
 .comment       0x00000000       0x71 ./Sources/PIT/pit_hal.o
 .comment       0x00000000       0x71 ./Sources/Motor/motor_hal.o
 .comment       0x00000000       0x71 ./Sources/Mcg/mcg_hal.o
 .comment       0x00000000       0x71 ./Sources/Main/es770.o
 .comment       0x00000000       0x71 ./Sources/AutoTest/autotest.o
 .comment       0x00000000       0x71 ./Sources/fsl_debug_console.o
 .comment       0x00000000       0x71 ./Project_Settings/Startup_Code/startup.o
 .comment       0x00000000       0x71 ./Project_Settings/Startup_Code/system_MKL25Z4.o
 .comment       0x00000000       0x71 /mnt/9A68FEAD68FE8773/ksdk/lib/ksdk_platform_lib/kds/KL25Z4/debug/libksdk_platform.a(fsl_uart_hal.o)
 .comment       0x00000000       0x71 /mnt/9A68FEAD68FE8773/ksdk/lib/ksdk_platform_lib/kds/KL25Z4/debug/libksdk_platform.a(fsl_lptmr_driver.o)
 .comment       0x00000000       0x71 /mnt/9A68FEAD68FE8773/ksdk/lib/ksdk_platform_lib/kds/KL25Z4/debug/libksdk_platform.a(fsl_lpsci_hal.o)
 .comment       0x00000000       0x71 /mnt/9A68FEAD68FE8773/ksdk/lib/ksdk_platform_lib/kds/KL25Z4/debug/libksdk_platform.a(fsl_clock_MKL25Z4.o)
 .comment       0x00000000       0x71 /mnt/9A68FEAD68FE8773/ksdk/lib/ksdk_platform_lib/kds/KL25Z4/debug/libksdk_platform.a(fsl_clock_manager.o)
 .comment       0x00000000       0x71 /mnt/9A68FEAD68FE8773/ksdk/lib/ksdk_platform_lib/kds/KL25Z4/debug/libksdk_platform.a(fsl_clock_manager_common.o)
 .comment       0x00000000       0x71 /mnt/9A68FEAD68FE8773/ksdk/lib/ksdk_platform_lib/kds/KL25Z4/debug/libksdk_platform.a(fsl_sim_hal_MKL25Z4.o)
 .comment       0x00000000       0x71 /mnt/9A68FEAD68FE8773/ksdk/lib/ksdk_platform_lib/kds/KL25Z4/debug/libksdk_platform.a(fsl_rtc_common.o)
 .comment       0x00000000       0x71 /mnt/9A68FEAD68FE8773/ksdk/lib/ksdk_platform_lib/kds/KL25Z4/debug/libksdk_platform.a(fsl_osc_hal.o)
 .comment       0x00000000       0x71 /mnt/9A68FEAD68FE8773/ksdk/lib/ksdk_platform_lib/kds/KL25Z4/debug/libksdk_platform.a(fsl_mcg_hal.o)
 .comment       0x00000000       0x71 /mnt/9A68FEAD68FE8773/ksdk/lib/ksdk_platform_lib/kds/KL25Z4/debug/libksdk_platform.a(fsl_mcg_hal_modes.o)