Archive member included because of file (symbol)

/mnt/9A68FEAD68FE8773/ksdk/lib/ksdk_platform_lib/kds/KL25Z4/debug/libksdk_platform.a(fsl_uart_hal.o)
                              ./Sources/fsl_debug_console.o (UART_HAL_SetBaudRate)
/mnt/9A68FEAD68FE8773/ksdk/lib/ksdk_platform_lib/kds/KL25Z4/debug/libksdk_platform.a(fsl_lptmr_driver.o)
                              ./Sources/Util/tc_hal.o (LPTMR_DRV_Init)
/mnt/9A68FEAD68FE8773/ksdk/lib/ksdk_platform_lib/kds/KL25Z4/debug/libksdk_platform.a(fsl_lpsci_hal.o)
                              ./Sources/fsl_debug_console.o (LPSCI_HAL_SetBaudRate)
/mnt/9A68FEAD68FE8773/ksdk/lib/ksdk_platform_lib/kds/KL25Z4/debug/libksdk_platform.a(fsl_gpio_hal.o)
                              ./Sources/Util/tc_hal.o (GPIO_HAL_SetPinDir)
/mnt/9A68FEAD68FE8773/ksdk/lib/ksdk_platform_lib/kds/KL25Z4/debug/libksdk_platform.a(fsl_clock_MKL25Z4.o)
                              ./Sources/Mcg/mcg_hal.o (CLOCK_SYS_SetConfiguration)
/mnt/9A68FEAD68FE8773/ksdk/lib/ksdk_platform_lib/kds/KL25Z4/debug/libksdk_platform.a(fsl_clock_manager.o)
                              /mnt/9A68FEAD68FE8773/ksdk/lib/ksdk_platform_lib/kds/KL25Z4/debug/libksdk_platform.a(fsl_clock_MKL25Z4.o) (CLOCK_SYS_GetSystickFreq)
/mnt/9A68FEAD68FE8773/ksdk/lib/ksdk_platform_lib/kds/KL25Z4/debug/libksdk_platform.a(fsl_clock_manager_common.o)
                              /mnt/9A68FEAD68FE8773/ksdk/lib/ksdk_platform_lib/kds/KL25Z4/debug/libksdk_platform.a(fsl_clock_MKL25Z4.o) (g_oscBase)
/mnt/9A68FEAD68FE8773/ksdk/lib/ksdk_platform_lib/kds/KL25Z4/debug/libksdk_platform.a(fsl_os_abstraction_bm.o)
                              /mnt/9A68FEAD68FE8773/ksdk/lib/ksdk_platform_lib/kds/KL25Z4/debug/libksdk_platform.a(fsl_clock_manager.o) (OSA_EnterCritical)
/mnt/9A68FEAD68FE8773/ksdk/lib/ksdk_platform_lib/kds/KL25Z4/debug/libksdk_platform.a(fsl_sim_hal_MKL25Z4.o)
                              /mnt/9A68FEAD68FE8773/ksdk/lib/ksdk_platform_lib/kds/KL25Z4/debug/libksdk_platform.a(fsl_clock_MKL25Z4.o) (CLOCK_HAL_SetOutDiv)
/mnt/9A68FEAD68FE8773/ksdk/lib/ksdk_platform_lib/kds/KL25Z4/debug/libksdk_platform.a(fsl_rtc_common.o)
                              /mnt/9A68FEAD68FE8773/ksdk/lib/ksdk_platform_lib/kds/KL25Z4/debug/libksdk_platform.a(fsl_clock_manager.o) (g_rtcBase)
/mnt/9A68FEAD68FE8773/ksdk/lib/ksdk_platform_lib/kds/KL25Z4/debug/libksdk_platform.a(fsl_osc_hal.o)
                              /mnt/9A68FEAD68FE8773/ksdk/lib/ksdk_platform_lib/kds/KL25Z4/debug/libksdk_platform.a(fsl_clock_manager.o) (OSC_HAL_SetCapacitor)
/mnt/9A68FEAD68FE8773/ksdk/lib/ksdk_platform_lib/kds/KL25Z4/debug/libksdk_platform.a(fsl_mcg_hal.o)
                              /mnt/9A68FEAD68FE8773/ksdk/lib/ksdk_platform_lib/kds/KL25Z4/debug/libksdk_platform.a(fsl_clock_MKL25Z4.o) (CLOCK_HAL_GetFllClk)
/mnt/9A68FEAD68FE8773/ksdk/lib/ksdk_platform_lib/kds/KL25Z4/debug/libksdk_platform.a(fsl_mcg_hal_modes.o)
                              /mnt/9A68FEAD68FE8773/ksdk/lib/ksdk_platform_lib/kds/KL25Z4/debug/libksdk_platform.a(fsl_clock_manager.o) (CLOCK_HAL_GetMcgMode)
/mnt/9A68FEAD68FE8773/ksdk/lib/ksdk_platform_lib/kds/KL25Z4/debug/libksdk_platform.a(fsl_lptmr_hal.o)
                              /mnt/9A68FEAD68FE8773/ksdk/lib/ksdk_platform_lib/kds/KL25Z4/debug/libksdk_platform.a(fsl_lptmr_driver.o) (LPTMR_HAL_Init)
/mnt/9A68FEAD68FE8773/ksdk/lib/ksdk_platform_lib/kds/KL25Z4/debug/libksdk_platform.a(fsl_lptmr_common.o)
                              /mnt/9A68FEAD68FE8773/ksdk/lib/ksdk_platform_lib/kds/KL25Z4/debug/libksdk_platform.a(fsl_lptmr_driver.o) (g_lptmrIrqId)
/mnt/9A68FEAD68FE8773/ksdk/lib/ksdk_platform_lib/kds/KL25Z4/debug/libksdk_platform.a(fsl_interrupt_manager.o)
                              /mnt/9A68FEAD68FE8773/ksdk/lib/ksdk_platform_lib/kds/KL25Z4/debug/libksdk_platform.a(fsl_os_abstraction_bm.o) (INT_SYS_InstallHandler)
/opt/Freescale/KDS_3.0.0/toolchain/bin/../lib/gcc/arm-none-eabi/4.8.4/armv6-m/libgcc.a(_thumb1_case_uqi.o)
                              /mnt/9A68FEAD68FE8773/ksdk/lib/ksdk_platform_lib/kds/KL25Z4/debug/libksdk_platform.a(fsl_clock_MKL25Z4.o) (__gnu_thumb1_case_uqi)
/opt/Freescale/KDS_3.0.0/toolchain/bin/../lib/gcc/arm-none-eabi/4.8.4/armv6-m/libgcc.a(_udivsi3.o)
                              ./Sources/Tacometro/tacometro_hal.o (__aeabi_uidiv)
/opt/Freescale/KDS_3.0.0/toolchain/bin/../lib/gcc/arm-none-eabi/4.8.4/armv6-m/libgcc.a(_divsi3.o)
                              ./Sources/print_scan.o (__aeabi_idiv)
/opt/Freescale/KDS_3.0.0/toolchain/bin/../lib/gcc/arm-none-eabi/4.8.4/armv6-m/libgcc.a(_dvmd_tls.o)
                              /opt/Freescale/KDS_3.0.0/toolchain/bin/../lib/gcc/arm-none-eabi/4.8.4/armv6-m/libgcc.a(_udivsi3.o) (__aeabi_idiv0)
/opt/Freescale/KDS_3.0.0/toolchain/bin/../lib/gcc/arm-none-eabi/4.8.4/../../../../arm-none-eabi/lib/armv6-m/libg_s.a(lib_a-assert.o)
                              ./Sources/Util/tc_hal.o (__assert_func)
[...]
Memory Configuration

Name             Origin             Length             Attributes
m_interrupts     0x00000000         0x00000100         xr
m_flash_config   0x00000400         0x00000010         xr
m_text           0x00000410         0x0001fbf0         xr
m_data           0x1ffff000         0x00004000         rw
*default*        0x00000000         0xffffffff

Linker script and memory map

LOAD /opt/Freescale/KDS_3.0.0/toolchain/bin/../lib/gcc/arm-none-eabi/4.8.4/armv6-m/crti.o
LOAD /opt/Freescale/KDS_3.0.0/toolchain/bin/../lib/gcc/arm-none-eabi/4.8.4/armv6-m/crtbegin.o
LOAD /opt/Freescale/KDS_3.0.0/toolchain/bin/../lib/gcc/arm-none-eabi/4.8.4/../../../../arm-none-eabi/lib/armv6-m/crt0.o
LOAD ./Sources/Util/tc_hal.o
LOAD ./Sources/Util/util.o
LOAD ./Sources/Tacometro/tacometro_hal.o
LOAD ./Sources/Serial/serial_hal.o
LOAD ./Sources/RGBLed/rgbled_hal.o
LOAD ./Sources/Protocolo/cmdmachine_hal.o
LOAD ./Sources/PhotoSensor/photosensor_hal.o
LOAD ./Sources/PIT/pit_hal.o
LOAD ./Sources/Mcg/mcg_hal.o
LOAD ./Sources/Main/es770.o
LOAD ./Sources/fsl_debug_console.o
LOAD ./Sources/print_scan.o
LOAD ./Project_Settings/Startup_Code/startup.o
LOAD ./Project_Settings/Startup_Code/startup_MKL25Z4.o
LOAD ./Project_Settings/Startup_Code/system_MKL25Z4.o
LOAD /mnt/9A68FEAD68FE8773/ksdk/lib/ksdk_platform_lib/kds/KL25Z4/debug/libksdk_platform.a
LOAD /mnt/9A68FEAD68FE8773/ksdk/usb/usb_core/device/lib/bm/kds/MKL25Z4/debug/libusbd_bm.a
LOAD /opt/Freescale/KDS_3.0.0/toolchain/bin/../lib/gcc/arm-none-eabi/4.8.4/../../../../arm-none-eabi/lib/armv6-m/libstdc++_s.a
LOAD /opt/Freescale/KDS_3.0.0/toolchain/bin/../lib/gcc/arm-none-eabi/4.8.4/../../../../arm-none-eabi/lib/armv6-m/libm.a
START GROUP
LOAD /opt/Freescale/KDS_3.0.0/toolchain/bin/../lib/gcc/arm-none-eabi/4.8.4/armv6-m/libgcc.a
LOAD /opt/Freescale/KDS_3.0.0/toolchain/bin/../lib/gcc/arm-none-eabi/4.8.4/../../../../arm-none-eabi/lib/armv6-m/libg_s.a
LOAD /opt/Freescale/KDS_3.0.0/toolchain/bin/../lib/gcc/arm-none-eabi/4.8.4/../../../../arm-none-eabi/lib/armv6-m/libc_s.a
END GROUP
START GROUP
LOAD /opt/Freescale/KDS_3.0.0/toolchain/bin/../lib/gcc/arm-none-eabi/4.8.4/armv6-m/libgcc.a
LOAD /opt/Freescale/KDS_3.0.0/toolchain/bin/../lib/gcc/arm-none-eabi/4.8.4/../../../../arm-none-eabi/lib/armv6-m/libc_s.a
LOAD /opt/Freescale/KDS_3.0.0/toolchain/bin/../lib/gcc/arm-none-eabi/4.8.4/../../../../arm-none-eabi/lib/armv6-m/libnosys.a
END GROUP
START GROUP
LOAD /opt/Freescale/KDS_3.0.0/toolchain/bin/../lib/gcc/arm-none-eabi/4.8.4/armv6-m/libgcc.a
LOAD /opt/Freescale/KDS_3.0.0/toolchain/bin/../lib/gcc/arm-none-eabi/4.8.4/../../../../arm-none-eabi/lib/armv6-m/libc_s.a
LOAD /opt/Freescale/KDS_3.0.0/toolchain/bin/../lib/gcc/arm-none-eabi/4.8.4/../../../../arm-none-eabi/lib/armv6-m/libnosys.a
END GROUP
LOAD /opt/Freescale/KDS_3.0.0/toolchain/bin/../lib/gcc/arm-none-eabi/4.8.4/armv6-m/crtend.o
LOAD /opt/Freescale/KDS_3.0.0/toolchain/bin/../lib/gcc/arm-none-eabi/4.8.4/armv6-m/crtn.o
                0x00000400                HEAP_SIZE = DEFINED (__heap_size__)?__heap_size__:0x400
                0x00000400                STACK_SIZE = DEFINED (__stack_size__)?__stack_size__:0x400
                0x00000000                M_VECTOR_RAM_SIZE = DEFINED (__ram_vector_table__)?0x100:0x0

.interrupts     0x00000000       0xc0
                0x00000000                __VECTOR_TABLE = .
                0x00000000                . = ALIGN (0x4)
 *(.isr_vector)
 .isr_vector    0x00000000       0xc0 ./Project_Settings/Startup_Code/startup_MKL25Z4.o
                0x00000000                __isr_vector
                0x000000c0                . = ALIGN (0x4)

.flash_config   0x00000400       0x10
                0x00000400                . = ALIGN (0x4)
 *(.FlashConfig)
 .FlashConfig   0x00000400       0x10 ./Project_Settings/Startup_Code/startup_MKL25Z4.o
                0x00000410                . = ALIGN (0x4)

.text           0x00000410     0x39d4
                0x00000410                . = ALIGN (0x4)
 *(.text)
 .text          0x00000410       0x60 /opt/Freescale/KDS_3.0.0/toolchain/bin/../lib/gcc/arm-none-eabi/4.8.4/armv6-m/crtbegin.o
 .text          0x00000470       0x78 /opt/Freescale/KDS_3.0.0/toolchain/bin/../lib/gcc/arm-none-eabi/4.8.4/../../../../arm-none-eabi/lib/armv6-m/crt0.o
                0x00000470                _mainCRTStartup
                0x00000470                _start
 .text          0x000004e8       0x18 ./Project_Settings/Startup_Code/startup_MKL25Z4.o
                0x000004e8                Reset_Handler
                0x000004f8                I2C0_IRQHandler
                0x000004f8                HardFault_Handler
                0x000004f8                SysTick_Handler
                0x000004f8                PendSV_Handler
                0x000004f8                NMI_Handler
                0x000004f8                I2C1_IRQHandler
                0x000004f8                UART1_IRQHandler
                0x000004f8                DMA2_IRQHandler
                0x000004f8                TPM0_IRQHandler
                0x000004f8                LLWU_IRQHandler
                0x000004f8                TSI0_IRQHandler
                0x000004f8                UART0_IRQHandler
                0x000004f8                ADC0_IRQHandler
                0x000004f8                Reserved39_IRQHandler
                0x000004f8                SPI1_IRQHandler
                0x000004f8                DefaultISR
                0x000004f8                PORTD_IRQHandler
                0x000004f8                TPM2_IRQHandler
                0x000004f8                RTC_IRQHandler
                0x000004f8                RTC_Seconds_IRQHandler
                0x000004f8                MCG_IRQHandler
                0x000004f8                UART2_IRQHandler
                0x000004f8                Reserved20_IRQHandler
                0x000004f8                USB0_IRQHandler
                0x000004f8                SVC_Handler
                0x000004f8                DMA3_IRQHandler
                0x000004f8                DMA0_IRQHandler
                0x000004f8                DAC0_IRQHandler
                0x000004f8                Reserved45_IRQHandler
                0x000004f8                TPM1_IRQHandler
                0x000004f8                LVD_LVW_IRQHandler
                0x000004f8                SPI0_IRQHandler
                0x000004f8                PORTA_IRQHandler
                0x000004f8                FTFA_IRQHandler
                0x000004f8                CMP0_IRQHandler
                0x000004f8                DMA1_IRQHandler
 .text          0x00000500       0x14 /opt/Freescale/KDS_3.0.0/toolchain/bin/../lib/gcc/arm-none-eabi/4.8.4/armv6-m/libgcc.a(_thumb1_case_uqi.o)
                0x00000500                __gnu_thumb1_case_uqi
 .text          0x00000514       0x9c /opt/Freescale/KDS_3.0.0/toolchain/bin/../lib/gcc/arm-none-eabi/4.8.4/armv6-m/libgcc.a(_udivsi3.o)
                0x00000514                __udivsi3
                0x00000514                __aeabi_uidiv
                0x0000059c                __aeabi_uidivmod
 .text          0x000005b0        0x4 /opt/Freescale/KDS_3.0.0/toolchain/bin/../lib/gcc/arm-none-eabi/4.8.4/armv6-m/libgcc.a(_dvmd_tls.o)
                0x000005b0                __aeabi_ldiv0
                0x000005b0                __aeabi_idiv0
 *(.text*)
 .text.LPTMR0_IRQHandler
                0x000005b4       0x10 ./Sources/Util/tc_hal.o
                0x000005b4                LPTMR0_IRQHandler
 .text.tc_installLptmr0
                0x000005c4       0x40 ./Sources/Util/tc_hal.o
                0x000005c4                tc_installLptmr0
 .text.CLOCK_HAL_SetLpsciSrc
                0x00000604       0x30 ./Sources/Serial/serial_hal.o
 .text.CLOCK_SYS_SetLpsciSrc
                0x00000634       0x2c ./Sources/Serial/serial_hal.o
 .text.serial_initUart
                0x00000660       0x34 ./Sources/Serial/serial_hal.o
                0x00000660                serial_initUart
 .text.serial_sendBuffer
                0x00000694       0x40 ./Sources/Serial/serial_hal.o
                0x00000694                serial_sendBuffer
 .text.rgbled_init
                0x000006d4      0x184 ./Sources/RGBLed/rgbled_hal.o
                0x000006d4                rgbled_init
 .text.GPIO_HAL_SetPinOutput
                0x00000858       0x3c ./Sources/PhotoSensor/photosensor_hal.o
 .text.GPIO_HAL_ClearPinOutput
                0x00000894       0x3c ./Sources/PhotoSensor/photosensor_hal.o
 .text.photoSensor_initADCModule
                0x000008d0      0x130 ./Sources/PhotoSensor/photosensor_hal.o
                0x000008d0                photoSensor_initADCModule
 .text.photoSensor_initAdcConversion
                0x00000a00       0x30 ./Sources/PhotoSensor/photosensor_hal.o
                0x00000a00                photoSensor_initAdcConversion
 .text.photoSensor_getAdcConversionValue
                0x00000a30       0x14 ./Sources/PhotoSensor/photosensor_hal.o
                0x00000a30                photoSensor_getAdcConversionValue
 .text.photoSensor_getDCValues
                0x00000a44       0x4c ./Sources/PhotoSensor/photosensor_hal.o
                0x00000a44                photoSensor_getDCValues
 .text.photoSensor_initLEDS
                0x00000a90      0x148 ./Sources/PhotoSensor/photosensor_hal.o
                0x00000a90                photoSensor_initLEDS
 .text.photoSensor_init
                0x00000bd8       0x14 ./Sources/PhotoSensor/photosensor_hal.o
                0x00000bd8                photoSensor_init
 .text.photoSensor_measure
                0x00000bec       0x8c ./Sources/PhotoSensor/photosensor_hal.o
                0x00000bec                photoSensor_measure
 .text._nop_handler
                0x00000c78       0x34 ./Sources/PIT/pit_hal.o
 .text.PIT_IRQHandler
                0x00000cac       0x38 ./Sources/PIT/pit_hal.o
                0x00000cac                PIT_IRQHandler
 .text.SMC_HAL_SetProtection
                0x00000ce4       0x1c ./Sources/Mcg/mcg_hal.o
 .text.PORT_HAL_SetMuxMode
                0x00000d00       0x4c ./Sources/Mcg/mcg_hal.o
 .text.mcg_initOsc0
                0x00000d4c       0x40 ./Sources/Mcg/mcg_hal.o
                0x00000d4c                mcg_initOsc0
 .text.mcg_initRtcOsc
                0x00000d8c       0x3c ./Sources/Mcg/mcg_hal.o
                0x00000d8c                mcg_initRtcOsc
 .text.mcg_initSystemClock
                0x00000dc8       0x14 ./Sources/Mcg/mcg_hal.o
                0x00000dc8                mcg_initSystemClock
 .text.mcg_clockInit
                0x00000ddc       0x50 ./Sources/Mcg/mcg_hal.o
                0x00000ddc                mcg_clockInit
 .text.main_cyclicExecuteIsr
                0x00000e2c       0x14 ./Sources/Main/es770.o
                0x00000e2c                main_cyclicExecuteIsr
 .text.main_boardInit
                0x00000e40       0x18 ./Sources/Main/es770.o
                0x00000e40                main_boardInit
 .text.main     0x00000e58       0x94 ./Sources/Main/es770.o
                0x00000e58                main
 .text.UART_HAL_EnableTransmitter
                0x00000eec       0x1c ./Sources/fsl_debug_console.o
 .text.UART_HAL_EnableReceiver
                0x00000f08       0x1c ./Sources/fsl_debug_console.o
 .text.UART_HAL_SetBitCountPerChar
                0x00000f24       0x28 ./Sources/fsl_debug_console.o
 .text.UART_HAL_SetStopBitCount
                0x00000f4c       0x28 ./Sources/fsl_debug_console.o
 .text.LPSCI_HAL_EnableTransmitter
                0x00000f74       0x1c ./Sources/fsl_debug_console.o
 .text.LPSCI_HAL_EnableReceiver
                0x00000f90       0x1c ./Sources/fsl_debug_console.o
 .text.LPSCI_HAL_SetBitCountPerChar
                0x00000fac       0x28 ./Sources/fsl_debug_console.o
 .text.LPSCI_HAL_SetStopBitCount
                0x00000fd4       0x28 ./Sources/fsl_debug_console.o
 .text.DbgConsole_Init
                0x00000ffc      0x160 ./Sources/fsl_debug_console.o
                0x00000ffc                DbgConsole_Init
 .text._write   0x0000115c       0x5c ./Sources/fsl_debug_console.o
                0x0000115c                _write
 .text._read    0x000011b8       0x48 ./Sources/fsl_debug_console.o
                0x000011b8                _read
 .text.init_data_bss
                0x00001200       0xc8 ./Project_Settings/Startup_Code/startup.o
                0x00001200                init_data_bss
 .text.SystemInit
                0x000012c8       0x18 ./Project_Settings/Startup_Code/system_MKL25Z4.o
                0x000012c8                SystemInit
 .text.UART_HAL_SetBaudRate
                0x000012e0       0x34 /mnt/9A68FEAD68FE8773/ksdk/lib/ksdk_platform_lib/kds/KL25Z4/debug/libksdk_platform.a(fsl_uart_hal.o)
                0x000012e0                UART_HAL_SetBaudRate
 .text.UART_HAL_SetParityMode
                0x00001314       0x1e /mnt/9A68FEAD68FE8773/ksdk/lib/ksdk_platform_lib/kds/KL25Z4/debug/libksdk_platform.a(fsl_uart_hal.o)
                0x00001314                UART_HAL_SetParityMode
 .text.UART_HAL_SendDataPolling
                0x00001332       0x22 /mnt/9A68FEAD68FE8773/ksdk/lib/ksdk_platform_lib/kds/KL25Z4/debug/libksdk_platform.a(fsl_uart_hal.o)
                0x00001332                UART_HAL_SendDataPolling
 .text.UART_HAL_ReceiveDataPolling
                0x00001354       0x38 /mnt/9A68FEAD68FE8773/ksdk/lib/ksdk_platform_lib/kds/KL25Z4/debug/libksdk_platform.a(fsl_uart_hal.o)
                0x00001354                UART_HAL_ReceiveDataPolling
 .text.INT_SYS_DisableIRQ
                0x0000138c       0x40 /mnt/9A68FEAD68FE8773/ksdk/lib/ksdk_platform_lib/kds/KL25Z4/debug/libksdk_platform.a(fsl_lptmr_driver.o)
 .text.LPTMR_DRV_Init
                0x000013cc      0x124 /mnt/9A68FEAD68FE8773/ksdk/lib/ksdk_platform_lib/kds/KL25Z4/debug/libksdk_platform.a(fsl_lptmr_driver.o)
                0x000013cc                LPTMR_DRV_Init
 .text.LPTMR_DRV_Start
                0x000014f0       0x4c /mnt/9A68FEAD68FE8773/ksdk/lib/ksdk_platform_lib/kds/KL25Z4/debug/libksdk_platform.a(fsl_lptmr_driver.o)
                0x000014f0                LPTMR_DRV_Start
 .text.LPTMR_DRV_SetTimerPeriodUs
                0x0000153c       0xcc /mnt/9A68FEAD68FE8773/ksdk/lib/ksdk_platform_lib/kds/KL25Z4/debug/libksdk_platform.a(fsl_lptmr_driver.o)
                0x0000153c                LPTMR_DRV_SetTimerPeriodUs
 .text.LPTMR_DRV_InstallCallback
                0x00001608       0x38 /mnt/9A68FEAD68FE8773/ksdk/lib/ksdk_platform_lib/kds/KL25Z4/debug/libksdk_platform.a(fsl_lptmr_driver.o)
                0x00001608                LPTMR_DRV_InstallCallback
 .text.LPTMR_DRV_IRQHandler
                0x00001640       0x6c /mnt/9A68FEAD68FE8773/ksdk/lib/ksdk_platform_lib/kds/KL25Z4/debug/libksdk_platform.a(fsl_lptmr_driver.o)
                0x00001640                LPTMR_DRV_IRQHandler
 .text.LPSCI_HAL_SetBaudRate
                0x000016ac       0xcc /mnt/9A68FEAD68FE8773/ksdk/lib/ksdk_platform_lib/kds/KL25Z4/debug/libksdk_platform.a(fsl_lpsci_hal.o)
                0x000016ac                LPSCI_HAL_SetBaudRate
 .text.LPSCI_HAL_SetParityMode
                0x00001778       0x1e /mnt/9A68FEAD68FE8773/ksdk/lib/ksdk_platform_lib/kds/KL25Z4/debug/libksdk_platform.a(fsl_lpsci_hal.o)
                0x00001778                LPSCI_HAL_SetParityMode
 .text.LPSCI_HAL_SendDataPolling
                0x00001796       0x20 /mnt/9A68FEAD68FE8773/ksdk/lib/ksdk_platform_lib/kds/KL25Z4/debug/libksdk_platform.a(fsl_lpsci_hal.o)
                0x00001796                LPSCI_HAL_SendDataPolling
 .text.LPSCI_HAL_ReceiveDataPolling
                0x000017b6       0x36 /mnt/9A68FEAD68FE8773/ksdk/lib/ksdk_platform_lib/kds/KL25Z4/debug/libksdk_platform.a(fsl_lpsci_hal.o)
                0x000017b6                LPSCI_HAL_ReceiveDataPolling
 .text.SIM_HAL_EnableClock.constprop.7
                0x000017ec       0x24 /mnt/9A68FEAD68FE8773/ksdk/lib/ksdk_platform_lib/kds/KL25Z4/debug/libksdk_platform.a(fsl_clock_MKL25Z4.o)
 .text.CLOCK_SYS_GetCoreClockFreq
                0x00001810       0x20 /mnt/9A68FEAD68FE8773/ksdk/lib/ksdk_platform_lib/kds/KL25Z4/debug/libksdk_platform.a(fsl_clock_MKL25Z4.o)
                0x00001810                CLOCK_SYS_GetCoreClockFreq
 .text.CLOCK_SYS_SetConfiguration
                0x00001830       0x84 /mnt/9A68FEAD68FE8773/ksdk/lib/ksdk_platform_lib/kds/KL25Z4/debug/libksdk_platform.a(fsl_clock_MKL25Z4.o)
                0x00001830                CLOCK_SYS_SetConfiguration
 .text.CLOCK_SYS_FllStableDelay
                0x000018b4       0x1c /mnt/9A68FEAD68FE8773/ksdk/lib/ksdk_platform_lib/kds/KL25Z4/debug/libksdk_platform.a(fsl_clock_MKL25Z4.o)
 .text.CLOCK_SYS_GetSystemClockFreq
                0x000018d0       0x20 /mnt/9A68FEAD68FE8773/ksdk/lib/ksdk_platform_lib/kds/KL25Z4/debug/libksdk_platform.a(fsl_clock_MKL25Z4.o)
                0x000018d0                CLOCK_SYS_GetSystemClockFreq
 .text.CLOCK_SYS_GetBusClockFreq
                0x000018f0       0x18 /mnt/9A68FEAD68FE8773/ksdk/lib/ksdk_platform_lib/kds/KL25Z4/debug/libksdk_platform.a(fsl_clock_MKL25Z4.o)
                0x000018f0                CLOCK_SYS_GetBusClockFreq
 .text.CLOCK_SYS_GetPllFllClockFreq
                0x00001908       0x30 /mnt/9A68FEAD68FE8773/ksdk/lib/ksdk_platform_lib/kds/KL25Z4/debug/libksdk_platform.a(fsl_clock_MKL25Z4.o)
                0x00001908                CLOCK_SYS_GetPllFllClockFreq
 .text.CLOCK_SYS_GetExternalRefClock32kFreq
                0x00001938       0x40 /mnt/9A68FEAD68FE8773/ksdk/lib/ksdk_platform_lib/kds/KL25Z4/debug/libksdk_platform.a(fsl_clock_MKL25Z4.o)
                0x00001938                CLOCK_SYS_GetExternalRefClock32kFreq
 .text.CLOCK_SYS_GetOsc0ExternalRefClockFreq
                0x00001978       0x24 /mnt/9A68FEAD68FE8773/ksdk/lib/ksdk_platform_lib/kds/KL25Z4/debug/libksdk_platform.a(fsl_clock_MKL25Z4.o)
                0x00001978                CLOCK_SYS_GetOsc0ExternalRefClockFreq
 .text.CLOCK_SYS_GetLptmrFreq
                0x0000199c       0x30 /mnt/9A68FEAD68FE8773/ksdk/lib/ksdk_platform_lib/kds/KL25Z4/debug/libksdk_platform.a(fsl_clock_MKL25Z4.o)
                0x0000199c                CLOCK_SYS_GetLptmrFreq
 .text.CLOCK_SYS_GetLpsciFreq
                0x000019cc       0x34 /mnt/9A68FEAD68FE8773/ksdk/lib/ksdk_platform_lib/kds/KL25Z4/debug/libksdk_platform.a(fsl_clock_MKL25Z4.o)
                0x000019cc                CLOCK_SYS_GetLpsciFreq
 .text.CLOCK_SYS_GetUartFreq
                0x00001a00       0x10 /mnt/9A68FEAD68FE8773/ksdk/lib/ksdk_platform_lib/kds/KL25Z4/debug/libksdk_platform.a(fsl_clock_MKL25Z4.o)
                0x00001a00                CLOCK_SYS_GetUartFreq
 .text.CLOCK_SYS_EnablePortClock
                0x00001a10       0x30 /mnt/9A68FEAD68FE8773/ksdk/lib/ksdk_platform_lib/kds/KL25Z4/debug/libksdk_platform.a(fsl_clock_MKL25Z4.o)
                0x00001a10                CLOCK_SYS_EnablePortClock
 .text.CLOCK_SYS_EnableLpsciClock
                0x00001a40       0x30 /mnt/9A68FEAD68FE8773/ksdk/lib/ksdk_platform_lib/kds/KL25Z4/debug/libksdk_platform.a(fsl_clock_MKL25Z4.o)
                0x00001a40                CLOCK_SYS_EnableLpsciClock
 .text.CLOCK_SYS_EnableUartClock
                0x00001a70       0x30 /mnt/9A68FEAD68FE8773/ksdk/lib/ksdk_platform_lib/kds/KL25Z4/debug/libksdk_platform.a(fsl_clock_MKL25Z4.o)
                0x00001a70                CLOCK_SYS_EnableUartClock
 .text.CLOCK_SYS_SetMcgPeeToFbe
                0x00001aa0       0x30 /mnt/9A68FEAD68FE8773/ksdk/lib/ksdk_platform_lib/kds/KL25Z4/debug/libksdk_platform.a(fsl_clock_manager.o)
 .text.CLOCK_SYS_SetMcgMode
                0x00001ad0      0x134 /mnt/9A68FEAD68FE8773/ksdk/lib/ksdk_platform_lib/kds/KL25Z4/debug/libksdk_platform.a(fsl_clock_manager.o)
                0x00001ad0                CLOCK_SYS_SetMcgMode
 .text.CLOCK_SYS_SetOscerConfigration
                0x00001c04       0x28 /mnt/9A68FEAD68FE8773/ksdk/lib/ksdk_platform_lib/kds/KL25Z4/debug/libksdk_platform.a(fsl_clock_manager.o)
                0x00001c04                CLOCK_SYS_SetOscerConfigration
 .text.CLOCK_SYS_OscInit
                0x00001c2c       0x98 /mnt/9A68FEAD68FE8773/ksdk/lib/ksdk_platform_lib/kds/KL25Z4/debug/libksdk_platform.a(fsl_clock_manager.o)
                0x00001c2c                CLOCK_SYS_OscInit
 .text.CLOCK_SYS_RtcOscInit
                0x00001cc4       0xa0 /mnt/9A68FEAD68FE8773/ksdk/lib/ksdk_platform_lib/kds/KL25Z4/debug/libksdk_platform.a(fsl_clock_manager.o)
                0x00001cc4                CLOCK_SYS_RtcOscInit
 .text.CLOCK_HAL_SetOutDiv
                0x00001d64       0x1c /mnt/9A68FEAD68FE8773/ksdk/lib/ksdk_platform_lib/kds/KL25Z4/debug/libksdk_platform.a(fsl_sim_hal_MKL25Z4.o)
                0x00001d64                CLOCK_HAL_SetOutDiv
 .text.OSC_HAL_SetCapacitor
                0x00001d80        0xe /mnt/9A68FEAD68FE8773/ksdk/lib/ksdk_platform_lib/kds/KL25Z4/debug/libksdk_platform.a(fsl_osc_hal.o)
                0x00001d80                OSC_HAL_SetCapacitor
 *fill*         0x00001d8e        0x2 
 .text.CLOCK_HAL_TestOscFreq
                0x00001d90        0xc /mnt/9A68FEAD68FE8773/ksdk/lib/ksdk_platform_lib/kds/KL25Z4/debug/libksdk_platform.a(fsl_mcg_hal.o)
                0x00001d90                CLOCK_HAL_TestOscFreq
 .text.CLOCK_HAL_TestFllExternalRefFreq
                0x00001d9c       0x36 /mnt/9A68FEAD68FE8773/ksdk/lib/ksdk_platform_lib/kds/KL25Z4/debug/libksdk_platform.a(fsl_mcg_hal.o)
                0x00001d9c                CLOCK_HAL_TestFllExternalRefFreq
 *fill*         0x00001dd2        0x2 
 .text.CLOCK_HAL_GetFllRefClk
                0x00001dd4       0x44 /mnt/9A68FEAD68FE8773/ksdk/lib/ksdk_platform_lib/kds/KL25Z4/debug/libksdk_platform.a(fsl_mcg_hal.o)
                0x00001dd4                CLOCK_HAL_GetFllRefClk
 .text.CLOCK_HAL_TestFllFreq
                0x00001e18       0x38 /mnt/9A68FEAD68FE8773/ksdk/lib/ksdk_platform_lib/kds/KL25Z4/debug/libksdk_platform.a(fsl_mcg_hal.o)
                0x00001e18                CLOCK_HAL_TestFllFreq
 .text.CLOCK_HAL_GetFllClk
                0x00001e50       0x40 /mnt/9A68FEAD68FE8773/ksdk/lib/ksdk_platform_lib/kds/KL25Z4/debug/libksdk_platform.a(fsl_mcg_hal.o)
                0x00001e50                CLOCK_HAL_GetFllClk
 .text.CLOCK_HAL_UpdateFastClkInternalRefDiv
                0x00001e90       0x60 /mnt/9A68FEAD68FE8773/ksdk/lib/ksdk_platform_lib/kds/KL25Z4/debug/libksdk_platform.a(fsl_mcg_hal.o)
                0x00001e90                CLOCK_HAL_UpdateFastClkInternalRefDiv
 .text.CLOCK_HAL_GetPll0Clk
                0x00001ef0       0x48 /mnt/9A68FEAD68FE8773/ksdk/lib/ksdk_platform_lib/kds/KL25Z4/debug/libksdk_platform.a(fsl_mcg_hal.o)
                0x00001ef0                CLOCK_HAL_GetPll0Clk
 .text.CLOCK_HAL_EnablePll0InFllMode
                0x00001f38       0x38 /mnt/9A68FEAD68FE8773/ksdk/lib/ksdk_platform_lib/kds/KL25Z4/debug/libksdk_platform.a(fsl_mcg_hal.o)
                0x00001f38                CLOCK_HAL_EnablePll0InFllMode
 .text.CLOCK_HAL_GetInternalRefClk
                0x00001f70       0x40 /mnt/9A68FEAD68FE8773/ksdk/lib/ksdk_platform_lib/kds/KL25Z4/debug/libksdk_platform.a(fsl_mcg_hal.o)
                0x00001f70                CLOCK_HAL_GetInternalRefClk
 .text.CLOCK_HAL_GetOutClk
                0x00001fb0       0x48 /mnt/9A68FEAD68FE8773/ksdk/lib/ksdk_platform_lib/kds/KL25Z4/debug/libksdk_platform.a(fsl_mcg_hal.o)
                0x00001fb0                CLOCK_HAL_GetOutClk
 .text.CLOCK_HAL_SetOsc0Mode
                0x00001ff8       0x24 /mnt/9A68FEAD68FE8773/ksdk/lib/ksdk_platform_lib/kds/KL25Z4/debug/libksdk_platform.a(fsl_mcg_hal.o)
                0x00001ff8                CLOCK_HAL_SetOsc0Mode
 .text.CLOCK_HAL_PrepareOsc.isra.0
                0x0000201c       0x1e /mnt/9A68FEAD68FE8773/ksdk/lib/ksdk_platform_lib/kds/KL25Z4/debug/libksdk_platform.a(fsl_mcg_hal_modes.o)
 *fill*         0x0000203a        0x2 
 .text.CLOCK_HAL_GetMcgMode
                0x0000203c       0x8c /mnt/9A68FEAD68FE8773/ksdk/lib/ksdk_platform_lib/kds/KL25Z4/debug/libksdk_platform.a(fsl_mcg_hal_modes.o)
                0x0000203c                CLOCK_HAL_GetMcgMode
 .text.CLOCK_HAL_SetFbiMode
                0x000020c8       0xc0 /mnt/9A68FEAD68FE8773/ksdk/lib/ksdk_platform_lib/kds/KL25Z4/debug/libksdk_platform.a(fsl_mcg_hal_modes.o)
                0x000020c8                CLOCK_HAL_SetFbiMode
 .text.CLOCK_HAL_SetFbeMode
                0x00002188       0xd0 /mnt/9A68FEAD68FE8773/ksdk/lib/ksdk_platform_lib/kds/KL25Z4/debug/libksdk_platform.a(fsl_mcg_hal_modes.o)
                0x00002188                CLOCK_HAL_SetFbeMode
 .text.CLOCK_HAL_SetPbeMode
                0x00002258       0xc8 /mnt/9A68FEAD68FE8773/ksdk/lib/ksdk_platform_lib/kds/KL25Z4/debug/libksdk_platform.a(fsl_mcg_hal_modes.o)
                0x00002258                CLOCK_HAL_SetPbeMode
 .text.LPTMR_HAL_SetTimerWorkingMode
                0x00002320       0x3a /mnt/9A68FEAD68FE8773/ksdk/lib/ksdk_platform_lib/kds/KL25Z4/debug/libksdk_platform.a(fsl_lptmr_hal.o)
                0x00002320                LPTMR_HAL_SetTimerWorkingMode
 .text.LPTMR_HAL_SetPrescalerMode
                0x0000235a       0x1e /mnt/9A68FEAD68FE8773/ksdk/lib/ksdk_platform_lib/kds/KL25Z4/debug/libksdk_platform.a(fsl_lptmr_hal.o)
                0x0000235a                LPTMR_HAL_SetPrescalerMode
 .text.__assert_func
                0x00002378       0x3c /opt/Freescale/KDS_3.0.0/toolchain/bin/../lib/gcc/arm-none-eabi/4.8.4/../../../../arm-none-eabi/lib/armv6-m/libg_s.a(lib_a-assert.o)
                0x00002378                __assert_func
 .text.exit     0x000023b4       0x2c /opt/Freescale/KDS_3.0.0/toolchain/bin/../lib/gcc/arm-none-eabi/4.8.4/../../../../arm-none-eabi/lib/armv6-m/libg_s.a(lib_a-exit.o)
                0x000023b4                exit
 .text.fprintf  0x000023e0       0x24 /opt/Freescale/KDS_3.0.0/toolchain/bin/../lib/gcc/arm-none-eabi/4.8.4/../../../../arm-none-eabi/lib/armv6-m/libg_s.a(lib_a-fprintf.o)
                0x000023e0                fprintf
                0x000023e0                fiprintf
 .text.__libc_init_array
                0x00002404       0x4c /opt/Freescale/KDS_3.0.0/toolchain/bin/../lib/gcc/arm-none-eabi/4.8.4/../../../../arm-none-eabi/lib/armv6-m/libg_s.a(lib_a-init.o)
                0x00002404                __libc_init_array
 .text.memcpy   0x00002450       0x12 /opt/Freescale/KDS_3.0.0/toolchain/bin/../lib/gcc/arm-none-eabi/4.8.4/../../../../arm-none-eabi/lib/armv6-m/libg_s.a(lib_a-memcpy-stub.o)
                0x00002450                memcpy
 .text.memset   0x00002462       0x10 /opt/Freescale/KDS_3.0.0/toolchain/bin/../lib/gcc/arm-none-eabi/4.8.4/../../../../arm-none-eabi/lib/armv6-m/libg_s.a(lib_a-memset.o)
                0x00002462                memset
 *fill*         0x00002472        0x2 
 .text._free_r  0x00002474       0x90 /opt/Freescale/KDS_3.0.0/toolchain/bin/../lib/gcc/arm-none-eabi/4.8.4/../../../../arm-none-eabi/lib/armv6-m/libg_s.a(lib_a-nano-freer.o)
                0x00002474                _free_r
 .text._malloc_r
                0x00002504       0xa8 /opt/Freescale/KDS_3.0.0/toolchain/bin/../lib/gcc/arm-none-eabi/4.8.4/../../../../arm-none-eabi/lib/armv6-m/libg_s.a(lib_a-nano-mallocr.o)
                0x00002504                _malloc_r
 .text._sbrk_r  0x000025ac       0x24 /opt/Freescale/KDS_3.0.0/toolchain/bin/../lib/gcc/arm-none-eabi/4.8.4/../../../../arm-none-eabi/lib/armv6-m/libg_s.a(lib_a-sbrkr.o)
                0x000025ac                _sbrk_r
 .text.sprintf  0x000025d0       0x44 /opt/Freescale/KDS_3.0.0/toolchain/bin/../lib/gcc/arm-none-eabi/4.8.4/../../../../arm-none-eabi/lib/armv6-m/libg_s.a(lib_a-sprintf.o)
                0x000025d0                sprintf
                0x000025d0                siprintf
 .text.strlen   0x00002614        0xe /opt/Freescale/KDS_3.0.0/toolchain/bin/../lib/gcc/arm-none-eabi/4.8.4/../../../../arm-none-eabi/lib/armv6-m/libg_s.a(lib_a-strlen.o)
                0x00002614                strlen
 *fill*         0x00002622        0x2 
 .text.__ssputs_r
                0x00002624       0xc0 /opt/Freescale/KDS_3.0.0/toolchain/bin/../lib/gcc/arm-none-eabi/4.8.4/../../../../arm-none-eabi/lib/armv6-m/libg_s.a(lib_a-svfprintf.o)
                0x00002624                __ssputs_r
 .text._svfprintf_r
                0x000026e4      0x1e0 /opt/Freescale/KDS_3.0.0/toolchain/bin/../lib/gcc/arm-none-eabi/4.8.4/../../../../arm-none-eabi/lib/armv6-m/libg_s.a(lib_a-svfprintf.o)
                0x000026e4                _svfprintf_r
                0x000026e4                _svfiprintf_r
 .text.__sfputc_r
                0x000028c4       0x2a /opt/Freescale/KDS_3.0.0/toolchain/bin/../lib/gcc/arm-none-eabi/4.8.4/../../../../arm-none-eabi/lib/armv6-m/libg_s.a(lib_a-vfprintf.o)
 .text.__sfputs_r
                0x000028ee       0x24 /opt/Freescale/KDS_3.0.0/toolchain/bin/../lib/gcc/arm-none-eabi/4.8.4/../../../../arm-none-eabi/lib/armv6-m/libg_s.a(lib_a-vfprintf.o)
                0x000028ee                __sfputs_r
 *fill*         0x00002912        0x2 
 .text._vfprintf_r
                0x00002914      0x210 /opt/Freescale/KDS_3.0.0/toolchain/bin/../lib/gcc/arm-none-eabi/4.8.4/../../../../arm-none-eabi/lib/armv6-m/libg_s.a(lib_a-vfprintf.o)
                0x00002914                _vfiprintf_r
                0x00002914                _vfprintf_r
 .text._printf_common
                0x00002b24       0xe8 /opt/Freescale/KDS_3.0.0/toolchain/bin/../lib/gcc/arm-none-eabi/4.8.4/../../../../arm-none-eabi/lib/armv6-m/libg_s.a(lib_a-vfprintf_i.o)
                0x00002b24                _printf_common
 .text._printf_i
                0x00002c0c      0x22c /opt/Freescale/KDS_3.0.0/toolchain/bin/../lib/gcc/arm-none-eabi/4.8.4/../../../../arm-none-eabi/lib/armv6-m/libg_s.a(lib_a-vfprintf_i.o)
                0x00002c0c                _printf_i
 .text.__swbuf_r
                0x00002e38       0xb0 /opt/Freescale/KDS_3.0.0/toolchain/bin/../lib/gcc/arm-none-eabi/4.8.4/../../../../arm-none-eabi/lib/armv6-m/libg_s.a(lib_a-wbuf.o)
                0x00002e38                __swbuf_r
 .text.__swsetup_r
                0x00002ee8       0xe4 /opt/Freescale/KDS_3.0.0/toolchain/bin/../lib/gcc/arm-none-eabi/4.8.4/../../../../arm-none-eabi/lib/armv6-m/libg_s.a(lib_a-wsetup.o)
                0x00002ee8                __swsetup_r
 .text.abort    0x00002fcc        0xe /opt/Freescale/KDS_3.0.0/toolchain/bin/../lib/gcc/arm-none-eabi/4.8.4/../../../../arm-none-eabi/lib/armv6-m/libg_s.a(lib_a-abort.o)
                0x00002fcc                abort
 .text.__sflush_r
                0x00002fda      0x112 /opt/Freescale/KDS_3.0.0/toolchain/bin/../lib/gcc/arm-none-eabi/4.8.4/../../../../arm-none-eabi/lib/armv6-m/libg_s.a(lib_a-fflush.o)
                0x00002fda                __sflush_r
 .text._fflush_r
                0x000030ec       0x58 /opt/Freescale/KDS_3.0.0/toolchain/bin/../lib/gcc/arm-none-eabi/4.8.4/../../../../arm-none-eabi/lib/armv6-m/libg_s.a(lib_a-fflush.o)
                0x000030ec                _fflush_r
 .text._cleanup_r
                0x00003144       0x34 /opt/Freescale/KDS_3.0.0/toolchain/bin/../lib/gcc/arm-none-eabi/4.8.4/../../../../arm-none-eabi/lib/armv6-m/libg_s.a(lib_a-findfp.o)
                0x00003144                _cleanup_r
 .text.std.isra.0
                0x00003178       0x48 /opt/Freescale/KDS_3.0.0/toolchain/bin/../lib/gcc/arm-none-eabi/4.8.4/../../../../arm-none-eabi/lib/armv6-m/libg_s.a(lib_a-findfp.o)
 .text.__sfmoreglue
                0x000031c0       0x2c /opt/Freescale/KDS_3.0.0/toolchain/bin/../lib/gcc/arm-none-eabi/4.8.4/../../../../arm-none-eabi/lib/armv6-m/libg_s.a(lib_a-findfp.o)
                0x000031c0                __sfmoreglue
 .text.__sinit  0x000031ec       0x64 /opt/Freescale/KDS_3.0.0/toolchain/bin/../lib/gcc/arm-none-eabi/4.8.4/../../../../arm-none-eabi/lib/armv6-m/libg_s.a(lib_a-findfp.o)
                0x000031ec                __sinit
 .text.__sfp    0x00003250       0x7c /opt/Freescale/KDS_3.0.0/toolchain/bin/../lib/gcc/arm-none-eabi/4.8.4/../../../../arm-none-eabi/lib/armv6-m/libg_s.a(lib_a-findfp.o)
                0x00003250                __sfp
 .text.__smakebuf_r
                0x000032cc       0xa0 /opt/Freescale/KDS_3.0.0/toolchain/bin/../lib/gcc/arm-none-eabi/4.8.4/../../../../arm-none-eabi/lib/armv6-m/libg_s.a(lib_a-makebuf.o)
                0x000032cc                __smakebuf_r
 .text.memchr   0x0000336c       0x16 /opt/Freescale/KDS_3.0.0/toolchain/bin/../lib/gcc/arm-none-eabi/4.8.4/../../../../arm-none-eabi/lib/armv6-m/libg_s.a(lib_a-memchr-stub.o)
                0x0000336c                memchr
 .text.memmove  0x00003382       0x32 /opt/Freescale/KDS_3.0.0/toolchain/bin/../lib/gcc/arm-none-eabi/4.8.4/../../../../arm-none-eabi/lib/armv6-m/libg_s.a(lib_a-memmove.o)
                0x00003382                memmove
 .text._realloc_r
                0x000033b4       0x4c /opt/Freescale/KDS_3.0.0/toolchain/bin/../lib/gcc/arm-none-eabi/4.8.4/../../../../arm-none-eabi/lib/armv6-m/libg_s.a(lib_a-nano-reallocr.o)
                0x000033b4                _realloc_r
 .text._raise_r
                0x00003400       0x56 /opt/Freescale/KDS_3.0.0/toolchain/bin/../lib/gcc/arm-none-eabi/4.8.4/../../../../arm-none-eabi/lib/armv6-m/libg_s.a(lib_a-signal.o)
                0x00003400                _raise_r
 *fill*         0x00003456        0x2 
 .text.raise    0x00003458       0x14 /opt/Freescale/KDS_3.0.0/toolchain/bin/../lib/gcc/arm-none-eabi/4.8.4/../../../../arm-none-eabi/lib/armv6-m/libg_s.a(lib_a-signal.o)
                0x00003458                raise
 .text._kill_r  0x0000346c       0x24 /opt/Freescale/KDS_3.0.0/toolchain/bin/../lib/gcc/arm-none-eabi/4.8.4/../../../../arm-none-eabi/lib/armv6-m/libg_s.a(lib_a-signalr.o)
                0x0000346c                _kill_r
 .text._getpid_r
                0x00003490        0x8 /opt/Freescale/KDS_3.0.0/toolchain/bin/../lib/gcc/arm-none-eabi/4.8.4/../../../../arm-none-eabi/lib/armv6-m/libg_s.a(lib_a-signalr.o)
                0x00003490                _getpid_r
 .text.__sread  0x00003498       0x28 /opt/Freescale/KDS_3.0.0/toolchain/bin/../lib/gcc/arm-none-eabi/4.8.4/../../../../arm-none-eabi/lib/armv6-m/libg_s.a(lib_a-stdio.o)
                0x00003498                __sread
 .text.__swrite
                0x000034c0       0x38 /opt/Freescale/KDS_3.0.0/toolchain/bin/../lib/gcc/arm-none-eabi/4.8.4/../../../../arm-none-eabi/lib/armv6-m/libg_s.a(lib_a-stdio.o)
                0x000034c0                __swrite
 .text.__sseek  0x000034f8       0x2c /opt/Freescale/KDS_3.0.0/toolchain/bin/../lib/gcc/arm-none-eabi/4.8.4/../../../../arm-none-eabi/lib/armv6-m/libg_s.a(lib_a-stdio.o)
                0x000034f8                __sseek
 .text.__sclose
                0x00003524        0xc /opt/Freescale/KDS_3.0.0/toolchain/bin/../lib/gcc/arm-none-eabi/4.8.4/../../../../arm-none-eabi/lib/armv6-m/libg_s.a(lib_a-stdio.o)
                0x00003524                __sclose
 .text._write_r
                0x00003530       0x28 /opt/Freescale/KDS_3.0.0/toolchain/bin/../lib/gcc/arm-none-eabi/4.8.4/../../../../arm-none-eabi/lib/armv6-m/libg_s.a(lib_a-writer.o)
                0x00003530                _write_r
 .text._close_r
                0x00003558       0x24 /opt/Freescale/KDS_3.0.0/toolchain/bin/../lib/gcc/arm-none-eabi/4.8.4/../../../../arm-none-eabi/lib/armv6-m/libg_s.a(lib_a-closer.o)
                0x00003558                _close_r
 .text._fstat_r
                0x0000357c       0x24 /opt/Freescale/KDS_3.0.0/toolchain/bin/../lib/gcc/arm-none-eabi/4.8.4/../../../../arm-none-eabi/lib/armv6-m/libg_s.a(lib_a-fstatr.o)
                0x0000357c                _fstat_r
 .text._isatty_r
                0x000035a0       0x24 /opt/Freescale/KDS_3.0.0/toolchain/bin/../lib/gcc/arm-none-eabi/4.8.4/../../../../arm-none-eabi/lib/armv6-m/libg_s.a(lib_a-isattyr.o)
                0x000035a0                _isatty_r
 .text._lseek_r
                0x000035c4       0x28 /opt/Freescale/KDS_3.0.0/toolchain/bin/../lib/gcc/arm-none-eabi/4.8.4/../../../../arm-none-eabi/lib/armv6-m/libg_s.a(lib_a-lseekr.o)
                0x000035c4                _lseek_r
 .text._malloc_usable_size_r
                0x000035ec       0x12 /opt/Freescale/KDS_3.0.0/toolchain/bin/../lib/gcc/arm-none-eabi/4.8.4/../../../../arm-none-eabi/lib/armv6-m/libg_s.a(lib_a-nano-msizer.o)
                0x000035ec                _malloc_usable_size_r
 *fill*         0x000035fe        0x2 
 .text._read_r  0x00003600       0x28 /opt/Freescale/KDS_3.0.0/toolchain/bin/../lib/gcc/arm-none-eabi/4.8.4/../../../../arm-none-eabi/lib/armv6-m/libg_s.a(lib_a-readr.o)
                0x00003600                _read_r
 .text._close   0x00003628       0x10 /opt/Freescale/KDS_3.0.0/toolchain/bin/../lib/gcc/arm-none-eabi/4.8.4/../../../../arm-none-eabi/lib/armv6-m/libnosys.a(close.o)
                0x00003628                _close
 .text._fstat   0x00003638       0x10 /opt/Freescale/KDS_3.0.0/toolchain/bin/../lib/gcc/arm-none-eabi/4.8.4/../../../../arm-none-eabi/lib/armv6-m/libnosys.a(fstat.o)
                0x00003638                _fstat
 .text._getpid  0x00003648       0x10 /opt/Freescale/KDS_3.0.0/toolchain/bin/../lib/gcc/arm-none-eabi/4.8.4/../../../../arm-none-eabi/lib/armv6-m/libnosys.a(getpid.o)
                0x00003648                _getpid
 .text._isatty  0x00003658       0x10 /opt/Freescale/KDS_3.0.0/toolchain/bin/../lib/gcc/arm-none-eabi/4.8.4/../../../../arm-none-eabi/lib/armv6-m/libnosys.a(isatty.o)
                0x00003658                _isatty
 .text._kill    0x00003668       0x10 /opt/Freescale/KDS_3.0.0/toolchain/bin/../lib/gcc/arm-none-eabi/4.8.4/../../../../arm-none-eabi/lib/armv6-m/libnosys.a(kill.o)
                0x00003668                _kill
 .text._lseek   0x00003678       0x10 /opt/Freescale/KDS_3.0.0/toolchain/bin/../lib/gcc/arm-none-eabi/4.8.4/../../../../arm-none-eabi/lib/armv6-m/libnosys.a(lseek.o)
                0x00003678                _lseek
 .text._sbrk    0x00003688       0x34 /opt/Freescale/KDS_3.0.0/toolchain/bin/../lib/gcc/arm-none-eabi/4.8.4/../../../../arm-none-eabi/lib/armv6-m/libnosys.a(sbrk.o)
                0x00003688                _sbrk
 .text._exit    0x000036bc        0x4 /opt/Freescale/KDS_3.0.0/toolchain/bin/../lib/gcc/arm-none-eabi/4.8.4/../../../../arm-none-eabi/lib/armv6-m/libnosys.a(_exit.o)
                0x000036bc                _exit
 *(.rodata)
 .rodata        0x000036c0       0x48 ./Sources/PhotoSensor/photosensor_hal.o
 .rodata        0x00003708       0x48 ./Sources/Mcg/mcg_hal.o
 .rodata        0x00003750        0xc ./Sources/Main/es770.o
 .rodata        0x0000375c        0xc ./Sources/fsl_debug_console.o
 *(.rodata*)
 .rodata.__func__.5070
                0x00003768       0x18 ./Sources/PhotoSensor/photosensor_hal.o
 .rodata.__func__.5075
                0x00003780       0x18 ./Sources/PhotoSensor/photosensor_hal.o
 .rodata.g_defaultClockConfigRun
                0x00003798       0x14 ./Sources/Mcg/mcg_hal.o
                0x00003798                g_defaultClockConfigRun
 .rodata.__func__.5200
                0x000037ac       0x14 ./Sources/Mcg/mcg_hal.o
 .rodata.__func__.6554
                0x000037c0       0x1a /mnt/9A68FEAD68FE8773/ksdk/lib/ksdk_platform_lib/kds/KL25Z4/debug/libksdk_platform.a(fsl_lptmr_driver.o)
 .rodata.__func__.6558
                0x000037da       0x15 /mnt/9A68FEAD68FE8773/ksdk/lib/ksdk_platform_lib/kds/KL25Z4/debug/libksdk_platform.a(fsl_lptmr_driver.o)
 .rodata.str1.1
                0x000037ef      0x11b /mnt/9A68FEAD68FE8773/ksdk/lib/ksdk_platform_lib/kds/KL25Z4/debug/libksdk_platform.a(fsl_lptmr_driver.o)
 .rodata.__func__.6506
                0x0000390a        0xf /mnt/9A68FEAD68FE8773/ksdk/lib/ksdk_platform_lib/kds/KL25Z4/debug/libksdk_platform.a(fsl_lptmr_driver.o)
 .rodata.__func__.5685
                0x00003919       0x12 /mnt/9A68FEAD68FE8773/ksdk/lib/ksdk_platform_lib/kds/KL25Z4/debug/libksdk_platform.a(fsl_lptmr_driver.o)
 .rodata.__func__.5689
                0x0000392b       0x13 /mnt/9A68FEAD68FE8773/ksdk/lib/ksdk_platform_lib/kds/KL25Z4/debug/libksdk_platform.a(fsl_lptmr_driver.o)
 .rodata.__func__.6518
                0x0000393e       0x10 /mnt/9A68FEAD68FE8773/ksdk/lib/ksdk_platform_lib/kds/KL25Z4/debug/libksdk_platform.a(fsl_lptmr_driver.o)
 .rodata.__func__.6529
                0x0000394e       0x1b /mnt/9A68FEAD68FE8773/ksdk/lib/ksdk_platform_lib/kds/KL25Z4/debug/libksdk_platform.a(fsl_lptmr_driver.o)
 .rodata.__func__.6307
                0x00003969       0x1b /mnt/9A68FEAD68FE8773/ksdk/lib/ksdk_platform_lib/kds/KL25Z4/debug/libksdk_platform.a(fsl_clock_MKL25Z4.o)
 .rodata.uartGateTable
                0x00003984        0x3 /mnt/9A68FEAD68FE8773/ksdk/lib/ksdk_platform_lib/kds/KL25Z4/debug/libksdk_platform.a(fsl_clock_MKL25Z4.o)
 .rodata.__func__.6521
                0x00003987       0x1a /mnt/9A68FEAD68FE8773/ksdk/lib/ksdk_platform_lib/kds/KL25Z4/debug/libksdk_platform.a(fsl_clock_MKL25Z4.o)
 .rodata.portGateTable
                0x000039a1        0x5 /mnt/9A68FEAD68FE8773/ksdk/lib/ksdk_platform_lib/kds/KL25Z4/debug/libksdk_platform.a(fsl_clock_MKL25Z4.o)
 .rodata.__func__.6516
                0x000039a6       0x1b /mnt/9A68FEAD68FE8773/ksdk/lib/ksdk_platform_lib/kds/KL25Z4/debug/libksdk_platform.a(fsl_clock_MKL25Z4.o)
 .rodata.str1.1
                0x000039c1      0x225 /mnt/9A68FEAD68FE8773/ksdk/lib/ksdk_platform_lib/kds/KL25Z4/debug/libksdk_platform.a(fsl_clock_MKL25Z4.o)
 .rodata.__func__.6443
                0x00003be6       0x1a /mnt/9A68FEAD68FE8773/ksdk/lib/ksdk_platform_lib/kds/KL25Z4/debug/libksdk_platform.a(fsl_clock_MKL25Z4.o)
 .rodata.__func__.6545
                0x00003c00       0x12 /mnt/9A68FEAD68FE8773/ksdk/lib/ksdk_platform_lib/kds/KL25Z4/debug/libksdk_platform.a(fsl_clock_manager.o)
 .rodata.__func__.6562
                0x00003c12       0x15 /mnt/9A68FEAD68FE8773/ksdk/lib/ksdk_platform_lib/kds/KL25Z4/debug/libksdk_platform.a(fsl_clock_manager.o)
 .rodata.str1.1
                0x00003c27       0xaf /mnt/9A68FEAD68FE8773/ksdk/lib/ksdk_platform_lib/kds/KL25Z4/debug/libksdk_platform.a(fsl_clock_manager.o)
 *fill*         0x00003cd6        0x2 
 .rodata.g_oscBase
                0x00003cd8        0x4 /mnt/9A68FEAD68FE8773/ksdk/lib/ksdk_platform_lib/kds/KL25Z4/debug/libksdk_platform.a(fsl_clock_manager_common.o)
                0x00003cd8                g_oscBase
 .rodata.g_rtcBase
                0x00003cdc        0x4 /mnt/9A68FEAD68FE8773/ksdk/lib/ksdk_platform_lib/kds/KL25Z4/debug/libksdk_platform.a(fsl_rtc_common.o)
                0x00003cdc                g_rtcBase
 .rodata.fllFactorTable.5183
                0x00003ce0       0x10 /mnt/9A68FEAD68FE8773/ksdk/lib/ksdk_platform_lib/kds/KL25Z4/debug/libksdk_platform.a(fsl_mcg_hal.o)
 .rodata.g_lptmrBase
                0x00003cf0        0x4 /mnt/9A68FEAD68FE8773/ksdk/lib/ksdk_platform_lib/kds/KL25Z4/debug/libksdk_platform.a(fsl_lptmr_common.o)
                0x00003cf0                g_lptmrBase
 .rodata.g_lptmrIrqId
                0x00003cf4        0x1 /mnt/9A68FEAD68FE8773/ksdk/lib/ksdk_platform_lib/kds/KL25Z4/debug/libksdk_platform.a(fsl_lptmr_common.o)
                0x00003cf4                g_lptmrIrqId
 .rodata.str1.1
                0x00003cf5       0x3c /opt/Freescale/KDS_3.0.0/toolchain/bin/../lib/gcc/arm-none-eabi/4.8.4/../../../../arm-none-eabi/lib/armv6-m/libg_s.a(lib_a-assert.o)
                                 0x3d (size before relaxing)
 .rodata.str1.1
                0x00003d31        0x2 /opt/Freescale/KDS_3.0.0/toolchain/bin/../lib/gcc/arm-none-eabi/4.8.4/../../../../arm-none-eabi/lib/armv6-m/libg_s.a(lib_a-impure.o)
 *fill*         0x00003d33        0x1 
 .rodata._global_impure_ptr
                0x00003d34        0x4 /opt/Freescale/KDS_3.0.0/toolchain/bin/../lib/gcc/arm-none-eabi/4.8.4/../../../../arm-none-eabi/lib/armv6-m/libg_s.a(lib_a-impure.o)
                0x00003d34                _global_impure_ptr
 .rodata.str1.1
                0x00003d38       0x11 /opt/Freescale/KDS_3.0.0/toolchain/bin/../lib/gcc/arm-none-eabi/4.8.4/../../../../arm-none-eabi/lib/armv6-m/libg_s.a(lib_a-svfprintf.o)
 .rodata.str1.1
                0x00000000       0x11 /opt/Freescale/KDS_3.0.0/toolchain/bin/../lib/gcc/arm-none-eabi/4.8.4/../../../../arm-none-eabi/lib/armv6-m/libg_s.a(lib_a-vfprintf.o)
 .rodata.str1.1
                0x00003d49       0x22 /opt/Freescale/KDS_3.0.0/toolchain/bin/../lib/gcc/arm-none-eabi/4.8.4/../../../../arm-none-eabi/lib/armv6-m/libg_s.a(lib_a-vfprintf_i.o)
 *fill*         0x00003d6b        0x1 
 .rodata.__sf_fake_stdin
                0x00003d6c       0x20 /opt/Freescale/KDS_3.0.0/toolchain/bin/../lib/gcc/arm-none-eabi/4.8.4/../../../../arm-none-eabi/lib/armv6-m/libg_s.a(lib_a-findfp.o)
                0x00003d6c                __sf_fake_stdin
 .rodata.__sf_fake_stdout
                0x00003d8c       0x20 /opt/Freescale/KDS_3.0.0/toolchain/bin/../lib/gcc/arm-none-eabi/4.8.4/../../../../arm-none-eabi/lib/armv6-m/libg_s.a(lib_a-findfp.o)
                0x00003d8c                __sf_fake_stdout
 .rodata.__sf_fake_stderr
                0x00003dac       0x20 /opt/Freescale/KDS_3.0.0/toolchain/bin/../lib/gcc/arm-none-eabi/4.8.4/../../../../arm-none-eabi/lib/armv6-m/libg_s.a(lib_a-findfp.o)
                0x00003dac                __sf_fake_stderr
 *(.glue_7)
 .glue_7        0x00000000        0x0 linker stubs
 *(.glue_7t)
 .glue_7t       0x00000000        0x0 linker stubs
 *(.eh_frame)
 .eh_frame      0x00003dcc        0x0 /opt/Freescale/KDS_3.0.0/toolchain/bin/../lib/gcc/arm-none-eabi/4.8.4/armv6-m/crtbegin.o
 *(.init)
 .init          0x00003dcc        0x4 /opt/Freescale/KDS_3.0.0/toolchain/bin/../lib/gcc/arm-none-eabi/4.8.4/armv6-m/crti.o
                0x00003dcc                _init
 .init          0x00003dd0        0x8 /opt/Freescale/KDS_3.0.0/toolchain/bin/../lib/gcc/arm-none-eabi/4.8.4/armv6-m/crtn.o
 *(.fini)
 .fini          0x00003dd8        0x4 /opt/Freescale/KDS_3.0.0/toolchain/bin/../lib/gcc/arm-none-eabi/4.8.4/armv6-m/crti.o
                0x00003dd8                _fini
 .fini          0x00003ddc        0x8 /opt/Freescale/KDS_3.0.0/toolchain/bin/../lib/gcc/arm-none-eabi/4.8.4/armv6-m/crtn.o
                0x00003de4                . = ALIGN (0x4)

.vfp11_veneer   0x00003de4        0x0
 .vfp11_veneer  0x00000000        0x0 linker stubs

.v4_bx          0x00003de4        0x0
 .v4_bx         0x00000000        0x0 linker stubs

.iplt           0x00003de4        0x0
 .iplt          0x00000000        0x0 /opt/Freescale/KDS_3.0.0/toolchain/bin/../lib/gcc/arm-none-eabi/4.8.4/armv6-m/crtbegin.o

.ARM.extab
 *(.ARM.extab* .gnu.linkonce.armextab.*)

.ARM            0x00003de4        0x8
                0x00003de4                __exidx_start = .
 *(.ARM.exidx*)
 .ARM.exidx     0x00003de4        0x8 /opt/Freescale/KDS_3.0.0/toolchain/bin/../lib/gcc/arm-none-eabi/4.8.4/../../../../arm-none-eabi/lib/armv6-m/crt0.o
                0x00003dec                __exidx_end = .

.rel.dyn        0x00003dec        0x0
 .rel.iplt      0x00000000        0x0 /opt/Freescale/KDS_3.0.0/toolchain/bin/../lib/gcc/arm-none-eabi/4.8.4/armv6-m/crtbegin.o

.ctors          0x00003dec        0x0
                0x00003dec                __CTOR_LIST__ = .
 *crtbegin.o(.ctors)
 *crtbegin?.o(.ctors)
 *(EXCLUDE_FILE(*crtend.o *crtend?.o) .ctors)
 *(SORT(.ctors.*))
 *(.ctors)
                0x00003dec                __CTOR_END__ = .

.dtors          0x00003dec        0x0
                0x00003dec                __DTOR_LIST__ = .
 *crtbegin.o(.dtors)
 *crtbegin?.o(.dtors)
 *(EXCLUDE_FILE(*crtend.o *crtend?.o) .dtors)
 *(SORT(.dtors.*))
 *(.dtors)
                0x00003dec                __DTOR_END__ = .

.preinit_array  0x00003dec        0x0
                0x00003dec                PROVIDE (__preinit_array_start, .)
 *(.preinit_array*)
                0x00003dec                PROVIDE (__preinit_array_end, .)

.init_array     0x00003dec        0x4
                0x00003dec                PROVIDE (__init_array_start, .)
 *(SORT(.init_array.*))
 *(.init_array*)
 .init_array    0x00003dec        0x4 /opt/Freescale/KDS_3.0.0/toolchain/bin/../lib/gcc/arm-none-eabi/4.8.4/armv6-m/crtbegin.o
                0x00003df0                PROVIDE (__init_array_end, .)

.fini_array     0x00003df0        0x4
                0x00003df0                PROVIDE (__fini_array_start, .)
 *(SORT(.fini_array.*))
 *(.fini_array*)
 .fini_array    0x00003df0        0x4 /opt/Freescale/KDS_3.0.0/toolchain/bin/../lib/gcc/arm-none-eabi/4.8.4/armv6-m/crtbegin.o
                0x00003df4                PROVIDE (__fini_array_end, .)
                0x00003df4                __etext = .
                0x00003df4                __DATA_ROM = .

.mtb            0x1ffff000        0x0
                0x1ffff000                . = ALIGN (0x8)
                0x1ffff000                _mtb_start = .
 *(.mtb_buf)
                0x1ffff000                . = ALIGN (0x8)
                0x1ffff000                _mtb_end = .

.interrupts_ram
                0x1ffff000        0x0
                0x1ffff000                . = ALIGN (0x4)
                0x1ffff000                __VECTOR_RAM__ = .
                0x1ffff000                __interrupts_ram_start__ = .
 *(.m_interrupts_ram)
                0x1ffff000                . = (. + M_VECTOR_RAM_SIZE)
                0x1ffff000                . = ALIGN (0x4)
                0x1ffff000                __interrupts_ram_end__ = .
                0x00000000                __VECTOR_RAM = DEFINED (__ram_vector_table__)?__VECTOR_RAM__:ORIGIN (m_interrupts)
                0x00000000                __RAM_VECTOR_TABLE_SIZE_BYTES = DEFINED (__ram_vector_table__)?(__interrupts_ram_end__ - __interrupts_ram_start__):0x0

.data           0x1ffff000       0xb4 load address 0x00003df4
                0x1ffff000                . = ALIGN (0x4)
                0x1ffff000                __DATA_RAM = .
                0x1ffff000                __data_start__ = .
 *(.data)
 *(.data*)
 .data.lptmrConfig
                0x1ffff000        0x8 ./Sources/Util/tc_hal.o
                0x1ffff000                lptmrConfig
 .data.gtpLEDPORTS
                0x1ffff008       0x18 ./Sources/PhotoSensor/photosensor_hal.o
 .data.usaLEDPINS
                0x1ffff020        0xc ./Sources/PhotoSensor/photosensor_hal.o
 .data.usaCHANNELS
                0x1ffff02c        0xc ./Sources/PhotoSensor/photosensor_hal.o
 .data.fpTimer0Handler
                0x1ffff038        0x4 ./Sources/PIT/pit_hal.o
 .data.fpTimer1Handler
                0x1ffff03c        0x4 ./Sources/PIT/pit_hal.o
 .data.SystemCoreClock
                0x1ffff040        0x4 ./Project_Settings/Startup_Code/system_MKL25Z4.o
                0x1ffff040                SystemCoreClock
 .data.g_slowInternalRefClkFreq
                0x1ffff044        0x4 /mnt/9A68FEAD68FE8773/ksdk/lib/ksdk_platform_lib/kds/KL25Z4/debug/libksdk_platform.a(fsl_mcg_hal.o)
                0x1ffff044                g_slowInternalRefClkFreq
 .data.g_fastInternalRefClkFreq
                0x1ffff048        0x4 /mnt/9A68FEAD68FE8773/ksdk/lib/ksdk_platform_lib/kds/KL25Z4/debug/libksdk_platform.a(fsl_mcg_hal.o)
                0x1ffff048                g_fastInternalRefClkFreq
 .data.impure_data
                0x1ffff04c       0x60 /opt/Freescale/KDS_3.0.0/toolchain/bin/../lib/gcc/arm-none-eabi/4.8.4/../../../../arm-none-eabi/lib/armv6-m/libg_s.a(lib_a-impure.o)
 .data._impure_ptr
                0x1ffff0ac        0x4 /opt/Freescale/KDS_3.0.0/toolchain/bin/../lib/gcc/arm-none-eabi/4.8.4/../../../../arm-none-eabi/lib/armv6-m/libg_s.a(lib_a-impure.o)
                0x1ffff0ac                _impure_ptr
 *(.jcr*)
 .jcr           0x1ffff0b0        0x0 /opt/Freescale/KDS_3.0.0/toolchain/bin/../lib/gcc/arm-none-eabi/4.8.4/armv6-m/crtbegin.o
 .jcr           0x1ffff0b0        0x4 /opt/Freescale/KDS_3.0.0/toolchain/bin/../lib/gcc/arm-none-eabi/4.8.4/armv6-m/crtend.o
                0x1ffff0b4                . = ALIGN (0x4)
                0x1ffff0b4                __data_end__ = .
                0x00003ea8                __DATA_END = (__DATA_ROM + (__data_end__ - __data_start__))
                0x00020000                text_end = (ORIGIN (m_text) + 0x1fbf0)
                0x00000001                ASSERT ((__DATA_END <= text_end), region m_text overflowed with text and data)

.igot.plt       0x1ffff0b4        0x0 load address 0x00003ea8
 .igot.plt      0x00000000        0x0 /opt/Freescale/KDS_3.0.0/toolchain/bin/../lib/gcc/arm-none-eabi/4.8.4/armv6-m/crtbegin.o

.bss            0x1ffff0b4       0x60 load address 0x00003ea8
                0x1ffff0b4                . = ALIGN (0x4)
                0x1ffff0b4                __START_BSS = .
                0x1ffff0b4                __bss_start__ = .
 *(.bss)
 .bss           0x1ffff0b4       0x1c /opt/Freescale/KDS_3.0.0/toolchain/bin/../lib/gcc/arm-none-eabi/4.8.4/armv6-m/crtbegin.o
 *(.bss*)
 .bss.ui16aOFFSETS
                0x1ffff0d0        0xc ./Sources/PhotoSensor/photosensor_hal.o
 .bss.uiFlagNextPeriod
                0x1ffff0dc        0x4 ./Sources/Main/es770.o
                0x1ffff0dc                uiFlagNextPeriod
 .bss.s_debugConsole
                0x1ffff0e0       0x10 ./Sources/fsl_debug_console.o
 .bss.lptmr_state_ptrs
                0x1ffff0f0        0x4 /mnt/9A68FEAD68FE8773/ksdk/lib/ksdk_platform_lib/kds/KL25Z4/debug/libksdk_platform.a(fsl_lptmr_driver.o)
 .bss.g_xtal0ClkFreq
                0x1ffff0f4        0x4 /mnt/9A68FEAD68FE8773/ksdk/lib/ksdk_platform_lib/kds/KL25Z4/debug/libksdk_platform.a(fsl_mcg_hal.o)
                0x1ffff0f4                g_xtal0ClkFreq
 .bss.g_xtalRtcClkFreq
                0x1ffff0f8        0x4 /mnt/9A68FEAD68FE8773/ksdk/lib/ksdk_platform_lib/kds/KL25Z4/debug/libksdk_platform.a(fsl_mcg_hal.o)
                0x1ffff0f8                g_xtalRtcClkFreq
 .bss.__malloc_sbrk_start
                0x1ffff0fc        0x4 /opt/Freescale/KDS_3.0.0/toolchain/bin/../lib/gcc/arm-none-eabi/4.8.4/../../../../arm-none-eabi/lib/armv6-m/libg_s.a(lib_a-nano-mallocr.o)
                0x1ffff0fc                __malloc_sbrk_start
 .bss.__malloc_free_list
                0x1ffff100        0x4 /opt/Freescale/KDS_3.0.0/toolchain/bin/../lib/gcc/arm-none-eabi/4.8.4/../../../../arm-none-eabi/lib/armv6-m/libg_s.a(lib_a-nano-mallocr.o)
                0x1ffff100                __malloc_free_list
 .bss.heap_end.4246
                0x1ffff104        0x4 /opt/Freescale/KDS_3.0.0/toolchain/bin/../lib/gcc/arm-none-eabi/4.8.4/../../../../arm-none-eabi/lib/armv6-m/libnosys.a(sbrk.o)
 *(COMMON)
 COMMON         0x1ffff108        0x8 ./Sources/Util/tc_hal.o
                0x1ffff108                lptmrState
 COMMON         0x1ffff110        0x4 /opt/Freescale/KDS_3.0.0/toolchain/bin/../lib/gcc/arm-none-eabi/4.8.4/../../../../arm-none-eabi/lib/armv6-m/libg_s.a(lib_a-reent.o)
                0x1ffff110                errno
                0x1ffff114                . = ALIGN (0x4)
                0x1ffff114                __bss_end__ = .
                0x1ffff114                __END_BSS = .

.heap           0x1ffff114      0x404 load address 0x00003f08
                0x1ffff118                . = ALIGN (0x8)
 *fill*         0x1ffff114        0x4 
                0x1ffff118                __end__ = .
                0x1ffff118                PROVIDE (end, .)
                0x1ffff118                __HeapBase = .
                0x1ffff518                . = (. + HEAP_SIZE)
 *fill*         0x1ffff118      0x400 
                0x1ffff518                __HeapLimit = .

.stack          0x1ffff518      0x400 load address 0x0000430c
                0x1ffff518                . = ALIGN (0x8)
                0x1ffff918                . = (. + STACK_SIZE)
 *fill*         0x1ffff518      0x400 
                0x20003000                __StackTop = (ORIGIN (m_data) + 0x4000)
                0x20002c00                __StackLimit = (__StackTop - STACK_SIZE)
                0x20003000                PROVIDE (__stack, __StackTop)

.ARM.attributes
                0x00000000       0x28
 *(.ARM.attributes)
 .ARM.attributes
                0x00000000       0x1e /opt/Freescale/KDS_3.0.0/toolchain/bin/../lib/gcc/arm-none-eabi/4.8.4/armv6-m/crti.o
 .ARM.attributes
                0x0000001e       0x2c /opt/Freescale/KDS_3.0.0/toolchain/bin/../lib/gcc/arm-none-eabi/4.8.4/armv6-m/crtbegin.o
 .ARM.attributes
                0x0000004a       0x1b /opt/Freescale/KDS_3.0.0/toolchain/bin/../lib/gcc/arm-none-eabi/4.8.4/../../../../arm-none-eabi/lib/armv6-m/crt0.o
 .ARM.attributes
                0x00000065       0x32 ./Sources/Util/tc_hal.o
 .ARM.attributes
                0x00000097       0x32 ./Sources/Serial/serial_hal.o
 .ARM.attributes
                0x000000c9       0x32 ./Sources/RGBLed/rgbled_hal.o
 .ARM.attributes
                0x000000fb       0x32 ./Sources/PhotoSensor/photosensor_hal.o
 .ARM.attributes
                0x0000012d       0x32 ./Sources/PIT/pit_hal.o
 .ARM.attributes
                0x0000015f       0x32 ./Sources/Mcg/mcg_hal.o
 .ARM.attributes
                0x00000191       0x32 ./Sources/Main/es770.o
 .ARM.attributes
                0x000001c3       0x32 ./Sources/fsl_debug_console.o
 .ARM.attributes
                0x000001f5       0x32 ./Project_Settings/Startup_Code/startup.o
 .ARM.attributes
                0x00000227       0x1b ./Project_Settings/Startup_Code/startup_MKL25Z4.o
 .ARM.attributes
                0x00000242       0x32 ./Project_Settings/Startup_Code/system_MKL25Z4.o
 .ARM.attributes
                0x00000274       0x32 /mnt/9A68FEAD68FE8773/ksdk/lib/ksdk_platform_lib/kds/KL25Z4/debug/libksdk_platform.a(fsl_uart_hal.o)
 .ARM.attributes
                0x000002a6       0x32 /mnt/9A68FEAD68FE8773/ksdk/lib/ksdk_platform_lib/kds/KL25Z4/debug/libksdk_platform.a(fsl_lptmr_driver.o)
 .ARM.attributes
                0x000002d8       0x32 /mnt/9A68FEAD68FE8773/ksdk/lib/ksdk_platform_lib/kds/KL25Z4/debug/libksdk_platform.a(fsl_lpsci_hal.o)
 .ARM.attributes
                0x0000030a       0x32 /mnt/9A68FEAD68FE8773/ksdk/lib/ksdk_platform_lib/kds/KL25Z4/debug/libksdk_platform.a(fsl_clock_MKL25Z4.o)
 .ARM.attributes
                0x0000033c       0x32 /mnt/9A68FEAD68FE8773/ksdk/lib/ksdk_platform_lib/kds/KL25Z4/debug/libksdk_platform.a(fsl_clock_manager.o)
 .ARM.attributes
                0x0000036e       0x32 /mnt/9A68FEAD68FE8773/ksdk/lib/ksdk_platform_lib/kds/KL25Z4/debug/libksdk_platform.a(fsl_clock_manager_common.o)
 .ARM.attributes
                0x000003a0       0x32 /mnt/9A68FEAD68FE8773/ksdk/lib/ksdk_platform_lib/kds/KL25Z4/debug/libksdk_platform.a(fsl_sim_hal_MKL25Z4.o)
 .ARM.attributes
                0x000003d2       0x32 /mnt/9A68FEAD68FE8773/ksdk/lib/ksdk_platform_lib/kds/KL25Z4/debug/libksdk_platform.a(fsl_rtc_common.o)
 .ARM.attributes
                0x00000404       0x32 /mnt/9A68FEAD68FE8773/ksdk/lib/ksdk_platform_lib/kds/KL25Z4/debug/libksdk_platform.a(fsl_osc_hal.o)
 .ARM.attributes
                0x00000436       0x32 /mnt/9A68FEAD68FE8773/ksdk/lib/ksdk_platform_lib/kds/KL25Z4/debug/libksdk_platform.a(fsl_mcg_hal.o)
 .ARM.attributes
                0x00000468       0x32 /mnt/9A68FEAD68FE8773/ksdk/lib/ksdk_platform_lib/kds/KL25Z4/debug/libksdk_platform.a(fsl_mcg_hal_modes.o)
 .ARM.attributes
                0x0000049a       0x32 /mnt/9A68FEAD68FE8773/ksdk/lib/ksdk_platform_lib/kds/KL25Z4/debug/libksdk_platform.a(fsl_lptmr_hal.o)
 .ARM.attributes
                0x000004cc       0x32 /mnt/9A68FEAD68FE8773/ksdk/lib/ksdk_platform_lib/kds/KL25Z4/debug/libksdk_platform.a(fsl_lptmr_common.o)
 .ARM.attributes
                0x000004fe       0x1e /opt/Freescale/KDS_3.0.0/toolchain/bin/../lib/gcc/arm-none-eabi/4.8.4/armv6-m/libgcc.a(_thumb1_case_uqi.o)
 .ARM.attributes
                0x0000051c       0x1e /opt/Freescale/KDS_3.0.0/toolchain/bin/../lib/gcc/arm-none-eabi/4.8.4/armv6-m/libgcc.a(_udivsi3.o)
 .ARM.attributes
                0x0000053a       0x1e /opt/Freescale/KDS_3.0.0/toolchain/bin/../lib/gcc/arm-none-eabi/4.8.4/armv6-m/libgcc.a(_dvmd_tls.o)
 .ARM.attributes
                0x00000558       0x2c /opt/Freescale/KDS_3.0.0/toolchain/bin/../lib/gcc/arm-none-eabi/4.8.4/../../../../arm-none-eabi/lib/armv6-m/libg_s.a(lib_a-assert.o)
 .ARM.attributes
                0x00000584       0x2c /opt/Freescale/KDS_3.0.0/toolchain/bin/../lib/gcc/arm-none-eabi/4.8.4/../../../../arm-none-eabi/lib/armv6-m/libg_s.a(lib_a-exit.o)
 .ARM.attributes
                0x000005b0       0x2c /opt/Freescale/KDS_3.0.0/toolchain/bin/../lib/gcc/arm-none-eabi/4.8.4/../../../../arm-none-eabi/lib/armv6-m/libg_s.a(lib_a-fprintf.o)
 .ARM.attributes
                0x000005dc       0x2c /opt/Freescale/KDS_3.0.0/toolchain/bin/../lib/gcc/arm-none-eabi/4.8.4/../../../../arm-none-eabi/lib/armv6-m/libg_s.a(lib_a-impure.o)
 .ARM.attributes
                0x00000608       0x2c /opt/Freescale/KDS_3.0.0/toolchain/bin/../lib/gcc/arm-none-eabi/4.8.4/../../../../arm-none-eabi/lib/armv6-m/libg_s.a(lib_a-init.o)
 .ARM.attributes
                0x00000634       0x2c /opt/Freescale/KDS_3.0.0/toolchain/bin/../lib/gcc/arm-none-eabi/4.8.4/../../../../arm-none-eabi/lib/armv6-m/libg_s.a(lib_a-memcpy-stub.o)
 .ARM.attributes
                0x00000660       0x2c /opt/Freescale/KDS_3.0.0/toolchain/bin/../lib/gcc/arm-none-eabi/4.8.4/../../../../arm-none-eabi/lib/armv6-m/libg_s.a(lib_a-memset.o)
 .ARM.attributes
                0x0000068c       0x2c /opt/Freescale/KDS_3.0.0/toolchain/bin/../lib/gcc/arm-none-eabi/4.8.4/../../../../arm-none-eabi/lib/armv6-m/libg_s.a(lib_a-nano-freer.o)
 .ARM.attributes
                0x000006b8       0x2c /opt/Freescale/KDS_3.0.0/toolchain/bin/../lib/gcc/arm-none-eabi/4.8.4/../../../../arm-none-eabi/lib/armv6-m/libg_s.a(lib_a-nano-mallocr.o)
 .ARM.attributes
                0x000006e4       0x2c /opt/Freescale/KDS_3.0.0/toolchain/bin/../lib/gcc/arm-none-eabi/4.8.4/../../../../arm-none-eabi/lib/armv6-m/libg_s.a(lib_a-sbrkr.o)
 .ARM.attributes
                0x00000710       0x2c /opt/Freescale/KDS_3.0.0/toolchain/bin/../lib/gcc/arm-none-eabi/4.8.4/../../../../arm-none-eabi/lib/armv6-m/libg_s.a(lib_a-sprintf.o)
 .ARM.attributes
                0x0000073c       0x2c /opt/Freescale/KDS_3.0.0/toolchain/bin/../lib/gcc/arm-none-eabi/4.8.4/../../../../arm-none-eabi/lib/armv6-m/libg_s.a(lib_a-strlen.o)
 .ARM.attributes
                0x00000768       0x2c /opt/Freescale/KDS_3.0.0/toolchain/bin/../lib/gcc/arm-none-eabi/4.8.4/../../../../arm-none-eabi/lib/armv6-m/libg_s.a(lib_a-svfprintf.o)
 .ARM.attributes
                0x00000794       0x2c /opt/Freescale/KDS_3.0.0/toolchain/bin/../lib/gcc/arm-none-eabi/4.8.4/../../../../arm-none-eabi/lib/armv6-m/libg_s.a(lib_a-vfprintf.o)
 .ARM.attributes
                0x000007c0       0x2c /opt/Freescale/KDS_3.0.0/toolchain/bin/../lib/gcc/arm-none-eabi/4.8.4/../../../../arm-none-eabi/lib/armv6-m/libg_s.a(lib_a-vfprintf_i.o)
 .ARM.attributes
                0x000007ec       0x2c /opt/Freescale/KDS_3.0.0/toolchain/bin/../lib/gcc/arm-none-eabi/4.8.4/../../../../arm-none-eabi/lib/armv6-m/libg_s.a(lib_a-wbuf.o)
 .ARM.attributes
                0x00000818       0x2c /opt/Freescale/KDS_3.0.0/toolchain/bin/../lib/gcc/arm-none-eabi/4.8.4/../../../../arm-none-eabi/lib/armv6-m/libg_s.a(lib_a-wsetup.o)
 .ARM.attributes
                0x00000844       0x2c /opt/Freescale/KDS_3.0.0/toolchain/bin/../lib/gcc/arm-none-eabi/4.8.4/../../../../arm-none-eabi/lib/armv6-m/libg_s.a(lib_a-abort.o)
 .ARM.attributes
                0x00000870       0x2c /opt/Freescale/KDS_3.0.0/toolchain/bin/../lib/gcc/arm-none-eabi/4.8.4/../../../../arm-none-eabi/lib/armv6-m/libg_s.a(lib_a-fflush.o)
 .ARM.attributes
                0x0000089c       0x2c /opt/Freescale/KDS_3.0.0/toolchain/bin/../lib/gcc/arm-none-eabi/4.8.4/../../../../arm-none-eabi/lib/armv6-m/libg_s.a(lib_a-findfp.o)
 .ARM.attributes
                0x000008c8       0x2c /opt/Freescale/KDS_3.0.0/toolchain/bin/../lib/gcc/arm-none-eabi/4.8.4/../../../../arm-none-eabi/lib/armv6-m/libg_s.a(lib_a-makebuf.o)
 .ARM.attributes
                0x000008f4       0x2c /opt/Freescale/KDS_3.0.0/toolchain/bin/../lib/gcc/arm-none-eabi/4.8.4/../../../../arm-none-eabi/lib/armv6-m/libg_s.a(lib_a-memchr-stub.o)
 .ARM.attributes
                0x00000920       0x2c /opt/Freescale/KDS_3.0.0/toolchain/bin/../lib/gcc/arm-none-eabi/4.8.4/../../../../arm-none-eabi/lib/armv6-m/libg_s.a(lib_a-memmove.o)
 .ARM.attributes
                0x0000094c       0x2c /opt/Freescale/KDS_3.0.0/toolchain/bin/../lib/gcc/arm-none-eabi/4.8.4/../../../../arm-none-eabi/lib/armv6-m/libg_s.a(lib_a-nano-reallocr.o)
 .ARM.attributes
                0x00000978       0x2c /opt/Freescale/KDS_3.0.0/toolchain/bin/../lib/gcc/arm-none-eabi/4.8.4/../../../../arm-none-eabi/lib/armv6-m/libg_s.a(lib_a-reent.o)
 .ARM.attributes
                0x000009a4       0x2c /opt/Freescale/KDS_3.0.0/toolchain/bin/../lib/gcc/arm-none-eabi/4.8.4/../../../../arm-none-eabi/lib/armv6-m/libg_s.a(lib_a-signal.o)
 .ARM.attributes
                0x000009d0       0x2c /opt/Freescale/KDS_3.0.0/toolchain/bin/../lib/gcc/arm-none-eabi/4.8.4/../../../../arm-none-eabi/lib/armv6-m/libg_s.a(lib_a-signalr.o)
 .ARM.attributes
                0x000009fc       0x2c /opt/Freescale/KDS_3.0.0/toolchain/bin/../lib/gcc/arm-none-eabi/4.8.4/../../../../arm-none-eabi/lib/armv6-m/libg_s.a(lib_a-stdio.o)
 .ARM.attributes
                0x00000a28       0x2c /opt/Freescale/KDS_3.0.0/toolchain/bin/../lib/gcc/arm-none-eabi/4.8.4/../../../../arm-none-eabi/lib/armv6-m/libg_s.a(lib_a-writer.o)
 .ARM.attributes
                0x00000a54       0x2c /opt/Freescale/KDS_3.0.0/toolchain/bin/../lib/gcc/arm-none-eabi/4.8.4/../../../../arm-none-eabi/lib/armv6-m/libg_s.a(lib_a-closer.o)
 .ARM.attributes
                0x00000a80       0x2c /opt/Freescale/KDS_3.0.0/toolchain/bin/../lib/gcc/arm-none-eabi/4.8.4/../../../../arm-none-eabi/lib/armv6-m/libg_s.a(lib_a-fstatr.o)
 .ARM.attributes
                0x00000aac       0x2c /opt/Freescale/KDS_3.0.0/toolchain/bin/../lib/gcc/arm-none-eabi/4.8.4/../../../../arm-none-eabi/lib/armv6-m/libg_s.a(lib_a-isattyr.o)
 .ARM.attributes
                0x00000ad8       0x2c /opt/Freescale/KDS_3.0.0/toolchain/bin/../lib/gcc/arm-none-eabi/4.8.4/../../../../arm-none-eabi/lib/armv6-m/libg_s.a(lib_a-lseekr.o)
 .ARM.attributes
                0x00000b04       0x2c /opt/Freescale/KDS_3.0.0/toolchain/bin/../lib/gcc/arm-none-eabi/4.8.4/../../../../arm-none-eabi/lib/armv6-m/libg_s.a(lib_a-nano-msizer.o)
 .ARM.attributes
                0x00000b30       0x2c /opt/Freescale/KDS_3.0.0/toolchain/bin/../lib/gcc/arm-none-eabi/4.8.4/../../../../arm-none-eabi/lib/armv6-m/libg_s.a(lib_a-readr.o)
 .ARM.attributes
                0x00000b5c       0x2c /opt/Freescale/KDS_3.0.0/toolchain/bin/../lib/gcc/arm-none-eabi/4.8.4/../../../../arm-none-eabi/lib/armv6-m/libnosys.a(close.o)
 .ARM.attributes
                0x00000b88       0x2c /opt/Freescale/KDS_3.0.0/toolchain/bin/../lib/gcc/arm-none-eabi/4.8.4/../../../../arm-none-eabi/lib/armv6-m/libnosys.a(fstat.o)
 .ARM.attributes
                0x00000bb4       0x2c /opt/Freescale/KDS_3.0.0/toolchain/bin/../lib/gcc/arm-none-eabi/4.8.4/../../../../arm-none-eabi/lib/armv6-m/libnosys.a(getpid.o)
 .ARM.attributes
                0x00000be0       0x2c /opt/Freescale/KDS_3.0.0/toolchain/bin/../lib/gcc/arm-none-eabi/4.8.4/../../../../arm-none-eabi/lib/armv6-m/libnosys.a(isatty.o)
 .ARM.attributes
                0x00000c0c       0x2c /opt/Freescale/KDS_3.0.0/toolchain/bin/../lib/gcc/arm-none-eabi/4.8.4/../../../../arm-none-eabi/lib/armv6-m/libnosys.a(kill.o)
 .ARM.attributes
                0x00000c38       0x2c /opt/Freescale/KDS_3.0.0/toolchain/bin/../lib/gcc/arm-none-eabi/4.8.4/../../../../arm-none-eabi/lib/armv6-m/libnosys.a(lseek.o)
 .ARM.attributes
                0x00000c64       0x2c /opt/Freescale/KDS_3.0.0/toolchain/bin/../lib/gcc/arm-none-eabi/4.8.4/../../../../arm-none-eabi/lib/armv6-m/libnosys.a(sbrk.o)
 .ARM.attributes
                0x00000c90       0x2c /opt/Freescale/KDS_3.0.0/toolchain/bin/../lib/gcc/arm-none-eabi/4.8.4/../../../../arm-none-eabi/lib/armv6-m/libnosys.a(_exit.o)
 .ARM.attributes
                0x00000cbc       0x2c /opt/Freescale/KDS_3.0.0/toolchain/bin/../lib/gcc/arm-none-eabi/4.8.4/armv6-m/crtend.o
 .ARM.attributes
                0x00000ce8       0x1e /opt/Freescale/KDS_3.0.0/toolchain/bin/../lib/gcc/arm-none-eabi/4.8.4/armv6-m/crtn.o
                0x00000001                ASSERT ((__StackLimit >= __HeapLimit), region m_data overflowed with stack and heap)
OUTPUT(emb.elf elf32-littlearm)

.debug_info     0x00000000     0xd8e3
 .debug_info    0x00000000      0x5ec ./Sources/Util/tc_hal.o
 .debug_info    0x000005ec      0x577 ./Sources/Serial/serial_hal.o
 .debug_info    0x00000b63      0x443 ./Sources/RGBLed/rgbled_hal.o
 .debug_info    0x00000fa6      0x71d ./Sources/PhotoSensor/photosensor_hal.o
 .debug_info    0x000016c3      0x743 ./Sources/PIT/pit_hal.o
 .debug_info    0x00001e06      0x778 ./Sources/Mcg/mcg_hal.o
 .debug_info    0x0000257e      0x10c ./Sources/Main/es770.o
 .debug_info    0x0000268a      0xa71 ./Sources/fsl_debug_console.o
 .debug_info    0x000030fb      0x296 ./Project_Settings/Startup_Code/startup.o
 .debug_info    0x00003391       0x85 ./Project_Settings/Startup_Code/startup_MKL25Z4.o
 .debug_info    0x00003416      0x3f4 ./Project_Settings/Startup_Code/system_MKL25Z4.o
 .debug_info    0x0000380a      0x934 /mnt/9A68FEAD68FE8773/ksdk/lib/ksdk_platform_lib/kds/KL25Z4/debug/libksdk_platform.a(fsl_uart_hal.o)
 .debug_info    0x0000413e     0x151f /mnt/9A68FEAD68FE8773/ksdk/lib/ksdk_platform_lib/kds/KL25Z4/debug/libksdk_platform.a(fsl_lptmr_driver.o)
 .debug_info    0x0000565d      0x9e2 /mnt/9A68FEAD68FE8773/ksdk/lib/ksdk_platform_lib/kds/KL25Z4/debug/libksdk_platform.a(fsl_lpsci_hal.o)
 .debug_info    0x0000603f     0x2546 /mnt/9A68FEAD68FE8773/ksdk/lib/ksdk_platform_lib/kds/KL25Z4/debug/libksdk_platform.a(fsl_clock_MKL25Z4.o)
 .debug_info    0x00008585     0x1c57 /mnt/9A68FEAD68FE8773/ksdk/lib/ksdk_platform_lib/kds/KL25Z4/debug/libksdk_platform.a(fsl_clock_manager.o)
 .debug_info    0x0000a1dc      0x448 /mnt/9A68FEAD68FE8773/ksdk/lib/ksdk_platform_lib/kds/KL25Z4/debug/libksdk_platform.a(fsl_clock_manager_common.o)
 .debug_info    0x0000a624      0xbe0 /mnt/9A68FEAD68FE8773/ksdk/lib/ksdk_platform_lib/kds/KL25Z4/debug/libksdk_platform.a(fsl_sim_hal_MKL25Z4.o)
 .debug_info    0x0000b204      0x262 /mnt/9A68FEAD68FE8773/ksdk/lib/ksdk_platform_lib/kds/KL25Z4/debug/libksdk_platform.a(fsl_rtc_common.o)
 .debug_info    0x0000b466       0xef /mnt/9A68FEAD68FE8773/ksdk/lib/ksdk_platform_lib/kds/KL25Z4/debug/libksdk_platform.a(fsl_osc_hal.o)
 .debug_info    0x0000b555      0xd33 /mnt/9A68FEAD68FE8773/ksdk/lib/ksdk_platform_lib/kds/KL25Z4/debug/libksdk_platform.a(fsl_mcg_hal.o)
 .debug_info    0x0000c288      0xf3a /mnt/9A68FEAD68FE8773/ksdk/lib/ksdk_platform_lib/kds/KL25Z4/debug/libksdk_platform.a(fsl_mcg_hal_modes.o)
 .debug_info    0x0000d1c2      0x506 /mnt/9A68FEAD68FE8773/ksdk/lib/ksdk_platform_lib/kds/KL25Z4/debug/libksdk_platform.a(fsl_lptmr_hal.o)
 .debug_info    0x0000d6c8      0x21b /mnt/9A68FEAD68FE8773/ksdk/lib/ksdk_platform_lib/kds/KL25Z4/debug/libksdk_platform.a(fsl_lptmr_common.o)

.debug_abbrev   0x00000000     0x2b01
 .debug_abbrev  0x00000000      0x17e ./Sources/Util/tc_hal.o
 .debug_abbrev  0x0000017e      0x194 ./Sources/Serial/serial_hal.o
 .debug_abbrev  0x00000312       0xf6 ./Sources/RGBLed/rgbled_hal.o
 .debug_abbrev  0x00000408      0x1eb ./Sources/PhotoSensor/photosensor_hal.o
 .debug_abbrev  0x000005f3      0x1bc ./Sources/PIT/pit_hal.o
 .debug_abbrev  0x000007af      0x19e ./Sources/Mcg/mcg_hal.o
 .debug_abbrev  0x0000094d       0xc8 ./Sources/Main/es770.o
 .debug_abbrev  0x00000a15      0x23a ./Sources/fsl_debug_console.o
 .debug_abbrev  0x00000c4f       0xe9 ./Project_Settings/Startup_Code/startup.o
 .debug_abbrev  0x00000d38       0x14 ./Project_Settings/Startup_Code/startup_MKL25Z4.o
 .debug_abbrev  0x00000d4c      0x109 ./Project_Settings/Startup_Code/system_MKL25Z4.o
 .debug_abbrev  0x00000e55      0x27e /mnt/9A68FEAD68FE8773/ksdk/lib/ksdk_platform_lib/kds/KL25Z4/debug/libksdk_platform.a(fsl_uart_hal.o)
 .debug_abbrev  0x000010d3      0x3af /mnt/9A68FEAD68FE8773/ksdk/lib/ksdk_platform_lib/kds/KL25Z4/debug/libksdk_platform.a(fsl_lptmr_driver.o)
 .debug_abbrev  0x00001482      0x228 /mnt/9A68FEAD68FE8773/ksdk/lib/ksdk_platform_lib/kds/KL25Z4/debug/libksdk_platform.a(fsl_lpsci_hal.o)
 .debug_abbrev  0x000016aa      0x445 /mnt/9A68FEAD68FE8773/ksdk/lib/ksdk_platform_lib/kds/KL25Z4/debug/libksdk_platform.a(fsl_clock_MKL25Z4.o)
 .debug_abbrev  0x00001aef      0x3d0 /mnt/9A68FEAD68FE8773/ksdk/lib/ksdk_platform_lib/kds/KL25Z4/debug/libksdk_platform.a(fsl_clock_manager.o)
 .debug_abbrev  0x00001ebf       0xdb /mnt/9A68FEAD68FE8773/ksdk/lib/ksdk_platform_lib/kds/KL25Z4/debug/libksdk_platform.a(fsl_clock_manager_common.o)
 .debug_abbrev  0x00001f9a      0x1ac /mnt/9A68FEAD68FE8773/ksdk/lib/ksdk_platform_lib/kds/KL25Z4/debug/libksdk_platform.a(fsl_sim_hal_MKL25Z4.o)
 .debug_abbrev  0x00002146       0xae /mnt/9A68FEAD68FE8773/ksdk/lib/ksdk_platform_lib/kds/KL25Z4/debug/libksdk_platform.a(fsl_rtc_common.o)
 .debug_abbrev  0x000021f4       0xa8 /mnt/9A68FEAD68FE8773/ksdk/lib/ksdk_platform_lib/kds/KL25Z4/debug/libksdk_platform.a(fsl_osc_hal.o)
 .debug_abbrev  0x0000229c      0x314 /mnt/9A68FEAD68FE8773/ksdk/lib/ksdk_platform_lib/kds/KL25Z4/debug/libksdk_platform.a(fsl_mcg_hal.o)
 .debug_abbrev  0x000025b0      0x2f7 /mnt/9A68FEAD68FE8773/ksdk/lib/ksdk_platform_lib/kds/KL25Z4/debug/libksdk_platform.a(fsl_mcg_hal_modes.o)
 .debug_abbrev  0x000028a7      0x1ac /mnt/9A68FEAD68FE8773/ksdk/lib/ksdk_platform_lib/kds/KL25Z4/debug/libksdk_platform.a(fsl_lptmr_hal.o)
 .debug_abbrev  0x00002a53       0xae /mnt/9A68FEAD68FE8773/ksdk/lib/ksdk_platform_lib/kds/KL25Z4/debug/libksdk_platform.a(fsl_lptmr_common.o)

.debug_aranges  0x00000000      0x920
 .debug_aranges
                0x00000000       0x58 ./Sources/Util/tc_hal.o
 .debug_aranges
                0x00000058       0x40 ./Sources/Serial/serial_hal.o
 .debug_aranges
                0x00000098       0x28 ./Sources/RGBLed/rgbled_hal.o
 .debug_aranges
                0x000000c0       0x60 ./Sources/PhotoSensor/photosensor_hal.o
 .debug_aranges
                0x00000120       0x70 ./Sources/PIT/pit_hal.o
 .debug_aranges
                0x00000190       0x48 ./Sources/Mcg/mcg_hal.o
 .debug_aranges
                0x000001d8       0x30 ./Sources/Main/es770.o
 .debug_aranges
                0x00000208       0xa0 ./Sources/fsl_debug_console.o
 .debug_aranges
                0x000002a8       0x20 ./Project_Settings/Startup_Code/startup.o
 .debug_aranges
                0x000002c8       0x20 ./Project_Settings/Startup_Code/startup_MKL25Z4.o
 .debug_aranges
                0x000002e8       0x28 ./Project_Settings/Startup_Code/system_MKL25Z4.o
 .debug_aranges
                0x00000310       0xa8 /mnt/9A68FEAD68FE8773/ksdk/lib/ksdk_platform_lib/kds/KL25Z4/debug/libksdk_platform.a(fsl_uart_hal.o)
 .debug_aranges
                0x000003b8       0x70 /mnt/9A68FEAD68FE8773/ksdk/lib/ksdk_platform_lib/kds/KL25Z4/debug/libksdk_platform.a(fsl_lptmr_driver.o)
 .debug_aranges
                0x00000428       0xb0 /mnt/9A68FEAD68FE8773/ksdk/lib/ksdk_platform_lib/kds/KL25Z4/debug/libksdk_platform.a(fsl_lpsci_hal.o)
 .debug_aranges
                0x000004d8      0x198 /mnt/9A68FEAD68FE8773/ksdk/lib/ksdk_platform_lib/kds/KL25Z4/debug/libksdk_platform.a(fsl_clock_MKL25Z4.o)
 .debug_aranges
                0x00000670       0x78 /mnt/9A68FEAD68FE8773/ksdk/lib/ksdk_platform_lib/kds/KL25Z4/debug/libksdk_platform.a(fsl_clock_manager.o)
 .debug_aranges
                0x000006e8       0x18 /mnt/9A68FEAD68FE8773/ksdk/lib/ksdk_platform_lib/kds/KL25Z4/debug/libksdk_platform.a(fsl_clock_manager_common.o)
 .debug_aranges
                0x00000700       0x90 /mnt/9A68FEAD68FE8773/ksdk/lib/ksdk_platform_lib/kds/KL25Z4/debug/libksdk_platform.a(fsl_sim_hal_MKL25Z4.o)
 .debug_aranges
                0x00000790       0x18 /mnt/9A68FEAD68FE8773/ksdk/lib/ksdk_platform_lib/kds/KL25Z4/debug/libksdk_platform.a(fsl_rtc_common.o)
 .debug_aranges
                0x000007a8       0x20 /mnt/9A68FEAD68FE8773/ksdk/lib/ksdk_platform_lib/kds/KL25Z4/debug/libksdk_platform.a(fsl_osc_hal.o)
 .debug_aranges
                0x000007c8       0xa0 /mnt/9A68FEAD68FE8773/ksdk/lib/ksdk_platform_lib/kds/KL25Z4/debug/libksdk_platform.a(fsl_mcg_hal.o)
 .debug_aranges
                0x00000868       0x68 /mnt/9A68FEAD68FE8773/ksdk/lib/ksdk_platform_lib/kds/KL25Z4/debug/libksdk_platform.a(fsl_mcg_hal_modes.o)
 .debug_aranges
                0x000008d0       0x38 /mnt/9A68FEAD68FE8773/ksdk/lib/ksdk_platform_lib/kds/KL25Z4/debug/libksdk_platform.a(fsl_lptmr_hal.o)
 .debug_aranges
                0x00000908       0x18 /mnt/9A68FEAD68FE8773/ksdk/lib/ksdk_platform_lib/kds/KL25Z4/debug/libksdk_platform.a(fsl_lptmr_common.o)

.debug_ranges   0x00000000      0xa68
 .debug_ranges  0x00000000       0x48 ./Sources/Util/tc_hal.o
 .debug_ranges  0x00000048       0x30 ./Sources/Serial/serial_hal.o
 .debug_ranges  0x00000078       0x18 ./Sources/RGBLed/rgbled_hal.o
 .debug_ranges  0x00000090       0x50 ./Sources/PhotoSensor/photosensor_hal.o
 .debug_ranges  0x000000e0       0x60 ./Sources/PIT/pit_hal.o
 .debug_ranges  0x00000140       0x38 ./Sources/Mcg/mcg_hal.o
 .debug_ranges  0x00000178       0x20 ./Sources/Main/es770.o
 .debug_ranges  0x00000198       0x90 ./Sources/fsl_debug_console.o
 .debug_ranges  0x00000228       0x10 ./Project_Settings/Startup_Code/startup.o
 .debug_ranges  0x00000238       0x18 ./Project_Settings/Startup_Code/system_MKL25Z4.o
 .debug_ranges  0x00000250       0xb0 /mnt/9A68FEAD68FE8773/ksdk/lib/ksdk_platform_lib/kds/KL25Z4/debug/libksdk_platform.a(fsl_uart_hal.o)
 .debug_ranges  0x00000300       0xd8 /mnt/9A68FEAD68FE8773/ksdk/lib/ksdk_platform_lib/kds/KL25Z4/debug/libksdk_platform.a(fsl_lptmr_driver.o)
 .debug_ranges  0x000003d8       0xb8 /mnt/9A68FEAD68FE8773/ksdk/lib/ksdk_platform_lib/kds/KL25Z4/debug/libksdk_platform.a(fsl_lpsci_hal.o)
 .debug_ranges  0x00000490      0x2b8 /mnt/9A68FEAD68FE8773/ksdk/lib/ksdk_platform_lib/kds/KL25Z4/debug/libksdk_platform.a(fsl_clock_MKL25Z4.o)
 .debug_ranges  0x00000748       0xe0 /mnt/9A68FEAD68FE8773/ksdk/lib/ksdk_platform_lib/kds/KL25Z4/debug/libksdk_platform.a(fsl_clock_manager.o)
 .debug_ranges  0x00000828       0x80 /mnt/9A68FEAD68FE8773/ksdk/lib/ksdk_platform_lib/kds/KL25Z4/debug/libksdk_platform.a(fsl_sim_hal_MKL25Z4.o)
 .debug_ranges  0x000008a8       0x10 /mnt/9A68FEAD68FE8773/ksdk/lib/ksdk_platform_lib/kds/KL25Z4/debug/libksdk_platform.a(fsl_osc_hal.o)
 .debug_ranges  0x000008b8       0xc8 /mnt/9A68FEAD68FE8773/ksdk/lib/ksdk_platform_lib/kds/KL25Z4/debug/libksdk_platform.a(fsl_mcg_hal.o)
 .debug_ranges  0x00000980       0xc0 /mnt/9A68FEAD68FE8773/ksdk/lib/ksdk_platform_lib/kds/KL25Z4/debug/libksdk_platform.a(fsl_mcg_hal_modes.o)
 .debug_ranges  0x00000a40       0x28 /mnt/9A68FEAD68FE8773/ksdk/lib/ksdk_platform_lib/kds/KL25Z4/debug/libksdk_platform.a(fsl_lptmr_hal.o)

.debug_macro    0x00000000    0x13a02
 .debug_macro   0x00000000      0x23a ./Sources/Util/tc_hal.o
 .debug_macro   0x0000023a      0x808 ./Sources/Util/tc_hal.o
 .debug_macro   0x00000a42       0x58 ./Sources/Util/tc_hal.o
 .debug_macro   0x00000a9a       0x16 ./Sources/Util/tc_hal.o
 .debug_macro   0x00000ab0       0x35 ./Sources/Util/tc_hal.o
 .debug_macro   0x00000ae5       0xa3 ./Sources/Util/tc_hal.o
 .debug_macro   0x00000b88       0x16 ./Sources/Util/tc_hal.o
 .debug_macro   0x00000b9e       0x4a ./Sources/Util/tc_hal.o
 .debug_macro   0x00000be8      0x209 ./Sources/Util/tc_hal.o
 .debug_macro   0x00000df1       0x22 ./Sources/Util/tc_hal.o
 .debug_macro   0x00000e13       0x10 ./Sources/Util/tc_hal.o
 .debug_macro   0x00000e23       0x11 ./Sources/Util/tc_hal.o
 .debug_macro   0x00000e34       0x4c ./Sources/Util/tc_hal.o
 .debug_macro   0x00000e80       0x3a ./Sources/Util/tc_hal.o
 .debug_macro   0x00000eba       0x26 ./Sources/Util/tc_hal.o
 .debug_macro   0x00000ee0      0x306 ./Sources/Util/tc_hal.o
 .debug_macro   0x000011e6       0x63 ./Sources/Util/tc_hal.o
 .debug_macro   0x00001249     0x8439 ./Sources/Util/tc_hal.o
 .debug_macro   0x00009682       0x16 ./Sources/Util/tc_hal.o
 .debug_macro   0x00009698      0x10e ./Sources/Util/tc_hal.o
 .debug_macro   0x000097a6       0x7f ./Sources/Util/tc_hal.o
 .debug_macro   0x00009825       0x52 ./Sources/Util/tc_hal.o
 .debug_macro   0x00009877       0x16 ./Sources/Util/tc_hal.o
 .debug_macro   0x0000988d       0x43 ./Sources/Util/tc_hal.o
 .debug_macro   0x000098d0      0x180 ./Sources/Util/tc_hal.o
 .debug_macro   0x00009a50       0x22 ./Sources/Util/tc_hal.o
 .debug_macro   0x00009a72       0x7c ./Sources/Util/tc_hal.o
 .debug_macro   0x00009aee     0x7658 ./Sources/Util/tc_hal.o
 .debug_macro   0x00011146     0x1108 ./Sources/Util/tc_hal.o
 .debug_macro   0x0001224e       0x11 ./Sources/Util/tc_hal.o
 .debug_macro   0x0001225f       0x10 ./Sources/Util/tc_hal.o
 .debug_macro   0x0001226f      0x243 ./Sources/Serial/serial_hal.o
 .debug_macro   0x000124b2       0x10 ./Sources/Serial/serial_hal.o
 .debug_macro   0x000124c2       0x44 ./Sources/Serial/serial_hal.o
 .debug_macro   0x00012506       0x22 ./Sources/Serial/serial_hal.o
 .debug_macro   0x00012528      0x15c ./Sources/RGBLed/rgbled_hal.o
 .debug_macro   0x00012684      0x1af ./Sources/PhotoSensor/photosensor_hal.o
 .debug_macro   0x00012833       0x52 ./Sources/PhotoSensor/photosensor_hal.o
 .debug_macro   0x00012885      0x216 ./Sources/PIT/pit_hal.o
 .debug_macro   0x00012a9b      0x2c2 ./Sources/Mcg/mcg_hal.o
 .debug_macro   0x00012d5d      0x29a ./Sources/Main/es770.o
 .debug_macro   0x00012ff7      0x2c7 ./Sources/fsl_debug_console.o
 .debug_macro   0x000132be       0x58 ./Sources/fsl_debug_console.o
 .debug_macro   0x00013316       0x16 ./Sources/fsl_debug_console.o
 .debug_macro   0x0001332c       0x97 ./Sources/fsl_debug_console.o
 .debug_macro   0x000133c3       0xef ./Sources/fsl_debug_console.o
 .debug_macro   0x000134b2      0x20f ./Sources/fsl_debug_console.o
 .debug_macro   0x000136c1       0x82 ./Sources/fsl_debug_console.o
 .debug_macro   0x00013743      0x167 ./Project_Settings/Startup_Code/startup.o
 .debug_macro   0x000138aa      0x158 ./Project_Settings/Startup_Code/system_MKL25Z4.o

.debug_line     0x00000000     0x636b
 .debug_line    0x00000000      0x5ed ./Sources/Util/tc_hal.o
 .debug_line    0x000005ed      0x621 ./Sources/Serial/serial_hal.o
 .debug_line    0x00000c0e      0x389 ./Sources/RGBLed/rgbled_hal.o
 .debug_line    0x00000f97      0x4ff ./Sources/PhotoSensor/photosensor_hal.o
 .debug_line    0x00001496      0x5d6 ./Sources/PIT/pit_hal.o
 .debug_line    0x00001a6c      0x568 ./Sources/Mcg/mcg_hal.o
 .debug_line    0x00001fd4      0x677 ./Sources/Main/es770.o
 .debug_line    0x0000264b      0x801 ./Sources/fsl_debug_console.o
 .debug_line    0x00002e4c      0x35f ./Project_Settings/Startup_Code/startup.o
 .debug_line    0x000031ab       0x6c ./Project_Settings/Startup_Code/startup_MKL25Z4.o
 .debug_line    0x00003217      0x380 ./Project_Settings/Startup_Code/system_MKL25Z4.o
 .debug_line    0x00003597      0x38a /mnt/9A68FEAD68FE8773/ksdk/lib/ksdk_platform_lib/kds/KL25Z4/debug/libksdk_platform.a(fsl_uart_hal.o)
 .debug_line    0x00003921      0x5af /mnt/9A68FEAD68FE8773/ksdk/lib/ksdk_platform_lib/kds/KL25Z4/debug/libksdk_platform.a(fsl_lptmr_driver.o)
 .debug_line    0x00003ed0      0x3d7 /mnt/9A68FEAD68FE8773/ksdk/lib/ksdk_platform_lib/kds/KL25Z4/debug/libksdk_platform.a(fsl_lpsci_hal.o)
 .debug_line    0x000042a7      0x951 /mnt/9A68FEAD68FE8773/ksdk/lib/ksdk_platform_lib/kds/KL25Z4/debug/libksdk_platform.a(fsl_clock_MKL25Z4.o)
 .debug_line    0x00004bf8      0x614 /mnt/9A68FEAD68FE8773/ksdk/lib/ksdk_platform_lib/kds/KL25Z4/debug/libksdk_platform.a(fsl_clock_manager.o)
 .debug_line    0x0000520c      0x14e /mnt/9A68FEAD68FE8773/ksdk/lib/ksdk_platform_lib/kds/KL25Z4/debug/libksdk_platform.a(fsl_clock_manager_common.o)
 .debug_line    0x0000535a      0x343 /mnt/9A68FEAD68FE8773/ksdk/lib/ksdk_platform_lib/kds/KL25Z4/debug/libksdk_platform.a(fsl_sim_hal_MKL25Z4.o)
 .debug_line    0x0000569d       0xf4 /mnt/9A68FEAD68FE8773/ksdk/lib/ksdk_platform_lib/kds/KL25Z4/debug/libksdk_platform.a(fsl_rtc_common.o)
 .debug_line    0x00005791       0xfe /mnt/9A68FEAD68FE8773/ksdk/lib/ksdk_platform_lib/kds/KL25Z4/debug/libksdk_platform.a(fsl_osc_hal.o)
 .debug_line    0x0000588f      0x3e7 /mnt/9A68FEAD68FE8773/ksdk/lib/ksdk_platform_lib/kds/KL25Z4/debug/libksdk_platform.a(fsl_mcg_hal.o)
 .debug_line    0x00005c76      0x45f /mnt/9A68FEAD68FE8773/ksdk/lib/ksdk_platform_lib/kds/KL25Z4/debug/libksdk_platform.a(fsl_mcg_hal_modes.o)
 .debug_line    0x000060d5      0x19e /mnt/9A68FEAD68FE8773/ksdk/lib/ksdk_platform_lib/kds/KL25Z4/debug/libksdk_platform.a(fsl_lptmr_hal.o)
 .debug_line    0x00006273       0xf8 /mnt/9A68FEAD68FE8773/ksdk/lib/ksdk_platform_lib/kds/KL25Z4/debug/libksdk_platform.a(fsl_lptmr_common.o)

.debug_str      0x00000000    0xa46f6
 .debug_str     0x00000000    0x9bf8d ./Sources/Util/tc_hal.o
                              0x9c4f1 (size before relaxing)
 .debug_str     0x0009bf8d     0x1741 ./Sources/Serial/serial_hal.o
                              0x9d4c2 (size before relaxing)
 .debug_str     0x0009d6ce       0x80 ./Sources/RGBLed/rgbled_hal.o
                              0x96c4b (size before relaxing)
 .debug_str     0x0009d74e      0x737 ./Sources/PhotoSensor/photosensor_hal.o
                              0x9d674 (size before relaxing)
 .debug_str     0x0009de85      0x3c8 ./Sources/PIT/pit_hal.o
                              0x9d3a6 (size before relaxing)
 .debug_str     0x0009e24d      0x86f ./Sources/Mcg/mcg_hal.o
                              0x9c723 (size before relaxing)
 .debug_str     0x0009eabc     0x19bc ./Sources/Main/es770.o
                              0x9e848 (size before relaxing)
 .debug_str     0x000a0478      0xa0c ./Sources/fsl_debug_console.o
                              0x9e43f (size before relaxing)
 .debug_str     0x000a0e84      0x12f ./Project_Settings/Startup_Code/startup.o
                              0x9bc64 (size before relaxing)
 .debug_str     0x000a0fb3       0x8c ./Project_Settings/Startup_Code/system_MKL25Z4.o
                              0x9bcab (size before relaxing)
 .debug_str     0x000a103f      0x61d /mnt/9A68FEAD68FE8773/ksdk/lib/ksdk_platform_lib/kds/KL25Z4/debug/libksdk_platform.a(fsl_uart_hal.o)
                                0x919 (size before relaxing)
 .debug_str     0x000a165c      0x808 /mnt/9A68FEAD68FE8773/ksdk/lib/ksdk_platform_lib/kds/KL25Z4/debug/libksdk_platform.a(fsl_lptmr_driver.o)
                               0x1283 (size before relaxing)
 .debug_str     0x000a1e64      0x534 /mnt/9A68FEAD68FE8773/ksdk/lib/ksdk_platform_lib/kds/KL25Z4/debug/libksdk_platform.a(fsl_lpsci_hal.o)
                                0xa1f (size before relaxing)
 .debug_str     0x000a2398      0xd6d /mnt/9A68FEAD68FE8773/ksdk/lib/ksdk_platform_lib/kds/KL25Z4/debug/libksdk_platform.a(fsl_clock_MKL25Z4.o)
                               0x17aa (size before relaxing)
 .debug_str     0x000a3105      0xa09 /mnt/9A68FEAD68FE8773/ksdk/lib/ksdk_platform_lib/kds/KL25Z4/debug/libksdk_platform.a(fsl_clock_manager.o)
                               0x1798 (size before relaxing)
 .debug_str     0x000a3b0e       0x61 /mnt/9A68FEAD68FE8773/ksdk/lib/ksdk_platform_lib/kds/KL25Z4/debug/libksdk_platform.a(fsl_clock_manager_common.o)
                                0x34e (size before relaxing)
 .debug_str     0x000a3b6f      0x417 /mnt/9A68FEAD68FE8773/ksdk/lib/ksdk_platform_lib/kds/KL25Z4/debug/libksdk_platform.a(fsl_sim_hal_MKL25Z4.o)
                                0x786 (size before relaxing)
 .debug_str     0x000a3f86       0x5f /mnt/9A68FEAD68FE8773/ksdk/lib/ksdk_platform_lib/kds/KL25Z4/debug/libksdk_platform.a(fsl_rtc_common.o)
                                0x3fc (size before relaxing)
 .debug_str     0x000a3fe5       0x43 /mnt/9A68FEAD68FE8773/ksdk/lib/ksdk_platform_lib/kds/KL25Z4/debug/libksdk_platform.a(fsl_osc_hal.o)
                                0x233 (size before relaxing)
 .debug_str     0x000a4028      0x4eb /mnt/9A68FEAD68FE8773/ksdk/lib/ksdk_platform_lib/kds/KL25Z4/debug/libksdk_platform.a(fsl_mcg_hal.o)
                                0xb03 (size before relaxing)
 .debug_str     0x000a4513      0x139 /mnt/9A68FEAD68FE8773/ksdk/lib/ksdk_platform_lib/kds/KL25Z4/debug/libksdk_platform.a(fsl_mcg_hal_modes.o)
                                0xa90 (size before relaxing)
 .debug_str     0x000a464c       0x64 /mnt/9A68FEAD68FE8773/ksdk/lib/ksdk_platform_lib/kds/KL25Z4/debug/libksdk_platform.a(fsl_lptmr_hal.o)
                                0x87e (size before relaxing)
 .debug_str     0x000a46b0       0x46 /mnt/9A68FEAD68FE8773/ksdk/lib/ksdk_platform_lib/kds/KL25Z4/debug/libksdk_platform.a(fsl_lptmr_common.o)
                                0x3f4 (size before relaxing)

.comment        0x00000000       0x70
 .comment       0x00000000       0x70 ./Sources/Util/tc_hal.o
                                 0x71 (size before relaxing)
 .comment       0x00000000       0x71 ./Sources/Serial/serial_hal.o
 .comment       0x00000000       0x71 ./Sources/RGBLed/rgbled_hal.o
 .comment       0x00000000       0x71 ./Sources/PhotoSensor/photosensor_hal.o
 .comment       0x00000000       0x71 ./Sources/PIT/pit_hal.o
 .comment       0x00000000       0x71 ./Sources/Mcg/mcg_hal.o
 .comment       0x00000000       0x71 ./Sources/Main/es770.o
 .comment       0x00000000       0x71 ./Sources/fsl_debug_console.o
 .comment       0x00000000       0x71 ./Project_Settings/Startup_Code/startup.o
 .comment       0x00000000       0x71 ./Project_Settings/Startup_Code/system_MKL25Z4.o
 .comment       0x00000000       0x71 /mnt/9A68FEAD68FE8773/ksdk/lib/ksdk_platform_lib/kds/KL25Z4/debug/libksdk_platform.a(fsl_uart_hal.o)
 .comment       0x00000000       0x71 /mnt/9A68FEAD68FE8773/ksdk/lib/ksdk_platform_lib/kds/KL25Z4/debug/libksdk_platform.a(fsl_lptmr_driver.o)
 .comment       0x00000000       0x71 /mnt/9A68FEAD68FE8773/ksdk/lib/ksdk_platform_lib/kds/KL25Z4/debug/libksdk_platform.a(fsl_lpsci_hal.o)
 .comment       0x00000000       0x71 /mnt/9A68FEAD68FE8773/ksdk/lib/ksdk_platform_lib/kds/KL25Z4/debug/libksdk_platform.a(fsl_clock_MKL25Z4.o)
 .comment       0x00000000       0x71 /mnt/9A68FEAD68FE8773/ksdk/lib/ksdk_platform_lib/kds/KL25Z4/debug/libksdk_platform.a(fsl_clock_manager.o)
 .comment       0x00000000       0x71 /mnt/9A68FEAD68FE8773/ksdk/lib/ksdk_platform_lib/kds/KL25Z4/debug/libksdk_platform.a(fsl_clock_manager_common.o)
 .comment       0x00000000       0x71 /mnt/9A68FEAD68FE8773/ksdk/lib/ksdk_platform_lib/kds/KL25Z4/debug/libksdk_platform.a(fsl_sim_hal_MKL25Z4.o)
 .comment       0x00000000       0x71 /mnt/9A68FEAD68FE8773/ksdk/lib/ksdk_platform_lib/kds/KL25Z4/debug/libksdk_platform.a(fsl_rtc_common.o)
 .comment       0x00000000       0x71 /mnt/9A68FEAD68FE8773/ksdk/lib/ksdk_platform_lib/kds/KL25Z4/debug/libksdk_platform.a(fsl_osc_hal.o)
 .comment       0x00000000       0x71 /mnt/9A68FEAD68FE8773/ksdk/lib/ksdk_platform_lib/kds/KL25Z4/debug/libksdk_platform.a(fsl_mcg_hal.o)
 .comment       0x00000000       0x71 /mnt/9A68FEAD68FE8773/ksdk/lib/ksdk_platform_lib/kds/KL25Z4/debug/libksdk_platform.a(fsl_mcg_hal_modes.o)
 .comment       0x00000000       0x71 /mnt/9A68FEAD68FE8773/ksdk/lib/ksdk_platform_lib/kds/KL25Z4/debug/libksdk_platform.a(fsl_lptmr_hal.o)
 .comment       0x00000000       0x71 /mnt/9A68FEAD68FE8773/ksdk/lib/ksdk_platform_lib/kds/KL25Z4/debug/libksdk_platform.a(fsl_lptmr_common.o)

.debug_frame    0x00000000     0x2218
 .debug_frame   0x00000000      0x100 ./Sources/Util/tc_hal.o
 .debug_frame   0x00000100       0xac ./Sources/Serial/serial_hal.o
 .debug_frame   0x000001ac       0x4c ./Sources/RGBLed/rgbled_hal.o
 .debug_frame   0x000001f8      0x124 ./Sources/PhotoSensor/photosensor_hal.o
 .debug_frame   0x0000031c      0x15c ./Sources/PIT/pit_hal.o
 .debug_frame   0x00000478       0xc8 ./Sources/Mcg/mcg_hal.o
 .debug_frame   0x00000540       0x68 ./Sources/Main/es770.o
 .debug_frame   0x000005a8      0x230 ./Sources/fsl_debug_console.o
 .debug_frame   0x000007d8       0x30 ./Project_Settings/Startup_Code/startup.o
 .debug_frame   0x00000808       0x4c ./Project_Settings/Startup_Code/system_MKL25Z4.o
 .debug_frame   0x00000854      0x184 /mnt/9A68FEAD68FE8773/ksdk/lib/ksdk_platform_lib/kds/KL25Z4/debug/libksdk_platform.a(fsl_uart_hal.o)
 .debug_frame   0x000009d8      0x140 /mnt/9A68FEAD68FE8773/ksdk/lib/ksdk_platform_lib/kds/KL25Z4/debug/libksdk_platform.a(fsl_lptmr_driver.o)
 .debug_frame   0x00000b18      0x1b0 /mnt/9A68FEAD68FE8773/ksdk/lib/ksdk_platform_lib/kds/KL25Z4/debug/libksdk_platform.a(fsl_lpsci_hal.o)
 .debug_frame   0x00000cc8      0x474 /mnt/9A68FEAD68FE8773/ksdk/lib/ksdk_platform_lib/kds/KL25Z4/debug/libksdk_platform.a(fsl_clock_MKL25Z4.o)
 .debug_frame   0x0000113c      0x128 /mnt/9A68FEAD68FE8773/ksdk/lib/ksdk_platform_lib/kds/KL25Z4/debug/libksdk_platform.a(fsl_clock_manager.o)
 .debug_frame   0x00001264      0x174 /mnt/9A68FEAD68FE8773/ksdk/lib/ksdk_platform_lib/kds/KL25Z4/debug/libksdk_platform.a(fsl_sim_hal_MKL25Z4.o)
 .debug_frame   0x000013d8       0x20 /mnt/9A68FEAD68FE8773/ksdk/lib/ksdk_platform_lib/kds/KL25Z4/debug/libksdk_platform.a(fsl_osc_hal.o)
 .debug_frame   0x000013f8      0x1b4 /mnt/9A68FEAD68FE8773/ksdk/lib/ksdk_platform_lib/kds/KL25Z4/debug/libksdk_platform.a(fsl_mcg_hal.o)
 .debug_frame   0x000015ac      0x13c /mnt/9A68FEAD68FE8773/ksdk/lib/ksdk_platform_lib/kds/KL25Z4/debug/libksdk_platform.a(fsl_mcg_hal_modes.o)
 .debug_frame   0x000016e8       0x6c /mnt/9A68FEAD68FE8773/ksdk/lib/ksdk_platform_lib/kds/KL25Z4/debug/libksdk_platform.a(fsl_lptmr_hal.o)
 .debug_frame   0x00001754       0x20 /opt/Freescale/KDS_3.0.0/toolchain/bin/../lib/gcc/arm-none-eabi/4.8.4/armv6-m/libgcc.a(_udivsi3.o)
 .debug_frame   0x00001774       0x4c /opt/Freescale/KDS_3.0.0/toolchain/bin/../lib/gcc/arm-none-eabi/4.8.4/../../../../arm-none-eabi/lib/armv6-m/libg_s.a(lib_a-assert.o)
 .debug_frame   0x000017c0       0x28 /opt/Freescale/KDS_3.0.0/toolchain/bin/../lib/gcc/arm-none-eabi/4.8.4/../../../../arm-none-eabi/lib/armv6-m/libg_s.a(lib_a-exit.o)
 .debug_frame   0x000017e8       0x4c /opt/Freescale/KDS_3.0.0/toolchain/bin/../lib/gcc/arm-none-eabi/4.8.4/../../../../arm-none-eabi/lib/armv6-m/libg_s.a(lib_a-fprintf.o)
 .debug_frame   0x00001834       0x2c /opt/Freescale/KDS_3.0.0/toolchain/bin/../lib/gcc/arm-none-eabi/4.8.4/../../../../arm-none-eabi/lib/armv6-m/libg_s.a(lib_a-init.o)